  Building Custom Rule D:/Projects/Refine/Comm/Grpc/refine-grpc/third_party/boringssl-with-bazel/CMakeLists.txt
  bio_ssl.cc
  d1_both.cc
  d1_lib.cc
  d1_pkt.cc
  d1_srtp.cc
  dtls_method.cc
  dtls_record.cc
  encrypted_client_hello.cc
  extensions.cc
  handoff.cc
  handshake.cc
  handshake_client.cc
  handshake_server.cc
  s3_both.cc
  s3_lib.cc
  s3_pkt.cc
  ssl_aead_ctx.cc
  ssl_asn1.cc
  ssl_buffer.cc
  ssl_cert.cc
  コードを生成中...
  コンパイル中...
  ssl_cipher.cc
  ssl_credential.cc
  ssl_file.cc
  ssl_key_share.cc
  ssl_lib.cc
  ssl_privkey.cc
  ssl_session.cc
  ssl_stat.cc
  ssl_transcript.cc
  ssl_versions.cc
  ssl_x509.cc
  t1_enc.cc
  tls13_both.cc
  tls13_client.cc
  tls13_enc.cc
  tls13_server.cc
  tls_method.cc
  tls_record.cc
  コードを生成中...
  ssl.vcxproj -> D:\Projects\Refine\Comm\Grpc\refine-grpc\vs_proj\third_party\boringssl-with-bazel\NN_Debug\x64\ssl_d_nx.lib
