C:\Nintendo\NativeSDK22.2.5\NintendoSDK\Build\MSBuild\detail\VcUser\Spec.Generic\Platform.x64\VcProject.Package.Default.props(97,5): warning : NintendoSDK は C++ 言語標準 '' をサポートしません。 C++17 ('stdcpp17') または C++20 ('stdcpp20') を使用してください。
D:\Projects\Refine\Comm\Grpc\refine-grpc\vs_proj\ImportNintendoSdk.props(18,5): error : The required property 'NintendoSdkRoot' is not set
D:\Projects\Refine\Comm\Grpc\refine-grpc\vs_proj\third_party\boringssl-with-bazel\ImportNintendoSdk.props(18,5): error : The required property 'NintendoSdkRoot' is not set
D:\Projects\Refine\Comm\Grpc\refine-grpc\vs_proj\third_party\abseil-cpp\absl\base\ImportNintendoSdk.props(18,5): error : The required property 'NintendoSdkRoot' is not set
D:\Projects\Refine\Comm\Grpc\refine-grpc\vs_proj\third_party\abseil-cpp\absl\flags\ImportNintendoSdk.props(18,5): error : The required property 'NintendoSdkRoot' is not set
D:\Projects\Refine\Comm\Grpc\refine-grpc\vs_proj\third_party\abseil-cpp\absl\flags\ImportNintendoSdk.props(18,5): error : The required property 'NintendoSdkRoot' is not set
D:\Projects\Refine\Comm\Grpc\refine-grpc\vs_proj\third_party\abseil-cpp\absl\log\ImportNintendoSdk.props(18,5): error : The required property 'NintendoSdkRoot' is not set
D:\Projects\Refine\Comm\Grpc\refine-grpc\vs_proj\third_party\abseil-cpp\absl\profiling\ImportNintendoSdk.props(18,5): error : The required property 'NintendoSdkRoot' is not set
D:\Projects\Refine\Comm\Grpc\refine-grpc\vs_proj\third_party\re2\ImportNintendoSdk.props(18,5): error : The required property 'NintendoSdkRoot' is not set
D:\Projects\Refine\Comm\Grpc\refine-grpc\vs_proj\ImportNintendoSdk.props(18,5): error : The required property 'NintendoSdkRoot' is not set
D:\Projects\Refine\Comm\Grpc\refine-grpc\vs_proj\third_party\boringssl-with-bazel\ImportNintendoSdk.props(18,5): error : The required property 'NintendoSdkRoot' is not set
D:\Projects\Refine\Comm\Grpc\refine-grpc\vs_proj\third_party\abseil-cpp\absl\flags\ImportNintendoSdk.props(18,5): error : The required property 'NintendoSdkRoot' is not set
D:\Projects\Refine\Comm\Grpc\refine-grpc\vs_proj\ImportNintendoSdk.props(18,5): error : The required property 'NintendoSdkRoot' is not set
D:\Projects\Refine\Comm\Grpc\refine-grpc\vs_proj\third_party\protobuf\ImportNintendoSdk.props(18,5): error : The required property 'NintendoSdkRoot' is not set
D:\Projects\Refine\Comm\Grpc\refine-grpc\vs_proj\third_party\abseil-cpp\absl\strings\ImportNintendoSdk.props(18,5): error : The required property 'NintendoSdkRoot' is not set
D:\Projects\Refine\Comm\Grpc\refine-grpc\vs_proj\ImportNintendoSdk.props(18,5): error : The required property 'NintendoSdkRoot' is not set
D:\Projects\Refine\Comm\Grpc\refine-grpc\vs_proj\third_party\protobuf\ImportNintendoSdk.props(18,5): error : The required property 'NintendoSdkRoot' is not set
D:\Projects\Refine\Comm\Grpc\refine-grpc\vs_proj\ImportNintendoSdk.props(18,5): error : The required property 'NintendoSdkRoot' is not set
D:\Projects\Refine\Comm\Grpc\refine-grpc\vs_proj\third_party\protobuf\ImportNintendoSdk.props(18,5): error : The required property 'NintendoSdkRoot' is not set
D:\Projects\Refine\Comm\Grpc\refine-grpc\vs_proj\third_party\abseil-cpp\absl\debugging\ImportNintendoSdk.props(18,5): error : The required property 'NintendoSdkRoot' is not set
D:\Projects\Refine\Comm\Grpc\refine-grpc\vs_proj\ImportNintendoSdk.props(18,5): error : The required property 'NintendoSdkRoot' is not set
D:\Projects\Refine\Comm\Grpc\refine-grpc\vs_proj\third_party\abseil-cpp\absl\base\ImportNintendoSdk.props(18,5): error : The required property 'NintendoSdkRoot' is not set
D:\Projects\Refine\Comm\Grpc\refine-grpc\vs_proj\third_party\boringssl-with-bazel\ImportNintendoSdk.props(18,5): error : The required property 'NintendoSdkRoot' is not set
D:\Projects\Refine\Comm\Grpc\refine-grpc\vs_proj\ImportNintendoSdk.props(18,5): error : The required property 'NintendoSdkRoot' is not set
D:\Projects\Refine\Comm\Grpc\refine-grpc\vs_proj\third_party\boringssl-with-bazel\ImportNintendoSdk.props(18,5): error : The required property 'NintendoSdkRoot' is not set
