  low_level_alloc.cc
D:\Projects\Refine\Comm\Grpc\refine-grpc\third_party\abseil-cpp\absl\base\internal\low_level_alloc.cc(1,1): warning C4828: オフセット 0x7f9 から始まる、現在のソースの文字セット (コードページ 65001) では使用できない文字がファイルに含まれています。
D:\Projects\Refine\Comm\Grpc\refine-grpc\third_party\abseil-cpp\absl\base\internal\low_level_alloc.cc(1,1): warning C4828: オフセット 0x7fb から始まる、現在のソースの文字セット (コードページ 65001) では使用できない文字がファイルに含まれています。
D:\Projects\Refine\Comm\Grpc\refine-grpc\third_party\abseil-cpp\absl\base\internal\low_level_alloc.cc(1,1): warning C4828: オフセット 0x7fd から始まる、現在のソースの文字セット (コードページ 65001) では使用できない文字がファイルに含まれています。
D:\Projects\Refine\Comm\Grpc\refine-grpc\third_party\abseil-cpp\absl\base\internal\low_level_alloc.cc(1,1): warning C4828: オフセット 0x7ff から始まる、現在のソースの文字セット (コードページ 65001) では使用できない文字がファイルに含まれています。
D:\Projects\Refine\Comm\Grpc\refine-grpc\third_party\abseil-cpp\absl\base\internal\low_level_alloc.cc(1,1): warning C4828: オフセット 0x800 から始まる、現在のソースの文字セット (コードページ 65001) では使用できない文字がファイルに含まれています。
D:\Projects\Refine\Comm\Grpc\refine-grpc\third_party\abseil-cpp\absl\base\internal\low_level_alloc.cc(1,1): warning C4828: オフセット 0x801 から始まる、現在のソースの文字セット (コードページ 65001) では使用できない文字がファイルに含まれています。
D:\Projects\Refine\Comm\Grpc\refine-grpc\third_party\abseil-cpp\absl\base\internal\low_level_alloc.cc(1,1): warning C4828: オフセット 0x803 から始まる、現在のソースの文字セット (コードページ 65001) では使用できない文字がファイルに含まれています。
D:\Projects\Refine\Comm\Grpc\refine-grpc\third_party\abseil-cpp\absl\base\internal\low_level_alloc.cc(1,1): warning C4828: オフセット 0x805 から始まる、現在のソースの文字セット (コードページ 65001) では使用できない文字がファイルに含まれています。
D:\Projects\Refine\Comm\Grpc\refine-grpc\third_party\abseil-cpp\absl\base\internal\low_level_alloc.cc(1,1): warning C4828: オフセット 0x807 から始まる、現在のソースの文字セット (コードページ 65001) では使用できない文字がファイルに含まれています。
D:\Projects\Refine\Comm\Grpc\refine-grpc\third_party\abseil-cpp\absl\base\internal\low_level_alloc.cc(1,1): warning C4828: オフセット 0x808 から始まる、現在のソースの文字セット (コードページ 65001) では使用できない文字がファイルに含まれています。
D:\Projects\Refine\Comm\Grpc\refine-grpc\third_party\abseil-cpp\absl\base\internal\low_level_alloc.cc(1,1): warning C4828: オフセット 0x809 から始まる、現在のソースの文字セット (コードページ 65001) では使用できない文字がファイルに含まれています。
D:\Projects\Refine\Comm\Grpc\refine-grpc\third_party\abseil-cpp\absl\base\internal\low_level_alloc.cc(1,1): warning C4828: オフセット 0x80b から始まる、現在のソースの文字セット (コードページ 65001) では使用できない文字がファイルに含まれています。
D:\Projects\Refine\Comm\Grpc\refine-grpc\third_party\abseil-cpp\absl\base\internal\low_level_alloc.cc(1,1): warning C4828: オフセット 0x80c から始まる、現在のソースの文字セット (コードページ 65001) では使用できない文字がファイルに含まれています。
D:\Projects\Refine\Comm\Grpc\refine-grpc\third_party\abseil-cpp\absl\base\internal\low_level_alloc.cc(1,1): warning C4828: オフセット 0x80d から始まる、現在のソースの文字セット (コードページ 65001) では使用できない文字がファイルに含まれています。
D:\Projects\Refine\Comm\Grpc\refine-grpc\third_party\abseil-cpp\absl\base\internal\low_level_alloc.cc(1,1): warning C4828: オフセット 0x80f から始まる、現在のソースの文字セット (コードページ 65001) では使用できない文字がファイルに含まれています。
D:\Projects\Refine\Comm\Grpc\refine-grpc\third_party\abseil-cpp\absl\base\internal\low_level_alloc.cc(1,1): warning C4828: オフセット 0x811 から始まる、現在のソースの文字セット (コードページ 65001) では使用できない文字がファイルに含まれています。
D:\Projects\Refine\Comm\Grpc\refine-grpc\third_party\abseil-cpp\absl\base\internal\low_level_alloc.cc(1,1): warning C4828: オフセット 0x817 から始まる、現在のソースの文字セット (コードページ 65001) では使用できない文字がファイルに含まれています。
D:\Projects\Refine\Comm\Grpc\refine-grpc\third_party\abseil-cpp\absl\base\internal\low_level_alloc.cc(1,1): warning C4828: オフセット 0x81b から始まる、現在のソースの文字セット (コードページ 65001) では使用できない文字がファイルに含まれています。
D:\Projects\Refine\Comm\Grpc\refine-grpc\third_party\abseil-cpp\absl\base\internal\low_level_alloc.cc(1,1): warning C4828: オフセット 0x81c から始まる、現在のソースの文字セット (コードページ 65001) では使用できない文字がファイルに含まれています。
D:\Projects\Refine\Comm\Grpc\refine-grpc\third_party\abseil-cpp\absl\base\internal\low_level_alloc.cc(1,1): warning C4828: オフセット 0x81d から始まる、現在のソースの文字セット (コードページ 65001) では使用できない文字がファイルに含まれています。
D:\Projects\Refine\Comm\Grpc\refine-grpc\third_party\abseil-cpp\absl\base\internal\low_level_alloc.cc(1,1): warning C4828: オフセット 0x81f から始まる、現在のソースの文字セット (コードページ 65001) では使用できない文字がファイルに含まれています。
D:\Projects\Refine\Comm\Grpc\refine-grpc\third_party\abseil-cpp\absl\base\internal\low_level_alloc.cc(1,1): warning C4828: オフセット 0x820 から始まる、現在のソースの文字セット (コードページ 65001) では使用できない文字がファイルに含まれています。
D:\Projects\Refine\Comm\Grpc\refine-grpc\third_party\abseil-cpp\absl\base\internal\low_level_alloc.cc(1,1): warning C4828: オフセット 0x821 から始まる、現在のソースの文字セット (コードページ 65001) では使用できない文字がファイルに含まれています。
D:\Projects\Refine\Comm\Grpc\refine-grpc\third_party\abseil-cpp\absl\base\internal\low_level_alloc.cc(1,1): warning C4828: オフセット 0x822 から始まる、現在のソースの文字セット (コードページ 65001) では使用できない文字がファイルに含まれています。
D:\Projects\Refine\Comm\Grpc\refine-grpc\third_party\abseil-cpp\absl\base\internal\low_level_alloc.cc(1,1): warning C4828: オフセット 0x8bb から始まる、現在のソースの文字セット (コードページ 65001) では使用できない文字がファイルに含まれています。
D:\Projects\Refine\Comm\Grpc\refine-grpc\third_party\abseil-cpp\absl\base\internal\low_level_alloc.cc(1,1): warning C4828: オフセット 0x8bd から始まる、現在のソースの文字セット (コードページ 65001) では使用できない文字がファイルに含まれています。
D:\Projects\Refine\Comm\Grpc\refine-grpc\third_party\abseil-cpp\absl\base\internal\low_level_alloc.cc(1,1): warning C4828: オフセット 0x8be から始まる、現在のソースの文字セット (コードページ 65001) では使用できない文字がファイルに含まれています。
D:\Projects\Refine\Comm\Grpc\refine-grpc\third_party\abseil-cpp\absl\base\internal\low_level_alloc.cc(1,1): warning C4828: オフセット 0x8bf から始まる、現在のソースの文字セット (コードページ 65001) では使用できない文字がファイルに含まれています。
D:\Projects\Refine\Comm\Grpc\refine-grpc\third_party\abseil-cpp\absl\base\internal\low_level_alloc.cc(1,1): warning C4828: オフセット 0x8c1 から始まる、現在のソースの文字セット (コードページ 65001) では使用できない文字がファイルに含まれています。
D:\Projects\Refine\Comm\Grpc\refine-grpc\third_party\abseil-cpp\absl\base\internal\low_level_alloc.cc(1,1): warning C4828: オフセット 0x8c2 から始まる、現在のソースの文字セット (コードページ 65001) では使用できない文字がファイルに含まれています。
D:\Projects\Refine\Comm\Grpc\refine-grpc\third_party\abseil-cpp\absl\base\internal\low_level_alloc.cc(1,1): warning C4828: オフセット 0x8c3 から始まる、現在のソースの文字セット (コードページ 65001) では使用できない文字がファイルに含まれています。
D:\Projects\Refine\Comm\Grpc\refine-grpc\third_party\abseil-cpp\absl\base\internal\low_level_alloc.cc(1,1): warning C4828: オフセット 0x8c4 から始まる、現在のソースの文字セット (コードページ 65001) では使用できない文字がファイルに含まれています。
D:\Projects\Refine\Comm\Grpc\refine-grpc\third_party\abseil-cpp\absl\base\internal\low_level_alloc.cc(1,1): warning C4828: オフセット 0x8c5 から始まる、現在のソースの文字セット (コードページ 65001) では使用できない文字がファイルに含まれています。
D:\Projects\Refine\Comm\Grpc\refine-grpc\third_party\abseil-cpp\absl\base\internal\low_level_alloc.cc(1,1): warning C4828: オフセット 0x8c7 から始まる、現在のソースの文字セット (コードページ 65001) では使用できない文字がファイルに含まれています。
D:\Projects\Refine\Comm\Grpc\refine-grpc\third_party\abseil-cpp\absl\base\internal\low_level_alloc.cc(1,1): warning C4828: オフセット 0x8c8 から始まる、現在のソースの文字セット (コードページ 65001) では使用できない文字がファイルに含まれています。
D:\Projects\Refine\Comm\Grpc\refine-grpc\third_party\abseil-cpp\absl\base\internal\low_level_alloc.cc(1,1): warning C4828: オフセット 0x8ce から始まる、現在のソースの文字セット (コードページ 65001) では使用できない文字がファイルに含まれています。
D:\Projects\Refine\Comm\Grpc\refine-grpc\third_party\abseil-cpp\absl\base\internal\low_level_alloc.cc(1,1): warning C4828: オフセット 0x8cf から始まる、現在のソースの文字セット (コードページ 65001) では使用できない文字がファイルに含まれています。
D:\Projects\Refine\Comm\Grpc\refine-grpc\third_party\abseil-cpp\absl\base\internal\low_level_alloc.cc(1,1): warning C4828: オフセット 0x8d0 から始まる、現在のソースの文字セット (コードページ 65001) では使用できない文字がファイルに含まれています。
D:\Projects\Refine\Comm\Grpc\refine-grpc\third_party\abseil-cpp\absl\base\internal\low_level_alloc.cc(1,1): warning C4828: オフセット 0x8d2 から始まる、現在のソースの文字セット (コードページ 65001) では使用できない文字がファイルに含まれています。
D:\Projects\Refine\Comm\Grpc\refine-grpc\third_party\abseil-cpp\absl\base\internal\low_level_alloc.cc(1,1): warning C4828: オフセット 0x8d6 から始まる、現在のソースの文字セット (コードページ 65001) では使用できない文字がファイルに含まれています。
D:\Projects\Refine\Comm\Grpc\refine-grpc\third_party\abseil-cpp\absl\base\internal\low_level_alloc.cc(1,1): warning C4828: オフセット 0x8d7 から始まる、現在のソースの文字セット (コードページ 65001) では使用できない文字がファイルに含まれています。
D:\Projects\Refine\Comm\Grpc\refine-grpc\third_party\abseil-cpp\absl\base\internal\low_level_alloc.cc(1,1): warning C4828: オフセット 0x8d8 から始まる、現在のソースの文字セット (コードページ 65001) では使用できない文字がファイルに含まれています。
D:\Projects\Refine\Comm\Grpc\refine-grpc\third_party\abseil-cpp\absl\base\internal\low_level_alloc.cc(1,1): warning C4828: オフセット 0x8da から始まる、現在のソースの文字セット (コードページ 65001) では使用できない文字がファイルに含まれています。
D:\Projects\Refine\Comm\Grpc\refine-grpc\third_party\abseil-cpp\absl\base\internal\low_level_alloc.cc(1,1): warning C4828: オフセット 0x8db から始まる、現在のソースの文字セット (コードページ 65001) では使用できない文字がファイルに含まれています。
D:\Projects\Refine\Comm\Grpc\refine-grpc\third_party\abseil-cpp\absl\base\internal\low_level_alloc.cc(1,1): warning C4828: オフセット 0x8dc から始まる、現在のソースの文字セット (コードページ 65001) では使用できない文字がファイルに含まれています。
D:\Projects\Refine\Comm\Grpc\refine-grpc\third_party\abseil-cpp\absl\base\internal\low_level_alloc.cc(1,1): warning C4828: オフセット 0x8dd から始まる、現在のソースの文字セット (コードページ 65001) では使用できない文字がファイルに含まれています。
D:\Projects\Refine\Comm\Grpc\refine-grpc\third_party\abseil-cpp\absl\base\internal\low_level_alloc.cc(1,1): warning C4828: オフセット 0x8de から始まる、現在のソースの文字セット (コードページ 65001) では使用できない文字がファイルに含まれています。
D:\Projects\Refine\Comm\Grpc\refine-grpc\third_party\abseil-cpp\absl\base\internal\low_level_alloc.cc(1,1): warning C4828: オフセット 0x8df から始まる、現在のソースの文字セット (コードページ 65001) では使用できない文字がファイルに含まれています。
D:\Projects\Refine\Comm\Grpc\refine-grpc\third_party\abseil-cpp\absl\base\internal\low_level_alloc.cc(1,1): warning C4828: オフセット 0x8e0 から始まる、現在のソースの文字セット (コードページ 65001) では使用できない文字がファイルに含まれています。
D:\Projects\Refine\Comm\Grpc\refine-grpc\third_party\abseil-cpp\absl\base\internal\low_level_alloc.cc(1,1): warning C4828: オフセット 0x8e2 から始まる、現在のソースの文字セット (コードページ 65001) では使用できない文字がファイルに含まれています。
D:\Projects\Refine\Comm\Grpc\refine-grpc\third_party\abseil-cpp\absl\base\internal\low_level_alloc.cc(1,1): warning C4828: オフセット 0x8e3 から始まる、現在のソースの文字セット (コードページ 65001) では使用できない文字がファイルに含まれています。
D:\Projects\Refine\Comm\Grpc\refine-grpc\third_party\abseil-cpp\absl\base\internal\low_level_alloc.cc(1,1): warning C4828: オフセット 0x8e4 から始まる、現在のソースの文字セット (コードページ 65001) では使用できない文字がファイルに含まれています。
D:\Projects\Refine\Comm\Grpc\refine-grpc\third_party\abseil-cpp\absl\base\internal\low_level_alloc.cc(1,1): warning C4828: オフセット 0x8e5 から始まる、現在のソースの文字セット (コードページ 65001) では使用できない文字がファイルに含まれています。
D:\Projects\Refine\Comm\Grpc\refine-grpc\third_party\abseil-cpp\absl\base\internal\low_level_alloc.cc(1,1): warning C4828: オフセット 0x94e から始まる、現在のソースの文字セット (コードページ 65001) では使用できない文字がファイルに含まれています。
D:\Projects\Refine\Comm\Grpc\refine-grpc\third_party\abseil-cpp\absl\base\internal\low_level_alloc.cc(1,1): warning C4828: オフセット 0x951 から始まる、現在のソースの文字セット (コードページ 65001) では使用できない文字がファイルに含まれています。
D:\Projects\Refine\Comm\Grpc\refine-grpc\third_party\abseil-cpp\absl\base\internal\low_level_alloc.cc(1,1): warning C4828: オフセット 0x952 から始まる、現在のソースの文字セット (コードページ 65001) では使用できない文字がファイルに含まれています。
D:\Projects\Refine\Comm\Grpc\refine-grpc\third_party\abseil-cpp\absl\base\internal\low_level_alloc.cc(1,1): warning C4828: オフセット 0x954 から始まる、現在のソースの文字セット (コードページ 65001) では使用できない文字がファイルに含まれています。
D:\Projects\Refine\Comm\Grpc\refine-grpc\third_party\abseil-cpp\absl\base\internal\low_level_alloc.cc(1,1): warning C4828: オフセット 0x955 から始まる、現在のソースの文字セット (コードページ 65001) では使用できない文字がファイルに含まれています。
D:\Projects\Refine\Comm\Grpc\refine-grpc\third_party\abseil-cpp\absl\base\internal\low_level_alloc.cc(1,1): warning C4828: オフセット 0x956 から始まる、現在のソースの文字セット (コードページ 65001) では使用できない文字がファイルに含まれています。
D:\Projects\Refine\Comm\Grpc\refine-grpc\third_party\abseil-cpp\absl\base\internal\low_level_alloc.cc(1,1): warning C4828: オフセット 0x957 から始まる、現在のソースの文字セット (コードページ 65001) では使用できない文字がファイルに含まれています。
D:\Projects\Refine\Comm\Grpc\refine-grpc\third_party\abseil-cpp\absl\base\internal\low_level_alloc.cc(1,1): warning C4828: オフセット 0x958 から始まる、現在のソースの文字セット (コードページ 65001) では使用できない文字がファイルに含まれています。
D:\Projects\Refine\Comm\Grpc\refine-grpc\third_party\abseil-cpp\absl\base\internal\low_level_alloc.cc(1,1): warning C4828: オフセット 0x959 から始まる、現在のソースの文字セット (コードページ 65001) では使用できない文字がファイルに含まれています。
D:\Projects\Refine\Comm\Grpc\refine-grpc\third_party\abseil-cpp\absl\base\internal\low_level_alloc.cc(1,1): warning C4828: オフセット 0x95a から始まる、現在のソースの文字セット (コードページ 65001) では使用できない文字がファイルに含まれています。
D:\Projects\Refine\Comm\Grpc\refine-grpc\third_party\abseil-cpp\absl\base\internal\low_level_alloc.cc(1,1): warning C4828: オフセット 0x960 から始まる、現在のソースの文字セット (コードページ 65001) では使用できない文字がファイルに含まれています。
D:\Projects\Refine\Comm\Grpc\refine-grpc\third_party\abseil-cpp\absl\base\internal\low_level_alloc.cc(1,1): warning C4828: オフセット 0x964 から始まる、現在のソースの文字セット (コードページ 65001) では使用できない文字がファイルに含まれています。
D:\Projects\Refine\Comm\Grpc\refine-grpc\third_party\abseil-cpp\absl\base\internal\low_level_alloc.cc(1,1): warning C4828: オフセット 0x965 から始まる、現在のソースの文字セット (コードページ 65001) では使用できない文字がファイルに含まれています。
D:\Projects\Refine\Comm\Grpc\refine-grpc\third_party\abseil-cpp\absl\base\internal\low_level_alloc.cc(1,1): warning C4828: オフセット 0x966 から始まる、現在のソースの文字セット (コードページ 65001) では使用できない文字がファイルに含まれています。
D:\Projects\Refine\Comm\Grpc\refine-grpc\third_party\abseil-cpp\absl\base\internal\low_level_alloc.cc(1,1): warning C4828: オフセット 0x967 から始まる、現在のソースの文字セット (コードページ 65001) では使用できない文字がファイルに含まれています。
D:\Projects\Refine\Comm\Grpc\refine-grpc\third_party\abseil-cpp\absl\base\internal\low_level_alloc.cc(1,1): warning C4828: オフセット 0x968 から始まる、現在のソースの文字セット (コードページ 65001) では使用できない文字がファイルに含まれています。
D:\Projects\Refine\Comm\Grpc\refine-grpc\third_party\abseil-cpp\absl\base\internal\low_level_alloc.cc(1,1): warning C4828: オフセット 0x96a から始まる、現在のソースの文字セット (コードページ 65001) では使用できない文字がファイルに含まれています。
D:\Projects\Refine\Comm\Grpc\refine-grpc\third_party\abseil-cpp\absl\base\internal\low_level_alloc.cc(1,1): warning C4828: オフセット 0x96b から始まる、現在のソースの文字セット (コードページ 65001) では使用できない文字がファイルに含まれています。
D:\Projects\Refine\Comm\Grpc\refine-grpc\third_party\abseil-cpp\absl\base\internal\low_level_alloc.cc(1,1): warning C4828: オフセット 0x96c から始まる、現在のソースの文字セット (コードページ 65001) では使用できない文字がファイルに含まれています。
D:\Projects\Refine\Comm\Grpc\refine-grpc\third_party\abseil-cpp\absl\base\internal\low_level_alloc.cc(1,1): warning C4828: オフセット 0x96e から始まる、現在のソースの文字セット (コードページ 65001) では使用できない文字がファイルに含まれています。
D:\Projects\Refine\Comm\Grpc\refine-grpc\third_party\abseil-cpp\absl\base\internal\low_level_alloc.cc(1,1): warning C4828: オフセット 0x970 から始まる、現在のソースの文字セット (コードページ 65001) では使用できない文字がファイルに含まれています。
D:\Projects\Refine\Comm\Grpc\refine-grpc\third_party\abseil-cpp\absl\base\internal\low_level_alloc.cc(1,1): warning C4828: オフセット 0x971 から始まる、現在のソースの文字セット (コードページ 65001) では使用できない文字がファイルに含まれています。
D:\Projects\Refine\Comm\Grpc\refine-grpc\third_party\abseil-cpp\absl\base\internal\low_level_alloc.cc(1,1): warning C4828: オフセット 0x975 から始まる、現在のソースの文字セット (コードページ 65001) では使用できない文字がファイルに含まれています。
D:\Projects\Refine\Comm\Grpc\refine-grpc\third_party\abseil-cpp\absl\base\internal\low_level_alloc.cc(1,1): warning C4828: オフセット 0x97e から始まる、現在のソースの文字セット (コードページ 65001) では使用できない文字がファイルに含まれています。
D:\Projects\Refine\Comm\Grpc\refine-grpc\third_party\abseil-cpp\absl\base\internal\low_level_alloc.cc(1,1): warning C4828: オフセット 0x97f から始まる、現在のソースの文字セット (コードページ 65001) では使用できない文字がファイルに含まれています。
D:\Projects\Refine\Comm\Grpc\refine-grpc\third_party\abseil-cpp\absl\base\internal\low_level_alloc.cc(1,1): warning C4828: オフセット 0x988 から始まる、現在のソースの文字セット (コードページ 65001) では使用できない文字がファイルに含まれています。
D:\Projects\Refine\Comm\Grpc\refine-grpc\third_party\abseil-cpp\absl\base\internal\low_level_alloc.cc(1,1): warning C4828: オフセット 0x98c から始まる、現在のソースの文字セット (コードページ 65001) では使用できない文字がファイルに含まれています。
D:\Projects\Refine\Comm\Grpc\refine-grpc\third_party\abseil-cpp\absl\base\internal\low_level_alloc.cc(1,1): warning C4828: オフセット 0x98e から始まる、現在のソースの文字セット (コードページ 65001) では使用できない文字がファイルに含まれています。
D:\Projects\Refine\Comm\Grpc\refine-grpc\third_party\abseil-cpp\absl\base\internal\low_level_alloc.cc(1,1): warning C4828: オフセット 0x990 から始まる、現在のソースの文字セット (コードページ 65001) では使用できない文字がファイルに含まれています。
D:\Projects\Refine\Comm\Grpc\refine-grpc\third_party\abseil-cpp\absl\base\internal\low_level_alloc.cc(1,1): warning C4828: オフセット 0x991 から始まる、現在のソースの文字セット (コードページ 65001) では使用できない文字がファイルに含まれています。
D:\Projects\Refine\Comm\Grpc\refine-grpc\third_party\abseil-cpp\absl\base\internal\low_level_alloc.cc(1,1): warning C4828: オフセット 0x992 から始まる、現在のソースの文字セット (コードページ 65001) では使用できない文字がファイルに含まれています。
D:\Projects\Refine\Comm\Grpc\refine-grpc\third_party\abseil-cpp\absl\base\internal\low_level_alloc.cc(1,1): warning C4828: オフセット 0x993 から始まる、現在のソースの文字セット (コードページ 65001) では使用できない文字がファイルに含まれています。
D:\Projects\Refine\Comm\Grpc\refine-grpc\third_party\abseil-cpp\absl\base\internal\low_level_alloc.cc(1,1): warning C4828: オフセット 0x994 から始まる、現在のソースの文字セット (コードページ 65001) では使用できない文字がファイルに含まれています。
D:\Projects\Refine\Comm\Grpc\refine-grpc\third_party\abseil-cpp\absl\base\internal\low_level_alloc.cc(1,1): warning C4828: オフセット 0x998 から始まる、現在のソースの文字セット (コードページ 65001) では使用できない文字がファイルに含まれています。
D:\Projects\Refine\Comm\Grpc\refine-grpc\third_party\abseil-cpp\absl\base\internal\low_level_alloc.cc(1,1): warning C4828: オフセット 0x999 から始まる、現在のソースの文字セット (コードページ 65001) では使用できない文字がファイルに含まれています。
D:\Projects\Refine\Comm\Grpc\refine-grpc\third_party\abseil-cpp\absl\base\internal\low_level_alloc.cc(1,1): warning C4828: オフセット 0x99a から始まる、現在のソースの文字セット (コードページ 65001) では使用できない文字がファイルに含まれています。
D:\Projects\Refine\Comm\Grpc\refine-grpc\third_party\abseil-cpp\absl\base\internal\low_level_alloc.cc(1,1): warning C4828: オフセット 0x99b から始まる、現在のソースの文字セット (コードページ 65001) では使用できない文字がファイルに含まれています。
D:\Projects\Refine\Comm\Grpc\refine-grpc\third_party\abseil-cpp\absl\base\internal\low_level_alloc.cc(1,1): warning C4828: オフセット 0x99c から始まる、現在のソースの文字セット (コードページ 65001) では使用できない文字がファイルに含まれています。
D:\Projects\Refine\Comm\Grpc\refine-grpc\third_party\abseil-cpp\absl\base\internal\low_level_alloc.cc(1,1): warning C4828: オフセット 0x99f から始まる、現在のソースの文字セット (コードページ 65001) では使用できない文字がファイルに含まれています。
D:\Projects\Refine\Comm\Grpc\refine-grpc\third_party\abseil-cpp\absl\base\internal\low_level_alloc.cc(1,1): warning C4828: オフセット 0x9a0 から始まる、現在のソースの文字セット (コードページ 65001) では使用できない文字がファイルに含まれています。
D:\Projects\Refine\Comm\Grpc\refine-grpc\third_party\abseil-cpp\absl\base\internal\low_level_alloc.cc(1,1): warning C4828: オフセット 0x9a1 から始まる、現在のソースの文字セット (コードページ 65001) では使用できない文字がファイルに含まれています。
D:\Projects\Refine\Comm\Grpc\refine-grpc\third_party\abseil-cpp\absl\base\internal\low_level_alloc.cc(1,1): warning C4828: オフセット 0x9a2 から始まる、現在のソースの文字セット (コードページ 65001) では使用できない文字がファイルに含まれています。
D:\Projects\Refine\Comm\Grpc\refine-grpc\third_party\abseil-cpp\absl\base\internal\low_level_alloc.cc(1,1): warning C4828: オフセット 0x9a4 から始まる、現在のソースの文字セット (コードページ 65001) では使用できない文字がファイルに含まれています。
D:\Projects\Refine\Comm\Grpc\refine-grpc\third_party\abseil-cpp\absl\base\internal\low_level_alloc.cc(1,1): warning C4828: オフセット 0x9a7 から始まる、現在のソースの文字セット (コードページ 65001) では使用できない文字がファイルに含まれています。
D:\Projects\Refine\Comm\Grpc\refine-grpc\third_party\abseil-cpp\absl\base\internal\low_level_alloc.cc(1,1): warning C4828: オフセット 0x9a8 から始まる、現在のソースの文字セット (コードページ 65001) では使用できない文字がファイルに含まれています。
D:\Projects\Refine\Comm\Grpc\refine-grpc\third_party\abseil-cpp\absl\base\internal\low_level_alloc.cc(1,1): warning C4828: オフセット 0x9ac から始まる、現在のソースの文字セット (コードページ 65001) では使用できない文字がファイルに含まれています。
D:\Projects\Refine\Comm\Grpc\refine-grpc\third_party\abseil-cpp\absl\base\internal\low_level_alloc.cc(1,1): warning C4828: オフセット 0x9af から始まる、現在のソースの文字セット (コードページ 65001) では使用できない文字がファイルに含まれています。
D:\Projects\Refine\Comm\Grpc\refine-grpc\third_party\abseil-cpp\absl\base\internal\low_level_alloc.cc(1,1): warning C4828: オフセット 0x9b0 から始まる、現在のソースの文字セット (コードページ 65001) では使用できない文字がファイルに含まれています。
D:\Projects\Refine\Comm\Grpc\refine-grpc\third_party\abseil-cpp\absl\base\internal\low_level_alloc.cc(1,1): warning C4828: オフセット 0x9b1 から始まる、現在のソースの文字セット (コードページ 65001) では使用できない文字がファイルに含まれています。
D:\Projects\Refine\Comm\Grpc\refine-grpc\third_party\abseil-cpp\absl\base\internal\low_level_alloc.cc(1,1): warning C4828: オフセット 0x9b2 から始まる、現在のソースの文字セット (コードページ 65001) では使用できない文字がファイルに含まれています。
D:\Projects\Refine\Comm\Grpc\refine-grpc\third_party\abseil-cpp\absl\base\internal\low_level_alloc.cc(1,1): warning C4828: オフセット 0x9b3 から始まる、現在のソースの文字セット (コードページ 65001) では使用できない文字がファイルに含まれています。
D:\Projects\Refine\Comm\Grpc\refine-grpc\third_party\abseil-cpp\absl\base\internal\low_level_alloc.cc(1,1): warning C4828: オフセット 0x9b4 から始まる、現在のソースの文字セット (コードページ 65001) では使用できない文字がファイルに含まれています。
D:\Projects\Refine\Comm\Grpc\refine-grpc\third_party\abseil-cpp\absl\base\internal\low_level_alloc.cc(1,1): warning C4828: オフセット 0x9b7 から始まる、現在のソースの文字セット (コードページ 65001) では使用できない文字がファイルに含まれています。
D:\Projects\Refine\Comm\Grpc\refine-grpc\third_party\abseil-cpp\absl\base\internal\low_level_alloc.cc(1,1): warning C4828: オフセット 0x9b8 から始まる、現在のソースの文字セット (コードページ 65001) では使用できない文字がファイルに含まれています。
D:\Projects\Refine\Comm\Grpc\refine-grpc\third_party\abseil-cpp\absl\base\internal\low_level_alloc.cc(1,1): warning C4828: オフセット 0x9b9 から始まる、現在のソースの文字セット (コードページ 65001) では使用できない文字がファイルに含まれています。
D:\Projects\Refine\Comm\Grpc\refine-grpc\third_party\abseil-cpp\absl\base\internal\low_level_alloc.cc(1,1): warning C4828: オフセット 0x9ba から始まる、現在のソースの文字セット (コードページ 65001) では使用できない文字がファイルに含まれています。
D:\Projects\Refine\Comm\Grpc\refine-grpc\third_party\abseil-cpp\absl\base\internal\low_level_alloc.cc(1,1): warning C4828: オフセット 0x9bb から始まる、現在のソースの文字セット (コードページ 65001) では使用できない文字がファイルに含まれています。
D:\Projects\Refine\Comm\Grpc\refine-grpc\third_party\abseil-cpp\absl\base\internal\low_level_alloc.cc(1,1): warning C4828: オフセット 0x9bc から始まる、現在のソースの文字セット (コードページ 65001) では使用できない文字がファイルに含まれています。
D:\Projects\Refine\Comm\Grpc\refine-grpc\third_party\abseil-cpp\absl\base\internal\low_level_alloc.cc(1,1): warning C4828: オフセット 0x9bd から始まる、現在のソースの文字セット (コードページ 65001) では使用できない文字がファイルに含まれています。
D:\Projects\Refine\Comm\Grpc\refine-grpc\third_party\abseil-cpp\absl\base\internal\low_level_alloc.cc(1,1): warning C4828: オフセット 0xaf8 から始まる、現在のソースの文字セット (コードページ 65001) では使用できない文字がファイルに含まれています。
D:\Projects\Refine\Comm\Grpc\refine-grpc\third_party\abseil-cpp\absl\base\internal\low_level_alloc.cc(1,1): warning C4828: オフセット 0xafa から始まる、現在のソースの文字セット (コードページ 65001) では使用できない文字がファイルに含まれています。
D:\Projects\Refine\Comm\Grpc\refine-grpc\third_party\abseil-cpp\absl\base\internal\low_level_alloc.cc(1,1): warning C4828: オフセット 0xafd から始まる、現在のソースの文字セット (コードページ 65001) では使用できない文字がファイルに含まれています。
D:\Projects\Refine\Comm\Grpc\refine-grpc\third_party\abseil-cpp\absl\base\internal\low_level_alloc.cc(1,1): warning C4828: オフセット 0xafe から始まる、現在のソースの文字セット (コードページ 65001) では使用できない文字がファイルに含まれています。
D:\Projects\Refine\Comm\Grpc\refine-grpc\third_party\abseil-cpp\absl\base\internal\low_level_alloc.cc(1,1): warning C4828: オフセット 0xaff から始まる、現在のソースの文字セット (コードページ 65001) では使用できない文字がファイルに含まれています。
D:\Projects\Refine\Comm\Grpc\refine-grpc\third_party\abseil-cpp\absl\base\internal\low_level_alloc.cc(1,1): warning C4828: オフセット 0xb00 から始まる、現在のソースの文字セット (コードページ 65001) では使用できない文字がファイルに含まれています。
D:\Projects\Refine\Comm\Grpc\refine-grpc\third_party\abseil-cpp\absl\base\internal\low_level_alloc.cc(1,1): warning C4828: オフセット 0xb01 から始まる、現在のソースの文字セット (コードページ 65001) では使用できない文字がファイルに含まれています。
D:\Projects\Refine\Comm\Grpc\refine-grpc\third_party\abseil-cpp\absl\base\internal\low_level_alloc.cc(1,1): warning C4828: オフセット 0xb02 から始まる、現在のソースの文字セット (コードページ 65001) では使用できない文字がファイルに含まれています。
D:\Projects\Refine\Comm\Grpc\refine-grpc\third_party\abseil-cpp\absl\base\internal\low_level_alloc.cc(1,1): warning C4828: オフセット 0xb03 から始まる、現在のソースの文字セット (コードページ 65001) では使用できない文字がファイルに含まれています。
D:\Projects\Refine\Comm\Grpc\refine-grpc\third_party\abseil-cpp\absl\base\internal\low_level_alloc.cc(1,1): warning C4828: オフセット 0xb04 から始まる、現在のソースの文字セット (コードページ 65001) では使用できない文字がファイルに含まれています。
D:\Projects\Refine\Comm\Grpc\refine-grpc\third_party\abseil-cpp\absl\base\internal\low_level_alloc.cc(1,1): warning C4828: オフセット 0xb05 から始まる、現在のソースの文字セット (コードページ 65001) では使用できない文字がファイルに含まれています。
D:\Projects\Refine\Comm\Grpc\refine-grpc\third_party\abseil-cpp\absl\base\internal\low_level_alloc.cc(1,1): warning C4828: オフセット 0xb06 から始まる、現在のソースの文字セット (コードページ 65001) では使用できない文字がファイルに含まれています。
D:\Projects\Refine\Comm\Grpc\refine-grpc\third_party\abseil-cpp\absl\base\internal\low_level_alloc.cc(1,1): warning C4828: オフセット 0xb08 から始まる、現在のソースの文字セット (コードページ 65001) では使用できない文字がファイルに含まれています。
D:\Projects\Refine\Comm\Grpc\refine-grpc\third_party\abseil-cpp\absl\base\internal\low_level_alloc.cc(1,1): warning C4828: オフセット 0xb09 から始まる、現在のソースの文字セット (コードページ 65001) では使用できない文字がファイルに含まれています。
D:\Projects\Refine\Comm\Grpc\refine-grpc\third_party\abseil-cpp\absl\base\internal\low_level_alloc.cc(1,1): warning C4828: オフセット 0xb0a から始まる、現在のソースの文字セット (コードページ 65001) では使用できない文字がファイルに含まれています。
D:\Projects\Refine\Comm\Grpc\refine-grpc\third_party\abseil-cpp\absl\base\internal\low_level_alloc.cc(1,1): warning C4828: オフセット 0xb0c から始まる、現在のソースの文字セット (コードページ 65001) では使用できない文字がファイルに含まれています。
D:\Projects\Refine\Comm\Grpc\refine-grpc\third_party\abseil-cpp\absl\base\internal\low_level_alloc.cc(1,1): warning C4828: オフセット 0xb0e から始まる、現在のソースの文字セット (コードページ 65001) では使用できない文字がファイルに含まれています。
D:\Projects\Refine\Comm\Grpc\refine-grpc\third_party\abseil-cpp\absl\base\internal\low_level_alloc.cc(1,1): warning C4828: オフセット 0xb0f から始まる、現在のソースの文字セット (コードページ 65001) では使用できない文字がファイルに含まれています。
D:\Projects\Refine\Comm\Grpc\refine-grpc\third_party\abseil-cpp\absl\base\internal\low_level_alloc.cc(1,1): warning C4828: オフセット 0xb13 から始まる、現在のソースの文字セット (コードページ 65001) では使用できない文字がファイルに含まれています。
D:\Projects\Refine\Comm\Grpc\refine-grpc\third_party\abseil-cpp\absl\base\internal\low_level_alloc.cc(1,1): warning C4828: オフセット 0xb74 から始まる、現在のソースの文字セット (コードページ 65001) では使用できない文字がファイルに含まれています。
D:\Projects\Refine\Comm\Grpc\refine-grpc\third_party\abseil-cpp\absl\base\internal\low_level_alloc.cc(1,1): warning C4828: オフセット 0xb76 から始まる、現在のソースの文字セット (コードページ 65001) では使用できない文字がファイルに含まれています。
D:\Projects\Refine\Comm\Grpc\refine-grpc\third_party\abseil-cpp\absl\base\internal\low_level_alloc.cc(1,1): warning C4828: オフセット 0xb78 から始まる、現在のソースの文字セット (コードページ 65001) では使用できない文字がファイルに含まれています。
D:\Projects\Refine\Comm\Grpc\refine-grpc\third_party\abseil-cpp\absl\base\internal\low_level_alloc.cc(1,1): warning C4828: オフセット 0xb7a から始まる、現在のソースの文字セット (コードページ 65001) では使用できない文字がファイルに含まれています。
D:\Projects\Refine\Comm\Grpc\refine-grpc\third_party\abseil-cpp\absl\base\internal\low_level_alloc.cc(1,1): warning C4828: オフセット 0xb7c から始まる、現在のソースの文字セット (コードページ 65001) では使用できない文字がファイルに含まれています。
D:\Projects\Refine\Comm\Grpc\refine-grpc\third_party\abseil-cpp\absl\base\internal\low_level_alloc.cc(1,1): warning C4828: オフセット 0xb7e から始まる、現在のソースの文字セット (コードページ 65001) では使用できない文字がファイルに含まれています。
D:\Projects\Refine\Comm\Grpc\refine-grpc\third_party\abseil-cpp\absl\base\internal\low_level_alloc.cc(1,1): warning C4828: オフセット 0xb7f から始まる、現在のソースの文字セット (コードページ 65001) では使用できない文字がファイルに含まれています。
D:\Projects\Refine\Comm\Grpc\refine-grpc\third_party\abseil-cpp\absl\base\internal\low_level_alloc.cc(1,1): warning C4828: オフセット 0xb80 から始まる、現在のソースの文字セット (コードページ 65001) では使用できない文字がファイルに含まれています。
D:\Projects\Refine\Comm\Grpc\refine-grpc\third_party\abseil-cpp\absl\base\internal\low_level_alloc.cc(1,1): warning C4828: オフセット 0xb81 から始まる、現在のソースの文字セット (コードページ 65001) では使用できない文字がファイルに含まれています。
D:\Projects\Refine\Comm\Grpc\refine-grpc\third_party\abseil-cpp\absl\base\internal\low_level_alloc.cc(1,1): warning C4828: オフセット 0xb82 から始まる、現在のソースの文字セット (コードページ 65001) では使用できない文字がファイルに含まれています。
D:\Projects\Refine\Comm\Grpc\refine-grpc\third_party\abseil-cpp\absl\base\internal\low_level_alloc.cc(1,1): warning C4828: オフセット 0xb86 から始まる、現在のソースの文字セット (コードページ 65001) では使用できない文字がファイルに含まれています。
D:\Projects\Refine\Comm\Grpc\refine-grpc\third_party\abseil-cpp\absl\base\internal\low_level_alloc.cc(1,1): warning C4828: オフセット 0xb87 から始まる、現在のソースの文字セット (コードページ 65001) では使用できない文字がファイルに含まれています。
D:\Projects\Refine\Comm\Grpc\refine-grpc\third_party\abseil-cpp\absl\base\internal\low_level_alloc.cc(1,1): warning C4828: オフセット 0xb88 から始まる、現在のソースの文字セット (コードページ 65001) では使用できない文字がファイルに含まれています。
D:\Projects\Refine\Comm\Grpc\refine-grpc\third_party\abseil-cpp\absl\base\internal\low_level_alloc.cc(1,1): warning C4828: オフセット 0xb8a から始まる、現在のソースの文字セット (コードページ 65001) では使用できない文字がファイルに含まれています。
D:\Projects\Refine\Comm\Grpc\refine-grpc\third_party\abseil-cpp\absl\base\internal\low_level_alloc.cc(1,1): warning C4828: オフセット 0xb8c から始まる、現在のソースの文字セット (コードページ 65001) では使用できない文字がファイルに含まれています。
D:\Projects\Refine\Comm\Grpc\refine-grpc\third_party\abseil-cpp\absl\base\internal\low_level_alloc.cc(1,1): warning C4828: オフセット 0xb92 から始まる、現在のソースの文字セット (コードページ 65001) では使用できない文字がファイルに含まれています。
D:\Projects\Refine\Comm\Grpc\refine-grpc\third_party\abseil-cpp\absl\base\internal\low_level_alloc.cc(1,1): warning C4828: オフセット 0xb93 から始まる、現在のソースの文字セット (コードページ 65001) では使用できない文字がファイルに含まれています。
D:\Projects\Refine\Comm\Grpc\refine-grpc\third_party\abseil-cpp\absl\base\internal\low_level_alloc.cc(1,1): warning C4828: オフセット 0xbb1 から始まる、現在のソースの文字セット (コードページ 65001) では使用できない文字がファイルに含まれています。
D:\Projects\Refine\Comm\Grpc\refine-grpc\third_party\abseil-cpp\absl\base\internal\low_level_alloc.cc(1,1): warning C4828: オフセット 0xbb2 から始まる、現在のソースの文字セット (コードページ 65001) では使用できない文字がファイルに含まれています。
D:\Projects\Refine\Comm\Grpc\refine-grpc\third_party\abseil-cpp\absl\base\internal\low_level_alloc.cc(1,1): warning C4828: オフセット 0xbbe から始まる、現在のソースの文字セット (コードページ 65001) では使用できない文字がファイルに含まれています。
D:\Projects\Refine\Comm\Grpc\refine-grpc\third_party\abseil-cpp\absl\base\internal\low_level_alloc.cc(1,1): warning C4828: オフセット 0xbc0 から始まる、現在のソースの文字セット (コードページ 65001) では使用できない文字がファイルに含まれています。
D:\Projects\Refine\Comm\Grpc\refine-grpc\third_party\abseil-cpp\absl\base\internal\low_level_alloc.cc(1,1): warning C4828: オフセット 0xbc2 から始まる、現在のソースの文字セット (コードページ 65001) では使用できない文字がファイルに含まれています。
D:\Projects\Refine\Comm\Grpc\refine-grpc\third_party\abseil-cpp\absl\base\internal\low_level_alloc.cc(1,1): warning C4828: オフセット 0xbc8 から始まる、現在のソースの文字セット (コードページ 65001) では使用できない文字がファイルに含まれています。
D:\Projects\Refine\Comm\Grpc\refine-grpc\third_party\abseil-cpp\absl\base\internal\low_level_alloc.cc(1,1): warning C4828: オフセット 0xbcc から始まる、現在のソースの文字セット (コードページ 65001) では使用できない文字がファイルに含まれています。
D:\Projects\Refine\Comm\Grpc\refine-grpc\third_party\abseil-cpp\absl\base\internal\low_level_alloc.cc(1,1): warning C4828: オフセット 0xbcd から始まる、現在のソースの文字セット (コードページ 65001) では使用できない文字がファイルに含まれています。
D:\Projects\Refine\Comm\Grpc\refine-grpc\third_party\abseil-cpp\absl\base\internal\low_level_alloc.cc(1,1): warning C4828: オフセット 0xbce から始まる、現在のソースの文字セット (コードページ 65001) では使用できない文字がファイルに含まれています。
D:\Projects\Refine\Comm\Grpc\refine-grpc\third_party\abseil-cpp\absl\base\internal\low_level_alloc.cc(1,1): warning C4828: オフセット 0xbcf から始まる、現在のソースの文字セット (コードページ 65001) では使用できない文字がファイルに含まれています。
D:\Projects\Refine\Comm\Grpc\refine-grpc\third_party\abseil-cpp\absl\base\internal\low_level_alloc.cc(1,1): warning C4828: オフセット 0xbd4 から始まる、現在のソースの文字セット (コードページ 65001) では使用できない文字がファイルに含まれています。
D:\Projects\Refine\Comm\Grpc\refine-grpc\third_party\abseil-cpp\absl\base\internal\low_level_alloc.cc(1,1): warning C4828: オフセット 0xbd5 から始まる、現在のソースの文字セット (コードページ 65001) では使用できない文字がファイルに含まれています。
D:\Projects\Refine\Comm\Grpc\refine-grpc\third_party\abseil-cpp\absl\base\internal\low_level_alloc.cc(1,1): warning C4828: オフセット 0xbd6 から始まる、現在のソースの文字セット (コードページ 65001) では使用できない文字がファイルに含まれています。
D:\Projects\Refine\Comm\Grpc\refine-grpc\third_party\abseil-cpp\absl\base\internal\low_level_alloc.cc(1,1): warning C4828: オフセット 0xbd7 から始まる、現在のソースの文字セット (コードページ 65001) では使用できない文字がファイルに含まれています。
D:\Projects\Refine\Comm\Grpc\refine-grpc\third_party\abseil-cpp\absl\base\internal\low_level_alloc.cc(1,1): warning C4828: オフセット 0xbdb から始まる、現在のソースの文字セット (コードページ 65001) では使用できない文字がファイルに含まれています。
D:\Projects\Refine\Comm\Grpc\refine-grpc\third_party\abseil-cpp\absl\base\internal\low_level_alloc.cc(1,1): warning C4828: オフセット 0xbdf から始まる、現在のソースの文字セット (コードページ 65001) では使用できない文字がファイルに含まれています。
D:\Projects\Refine\Comm\Grpc\refine-grpc\third_party\abseil-cpp\absl\base\internal\low_level_alloc.cc(1,1): warning C4828: オフセット 0xbe0 から始まる、現在のソースの文字セット (コードページ 65001) では使用できない文字がファイルに含まれています。
D:\Projects\Refine\Comm\Grpc\refine-grpc\third_party\abseil-cpp\absl\base\internal\low_level_alloc.cc(1,1): warning C4828: オフセット 0xbe2 から始まる、現在のソースの文字セット (コードページ 65001) では使用できない文字がファイルに含まれています。
D:\Projects\Refine\Comm\Grpc\refine-grpc\third_party\abseil-cpp\absl\base\internal\low_level_alloc.cc(1,1): warning C4828: オフセット 0xbe4 から始まる、現在のソースの文字セット (コードページ 65001) では使用できない文字がファイルに含まれています。
D:\Projects\Refine\Comm\Grpc\refine-grpc\third_party\abseil-cpp\absl\base\internal\low_level_alloc.cc(1,1): warning C4828: オフセット 0xbe6 から始まる、現在のソースの文字セット (コードページ 65001) では使用できない文字がファイルに含まれています。
D:\Projects\Refine\Comm\Grpc\refine-grpc\third_party\abseil-cpp\absl\base\internal\low_level_alloc.cc(1,1): warning C4828: オフセット 0xbe9 から始まる、現在のソースの文字セット (コードページ 65001) では使用できない文字がファイルに含まれています。
D:\Projects\Refine\Comm\Grpc\refine-grpc\third_party\abseil-cpp\absl\base\internal\low_level_alloc.cc(1,1): warning C4828: オフセット 0xbea から始まる、現在のソースの文字セット (コードページ 65001) では使用できない文字がファイルに含まれています。
D:\Projects\Refine\Comm\Grpc\refine-grpc\third_party\abseil-cpp\absl\base\internal\low_level_alloc.cc(1,1): warning C4828: オフセット 0xbeb から始まる、現在のソースの文字セット (コードページ 65001) では使用できない文字がファイルに含まれています。
  malloc_internal.vcxproj -> D:\Projects\Refine\Comm\Grpc\refine-grpc\vs_proj\third_party\abseil-cpp\absl\base\NN_Debug\x64\absl_malloc_internal_d_nx.lib
