d:\projects\refine\comm\grpc\refine-grpc\vs_proj\cmakefiles\generate.stamp
d:\projects\refine\comm\grpc\refine-grpc\vs_proj\third_party\abseil-cpp\cmakefiles\generate.stamp
d:\projects\refine\comm\grpc\refine-grpc\vs_proj\third_party\abseil-cpp\absl\cmakefiles\generate.stamp
d:\projects\refine\comm\grpc\refine-grpc\vs_proj\third_party\abseil-cpp\absl\base\cmakefiles\generate.stamp
d:\projects\refine\comm\grpc\refine-grpc\vs_proj\third_party\abseil-cpp\absl\algorithm\cmakefiles\generate.stamp
d:\projects\refine\comm\grpc\refine-grpc\vs_proj\third_party\abseil-cpp\absl\cleanup\cmakefiles\generate.stamp
d:\projects\refine\comm\grpc\refine-grpc\vs_proj\third_party\abseil-cpp\absl\container\cmakefiles\generate.stamp
d:\projects\refine\comm\grpc\refine-grpc\vs_proj\third_party\abseil-cpp\absl\crc\cmakefiles\generate.stamp
d:\projects\refine\comm\grpc\refine-grpc\vs_proj\third_party\abseil-cpp\absl\debugging\cmakefiles\generate.stamp
d:\projects\refine\comm\grpc\refine-grpc\vs_proj\third_party\abseil-cpp\absl\flags\cmakefiles\generate.stamp
d:\projects\refine\comm\grpc\refine-grpc\vs_proj\third_party\abseil-cpp\absl\functional\cmakefiles\generate.stamp
d:\projects\refine\comm\grpc\refine-grpc\vs_proj\third_party\abseil-cpp\absl\hash\cmakefiles\generate.stamp
d:\projects\refine\comm\grpc\refine-grpc\vs_proj\third_party\abseil-cpp\absl\log\cmakefiles\generate.stamp
d:\projects\refine\comm\grpc\refine-grpc\vs_proj\third_party\abseil-cpp\absl\memory\cmakefiles\generate.stamp
d:\projects\refine\comm\grpc\refine-grpc\vs_proj\third_party\abseil-cpp\absl\meta\cmakefiles\generate.stamp
d:\projects\refine\comm\grpc\refine-grpc\vs_proj\third_party\abseil-cpp\absl\numeric\cmakefiles\generate.stamp
d:\projects\refine\comm\grpc\refine-grpc\vs_proj\third_party\abseil-cpp\absl\profiling\cmakefiles\generate.stamp
d:\projects\refine\comm\grpc\refine-grpc\vs_proj\third_party\abseil-cpp\absl\random\cmakefiles\generate.stamp
d:\projects\refine\comm\grpc\refine-grpc\vs_proj\third_party\abseil-cpp\absl\status\cmakefiles\generate.stamp
d:\projects\refine\comm\grpc\refine-grpc\vs_proj\third_party\abseil-cpp\absl\strings\cmakefiles\generate.stamp
d:\projects\refine\comm\grpc\refine-grpc\vs_proj\third_party\abseil-cpp\absl\synchronization\cmakefiles\generate.stamp
d:\projects\refine\comm\grpc\refine-grpc\vs_proj\third_party\abseil-cpp\absl\time\cmakefiles\generate.stamp
d:\projects\refine\comm\grpc\refine-grpc\vs_proj\third_party\abseil-cpp\absl\types\cmakefiles\generate.stamp
d:\projects\refine\comm\grpc\refine-grpc\vs_proj\third_party\abseil-cpp\absl\utility\cmakefiles\generate.stamp
d:\projects\refine\comm\grpc\refine-grpc\vs_proj\third_party\cares\cares\cmakefiles\generate.stamp
d:\projects\refine\comm\grpc\refine-grpc\vs_proj\third_party\cares\cares\include\cmakefiles\generate.stamp
d:\projects\refine\comm\grpc\refine-grpc\vs_proj\third_party\cares\cares\src\cmakefiles\generate.stamp
d:\projects\refine\comm\grpc\refine-grpc\vs_proj\third_party\cares\cares\src\lib\cmakefiles\generate.stamp
d:\projects\refine\comm\grpc\refine-grpc\vs_proj\third_party\cares\cares\src\tools\cmakefiles\generate.stamp
d:\projects\refine\comm\grpc\refine-grpc\vs_proj\third_party\cares\cares\docs\cmakefiles\generate.stamp
d:\projects\refine\comm\grpc\refine-grpc\vs_proj\third_party\protobuf\cmakefiles\generate.stamp
d:\projects\refine\comm\grpc\refine-grpc\vs_proj\third_party\protobuf\third_party\utf8_range\cmakefiles\generate.stamp
d:\projects\refine\comm\grpc\refine-grpc\vs_proj\third_party\re2\cmakefiles\generate.stamp
d:\projects\refine\comm\grpc\refine-grpc\vs_proj\third_party\boringssl-with-bazel\cmakefiles\generate.stamp
d:\projects\refine\comm\grpc\refine-grpc\vs_proj\third_party\boringssl-with-bazel\ssl\test\cmakefiles\generate.stamp
d:\projects\refine\comm\grpc\refine-grpc\vs_proj\third_party\boringssl-with-bazel\util\fipstools\cmakefiles\generate.stamp
d:\projects\refine\comm\grpc\refine-grpc\vs_proj\third_party\boringssl-with-bazel\util\fipstools\acvp\modulewrapper\cmakefiles\generate.stamp
d:\projects\refine\comm\grpc\refine-grpc\vs_proj\third_party\zlib\cmakefiles\generate.stamp
d:\projects\refine\comm\grpc\refine-grpc\vs_proj\x64\nn_debug\zero_check\zero_check.tlog\custombuild.command.1.tlog
d:\projects\refine\comm\grpc\refine-grpc\vs_proj\x64\nn_debug\zero_check\zero_check.tlog\custombuild.read.1.tlog
d:\projects\refine\comm\grpc\refine-grpc\vs_proj\x64\nn_debug\zero_check\zero_check.tlog\custombuild.write.1.tlog
