d:\projects\refine\comm\grpc\refine-grpc\vs_proj\third_party\re2\nn_debug\x64\re2_d_nx.pdb
d:\projects\refine\comm\grpc\refine-grpc\vs_proj\third_party\re2\re2.dir\nn_debug\x64\unicode_groups.obj
d:\projects\refine\comm\grpc\refine-grpc\vs_proj\third_party\re2\re2.dir\nn_debug\x64\unicode_casefold.obj
d:\projects\refine\comm\grpc\refine-grpc\vs_proj\third_party\re2\re2.dir\nn_debug\x64\tostring.obj
d:\projects\refine\comm\grpc\refine-grpc\vs_proj\third_party\re2\re2.dir\nn_debug\x64\stringpiece.obj
d:\projects\refine\comm\grpc\refine-grpc\vs_proj\third_party\re2\re2.dir\nn_debug\x64\simplify.obj
d:\projects\refine\comm\grpc\refine-grpc\vs_proj\third_party\re2\re2.dir\nn_debug\x64\set.obj
d:\projects\refine\comm\grpc\refine-grpc\vs_proj\third_party\re2\re2.dir\nn_debug\x64\regexp.obj
d:\projects\refine\comm\grpc\refine-grpc\vs_proj\third_party\re2\re2.dir\nn_debug\x64\re2.obj
d:\projects\refine\comm\grpc\refine-grpc\vs_proj\third_party\re2\re2.dir\nn_debug\x64\prog.obj
d:\projects\refine\comm\grpc\refine-grpc\vs_proj\third_party\re2\re2.dir\nn_debug\x64\prefilter_tree.obj
d:\projects\refine\comm\grpc\refine-grpc\vs_proj\third_party\re2\re2.dir\nn_debug\x64\prefilter.obj
d:\projects\refine\comm\grpc\refine-grpc\vs_proj\third_party\re2\re2.dir\nn_debug\x64\perl_groups.obj
d:\projects\refine\comm\grpc\refine-grpc\vs_proj\third_party\re2\re2.dir\nn_debug\x64\parse.obj
d:\projects\refine\comm\grpc\refine-grpc\vs_proj\third_party\re2\re2.dir\nn_debug\x64\onepass.obj
d:\projects\refine\comm\grpc\refine-grpc\vs_proj\third_party\re2\re2.dir\nn_debug\x64\nfa.obj
d:\projects\refine\comm\grpc\refine-grpc\vs_proj\third_party\re2\re2.dir\nn_debug\x64\mimics_pcre.obj
d:\projects\refine\comm\grpc\refine-grpc\vs_proj\third_party\re2\re2.dir\nn_debug\x64\filtered_re2.obj
d:\projects\refine\comm\grpc\refine-grpc\vs_proj\third_party\re2\re2.dir\nn_debug\x64\dfa.obj
d:\projects\refine\comm\grpc\refine-grpc\vs_proj\third_party\re2\re2.dir\nn_debug\x64\compile.obj
d:\projects\refine\comm\grpc\refine-grpc\vs_proj\third_party\re2\re2.dir\nn_debug\x64\bitstate.obj
d:\projects\refine\comm\grpc\refine-grpc\vs_proj\third_party\re2\re2.dir\nn_debug\x64\strutil.obj
d:\projects\refine\comm\grpc\refine-grpc\vs_proj\third_party\re2\re2.dir\nn_debug\x64\rune.obj
d:\projects\refine\comm\grpc\refine-grpc\vs_proj\third_party\re2\cmakefiles\generate.stamp
d:\projects\refine\comm\grpc\refine-grpc\vs_proj\third_party\re2\nn_debug\x64\re2_d_nx.lib
d:\projects\refine\comm\grpc\refine-grpc\vs_proj\third_party\re2\re2.dir\nn_debug\x64\re2.tlog\cl.command.1.tlog
d:\projects\refine\comm\grpc\refine-grpc\vs_proj\third_party\re2\re2.dir\nn_debug\x64\re2.tlog\cl.items.tlog
d:\projects\refine\comm\grpc\refine-grpc\vs_proj\third_party\re2\re2.dir\nn_debug\x64\re2.tlog\cl.read.1.tlog
d:\projects\refine\comm\grpc\refine-grpc\vs_proj\third_party\re2\re2.dir\nn_debug\x64\re2.tlog\cl.write.1.tlog
d:\projects\refine\comm\grpc\refine-grpc\vs_proj\third_party\re2\re2.dir\nn_debug\x64\re2.tlog\custombuild.command.1.tlog
d:\projects\refine\comm\grpc\refine-grpc\vs_proj\third_party\re2\re2.dir\nn_debug\x64\re2.tlog\custombuild.read.1.tlog
d:\projects\refine\comm\grpc\refine-grpc\vs_proj\third_party\re2\re2.dir\nn_debug\x64\re2.tlog\custombuild.write.1.tlog
d:\projects\refine\comm\grpc\refine-grpc\vs_proj\third_party\re2\re2.dir\nn_debug\x64\re2.tlog\lib-link.write.1.tlog
d:\projects\refine\comm\grpc\refine-grpc\vs_proj\third_party\re2\re2.dir\nn_debug\x64\re2.tlog\lib.command.1.tlog
d:\projects\refine\comm\grpc\refine-grpc\vs_proj\third_party\re2\re2.dir\nn_debug\x64\re2.tlog\lib.read.1.tlog
