  1>
  -- Install configuration: "NN_Debug"
  -- Up-to-date: D:/Projects/Refine/Comm/Grpc/refine-grpc/vs_proj/lib_nn_x64/lib/pkgconfig/absl_atomic_hook.pc
  -- Up-to-date: D:/Projects/Refine/Comm/Grpc/refine-grpc/vs_proj/lib_nn_x64/lib/pkgconfig/absl_errno_saver.pc
  -- Up-to-date: D:/Projects/Refine/Comm/Grpc/refine-grpc/vs_proj/lib_nn_x64/lib/pkgconfig/absl_log_severity.pc
  -- Up-to-date: D:/Projects/Refine/Comm/Grpc/refine-grpc/vs_proj/lib_nn_x64/lib/absl_log_severity_d_nx.lib
  -- Up-to-date: D:/Projects/Refine/Comm/Grpc/refine-grpc/vs_proj/lib_nn_x64/lib/pkgconfig/absl_no_destructor.pc
  -- Up-to-date: D:/Projects/Refine/Comm/Grpc/refine-grpc/vs_proj/lib_nn_x64/lib/pkgconfig/absl_nullability.pc
  -- Up-to-date: D:/Projects/Refine/Comm/Grpc/refine-grpc/vs_proj/lib_nn_x64/lib/pkgconfig/absl_raw_logging_internal.pc
  -- Up-to-date: D:/Projects/Refine/Comm/Grpc/refine-grpc/vs_proj/lib_nn_x64/lib/absl_raw_logging_internal_d_nx.lib
  -- Up-to-date: D:/Projects/Refine/Comm/Grpc/refine-grpc/vs_proj/lib_nn_x64/lib/pkgconfig/absl_spinlock_wait.pc
  -- Up-to-date: D:/Projects/Refine/Comm/Grpc/refine-grpc/vs_proj/lib_nn_x64/lib/absl_spinlock_wait_d_nx.lib
  -- Up-to-date: D:/Projects/Refine/Comm/Grpc/refine-grpc/vs_proj/lib_nn_x64/lib/pkgconfig/absl_config.pc
  -- Up-to-date: D:/Projects/Refine/Comm/Grpc/refine-grpc/vs_proj/lib_nn_x64/lib/pkgconfig/absl_dynamic_annotations.pc
  -- Up-to-date: D:/Projects/Refine/Comm/Grpc/refine-grpc/vs_proj/lib_nn_x64/lib/pkgconfig/absl_core_headers.pc
  -- Up-to-date: D:/Projects/Refine/Comm/Grpc/refine-grpc/vs_proj/lib_nn_x64/lib/pkgconfig/absl_malloc_internal.pc
  -- Up-to-date: D:/Projects/Refine/Comm/Grpc/refine-grpc/vs_proj/lib_nn_x64/lib/absl_malloc_internal_d_nx.lib
  -- Up-to-date: D:/Projects/Refine/Comm/Grpc/refine-grpc/vs_proj/lib_nn_x64/lib/pkgconfig/absl_base_internal.pc
  -- Up-to-date: D:/Projects/Refine/Comm/Grpc/refine-grpc/vs_proj/lib_nn_x64/lib/pkgconfig/absl_base.pc
  -- Up-to-date: D:/Projects/Refine/Comm/Grpc/refine-grpc/vs_proj/lib_nn_x64/lib/absl_base_d_nx.lib
  -- Up-to-date: D:/Projects/Refine/Comm/Grpc/refine-grpc/vs_proj/lib_nn_x64/lib/pkgconfig/absl_throw_delegate.pc
  -- Up-to-date: D:/Projects/Refine/Comm/Grpc/refine-grpc/vs_proj/lib_nn_x64/lib/absl_throw_delegate_d_nx.lib
  -- Up-to-date: D:/Projects/Refine/Comm/Grpc/refine-grpc/vs_proj/lib_nn_x64/lib/pkgconfig/absl_pretty_function.pc
  -- Up-to-date: D:/Projects/Refine/Comm/Grpc/refine-grpc/vs_proj/lib_nn_x64/lib/pkgconfig/absl_endian.pc
  -- Up-to-date: D:/Projects/Refine/Comm/Grpc/refine-grpc/vs_proj/lib_nn_x64/lib/pkgconfig/absl_scoped_set_env.pc
  -- Up-to-date: D:/Projects/Refine/Comm/Grpc/refine-grpc/vs_proj/lib_nn_x64/lib/pkgconfig/absl_strerror.pc
  -- Up-to-date: D:/Projects/Refine/Comm/Grpc/refine-grpc/vs_proj/lib_nn_x64/lib/absl_strerror_d_nx.lib
  -- Up-to-date: D:/Projects/Refine/Comm/Grpc/refine-grpc/vs_proj/lib_nn_x64/lib/pkgconfig/absl_fast_type_id.pc
  -- Up-to-date: D:/Projects/Refine/Comm/Grpc/refine-grpc/vs_proj/lib_nn_x64/lib/pkgconfig/absl_prefetch.pc
  -- Up-to-date: D:/Projects/Refine/Comm/Grpc/refine-grpc/vs_proj/lib_nn_x64/lib/pkgconfig/absl_poison.pc
  -- Up-to-date: D:/Projects/Refine/Comm/Grpc/refine-grpc/vs_proj/lib_nn_x64/lib/pkgconfig/absl_tracing_internal.pc
  -- Up-to-date: D:/Projects/Refine/Comm/Grpc/refine-grpc/vs_proj/lib_nn_x64/lib/absl_tracing_internal_d_nx.lib
  -- Up-to-date: D:/Projects/Refine/Comm/Grpc/refine-grpc/vs_proj/lib_nn_x64/lib/pkgconfig/absl_iterator_traits_internal.pc
  -- Up-to-date: D:/Projects/Refine/Comm/Grpc/refine-grpc/vs_proj/lib_nn_x64/lib/pkgconfig/absl_iterator_traits_test_helper_internal.pc
  -- Up-to-date: D:/Projects/Refine/Comm/Grpc/refine-grpc/vs_proj/lib_nn_x64/lib/pkgconfig/absl_btree.pc
  -- Up-to-date: D:/Projects/Refine/Comm/Grpc/refine-grpc/vs_proj/lib_nn_x64/lib/pkgconfig/absl_compressed_tuple.pc
  -- Up-to-date: D:/Projects/Refine/Comm/Grpc/refine-grpc/vs_proj/lib_nn_x64/lib/pkgconfig/absl_fixed_array.pc
  -- Up-to-date: D:/Projects/Refine/Comm/Grpc/refine-grpc/vs_proj/lib_nn_x64/lib/pkgconfig/absl_inlined_vector_internal.pc
  -- Up-to-date: D:/Projects/Refine/Comm/Grpc/refine-grpc/vs_proj/lib_nn_x64/lib/pkgconfig/absl_inlined_vector.pc
  -- Up-to-date: D:/Projects/Refine/Comm/Grpc/refine-grpc/vs_proj/lib_nn_x64/lib/pkgconfig/absl_flat_hash_map.pc
  -- Up-to-date: D:/Projects/Refine/Comm/Grpc/refine-grpc/vs_proj/lib_nn_x64/lib/pkgconfig/absl_flat_hash_set.pc
  -- Up-to-date: D:/Projects/Refine/Comm/Grpc/refine-grpc/vs_proj/lib_nn_x64/lib/pkgconfig/absl_node_hash_map.pc
  -- Up-to-date: D:/Projects/Refine/Comm/Grpc/refine-grpc/vs_proj/lib_nn_x64/lib/pkgconfig/absl_node_hash_set.pc
  -- Up-to-date: D:/Projects/Refine/Comm/Grpc/refine-grpc/vs_proj/lib_nn_x64/lib/pkgconfig/absl_hash_container_defaults.pc
  -- Up-to-date: D:/Projects/Refine/Comm/Grpc/refine-grpc/vs_proj/lib_nn_x64/lib/pkgconfig/absl_container_memory.pc
  -- Up-to-date: D:/Projects/Refine/Comm/Grpc/refine-grpc/vs_proj/lib_nn_x64/lib/pkgconfig/absl_hash_function_defaults.pc
  -- Up-to-date: D:/Projects/Refine/Comm/Grpc/refine-grpc/vs_proj/lib_nn_x64/lib/pkgconfig/absl_hash_policy_traits.pc
  -- Up-to-date: D:/Projects/Refine/Comm/Grpc/refine-grpc/vs_proj/lib_nn_x64/lib/pkgconfig/absl_common_policy_traits.pc
  -- Up-to-date: D:/Projects/Refine/Comm/Grpc/refine-grpc/vs_proj/lib_nn_x64/lib/pkgconfig/absl_hashtablez_sampler.pc
  -- Up-to-date: D:/Projects/Refine/Comm/Grpc/refine-grpc/vs_proj/lib_nn_x64/lib/absl_hashtablez_sampler_d_nx.lib
  -- Up-to-date: D:/Projects/Refine/Comm/Grpc/refine-grpc/vs_proj/lib_nn_x64/lib/pkgconfig/absl_hashtable_debug.pc
  -- Up-to-date: D:/Projects/Refine/Comm/Grpc/refine-grpc/vs_proj/lib_nn_x64/lib/pkgconfig/absl_hashtable_debug_hooks.pc
  -- Up-to-date: D:/Projects/Refine/Comm/Grpc/refine-grpc/vs_proj/lib_nn_x64/lib/pkgconfig/absl_node_slot_policy.pc
  -- Up-to-date: D:/Projects/Refine/Comm/Grpc/refine-grpc/vs_proj/lib_nn_x64/lib/pkgconfig/absl_raw_hash_map.pc
  -- Up-to-date: D:/Projects/Refine/Comm/Grpc/refine-grpc/vs_proj/lib_nn_x64/lib/pkgconfig/absl_container_common.pc
  -- Up-to-date: D:/Projects/Refine/Comm/Grpc/refine-grpc/vs_proj/lib_nn_x64/lib/pkgconfig/absl_hashtable_control_bytes.pc
  -- Up-to-date: D:/Projects/Refine/Comm/Grpc/refine-grpc/vs_proj/lib_nn_x64/lib/pkgconfig/absl_raw_hash_set.pc
  -- Up-to-date: D:/Projects/Refine/Comm/Grpc/refine-grpc/vs_proj/lib_nn_x64/lib/absl_raw_hash_set_d_nx.lib
  -- Up-to-date: D:/Projects/Refine/Comm/Grpc/refine-grpc/vs_proj/lib_nn_x64/lib/pkgconfig/absl_raw_hash_set_resize_impl.pc
  -- Up-to-date: D:/Projects/Refine/Comm/Grpc/refine-grpc/vs_proj/lib_nn_x64/lib/pkgconfig/absl_layout.pc
  -- Up-to-date: D:/Projects/Refine/Comm/Grpc/refine-grpc/vs_proj/lib_nn_x64/lib/pkgconfig/absl_crc_cpu_detect.pc
  -- Up-to-date: D:/Projects/Refine/Comm/Grpc/refine-grpc/vs_proj/lib_nn_x64/lib/absl_crc_cpu_detect_d_nx.lib
  -- Up-to-date: D:/Projects/Refine/Comm/Grpc/refine-grpc/vs_proj/lib_nn_x64/lib/pkgconfig/absl_crc_internal.pc
  -- Up-to-date: D:/Projects/Refine/Comm/Grpc/refine-grpc/vs_proj/lib_nn_x64/lib/absl_crc_internal_d_nx.lib
  -- Up-to-date: D:/Projects/Refine/Comm/Grpc/refine-grpc/vs_proj/lib_nn_x64/lib/pkgconfig/absl_crc32c.pc
  -- Up-to-date: D:/Projects/Refine/Comm/Grpc/refine-grpc/vs_proj/lib_nn_x64/lib/absl_crc32c_d_nx.lib
  -- Up-to-date: D:/Projects/Refine/Comm/Grpc/refine-grpc/vs_proj/lib_nn_x64/lib/pkgconfig/absl_non_temporal_arm_intrinsics.pc
  -- Up-to-date: D:/Projects/Refine/Comm/Grpc/refine-grpc/vs_proj/lib_nn_x64/lib/pkgconfig/absl_non_temporal_memcpy.pc
  -- Up-to-date: D:/Projects/Refine/Comm/Grpc/refine-grpc/vs_proj/lib_nn_x64/lib/pkgconfig/absl_crc_cord_state.pc
  -- Up-to-date: D:/Projects/Refine/Comm/Grpc/refine-grpc/vs_proj/lib_nn_x64/lib/absl_crc_cord_state_d_nx.lib
  -- Up-to-date: D:/Projects/Refine/Comm/Grpc/refine-grpc/vs_proj/lib_nn_x64/lib/pkgconfig/absl_stacktrace.pc
  -- Up-to-date: D:/Projects/Refine/Comm/Grpc/refine-grpc/vs_proj/lib_nn_x64/lib/absl_stacktrace_d_nx.lib
  -- Up-to-date: D:/Projects/Refine/Comm/Grpc/refine-grpc/vs_proj/lib_nn_x64/lib/pkgconfig/absl_symbolize.pc
  -- Up-to-date: D:/Projects/Refine/Comm/Grpc/refine-grpc/vs_proj/lib_nn_x64/lib/absl_symbolize_d_nx.lib
  -- Up-to-date: D:/Projects/Refine/Comm/Grpc/refine-grpc/vs_proj/lib_nn_x64/lib/pkgconfig/absl_examine_stack.pc
  -- Up-to-date: D:/Projects/Refine/Comm/Grpc/refine-grpc/vs_proj/lib_nn_x64/lib/absl_examine_stack_d_nx.lib
  -- Up-to-date: D:/Projects/Refine/Comm/Grpc/refine-grpc/vs_proj/lib_nn_x64/lib/pkgconfig/absl_failure_signal_handler.pc
  -- Up-to-date: D:/Projects/Refine/Comm/Grpc/refine-grpc/vs_proj/lib_nn_x64/lib/pkgconfig/absl_debugging_internal.pc
  -- Up-to-date: D:/Projects/Refine/Comm/Grpc/refine-grpc/vs_proj/lib_nn_x64/lib/absl_debugging_internal_d_nx.lib
  -- Up-to-date: D:/Projects/Refine/Comm/Grpc/refine-grpc/vs_proj/lib_nn_x64/lib/pkgconfig/absl_demangle_internal.pc
  -- Up-to-date: D:/Projects/Refine/Comm/Grpc/refine-grpc/vs_proj/lib_nn_x64/lib/absl_demangle_internal_d_nx.lib
  -- Up-to-date: D:/Projects/Refine/Comm/Grpc/refine-grpc/vs_proj/lib_nn_x64/lib/pkgconfig/absl_bounded_utf8_length_sequence.pc
  -- Up-to-date: D:/Projects/Refine/Comm/Grpc/refine-grpc/vs_proj/lib_nn_x64/lib/pkgconfig/absl_decode_rust_punycode.pc
  -- Up-to-date: D:/Projects/Refine/Comm/Grpc/refine-grpc/vs_proj/lib_nn_x64/lib/absl_decode_rust_punycode_d_nx.lib
  -- Up-to-date: D:/Projects/Refine/Comm/Grpc/refine-grpc/vs_proj/lib_nn_x64/lib/pkgconfig/absl_demangle_rust.pc
  -- Up-to-date: D:/Projects/Refine/Comm/Grpc/refine-grpc/vs_proj/lib_nn_x64/lib/absl_demangle_rust_d_nx.lib
  -- Up-to-date: D:/Projects/Refine/Comm/Grpc/refine-grpc/vs_proj/lib_nn_x64/lib/pkgconfig/absl_utf8_for_code_point.pc
  -- Up-to-date: D:/Projects/Refine/Comm/Grpc/refine-grpc/vs_proj/lib_nn_x64/lib/absl_utf8_for_code_point_d_nx.lib
  -- Up-to-date: D:/Projects/Refine/Comm/Grpc/refine-grpc/vs_proj/lib_nn_x64/lib/pkgconfig/absl_leak_check.pc
  -- Up-to-date: D:/Projects/Refine/Comm/Grpc/refine-grpc/vs_proj/lib_nn_x64/lib/absl_leak_check_d_nx.lib
  -- Up-to-date: D:/Projects/Refine/Comm/Grpc/refine-grpc/vs_proj/lib_nn_x64/lib/pkgconfig/absl_debugging.pc
  -- Up-to-date: D:/Projects/Refine/Comm/Grpc/refine-grpc/vs_proj/lib_nn_x64/lib/pkgconfig/absl_flags_path_util.pc
  -- Up-to-date: D:/Projects/Refine/Comm/Grpc/refine-grpc/vs_proj/lib_nn_x64/lib/pkgconfig/absl_flags_program_name.pc
  -- Up-to-date: D:/Projects/Refine/Comm/Grpc/refine-grpc/vs_proj/lib_nn_x64/lib/absl_flags_program_name_d_nx.lib
  -- Up-to-date: D:/Projects/Refine/Comm/Grpc/refine-grpc/vs_proj/lib_nn_x64/lib/pkgconfig/absl_flags_config.pc
  -- Up-to-date: D:/Projects/Refine/Comm/Grpc/refine-grpc/vs_proj/lib_nn_x64/lib/absl_flags_config_d_nx.lib
  -- Up-to-date: D:/Projects/Refine/Comm/Grpc/refine-grpc/vs_proj/lib_nn_x64/lib/pkgconfig/absl_flags_marshalling.pc
  -- Up-to-date: D:/Projects/Refine/Comm/Grpc/refine-grpc/vs_proj/lib_nn_x64/lib/absl_flags_marshalling_d_nx.lib
  -- Up-to-date: D:/Projects/Refine/Comm/Grpc/refine-grpc/vs_proj/lib_nn_x64/lib/pkgconfig/absl_flags_commandlineflag_internal.pc
  -- Up-to-date: D:/Projects/Refine/Comm/Grpc/refine-grpc/vs_proj/lib_nn_x64/lib/absl_flags_commandlineflag_internal_d_nx.lib
  -- Up-to-date: D:/Projects/Refine/Comm/Grpc/refine-grpc/vs_proj/lib_nn_x64/lib/pkgconfig/absl_flags_commandlineflag.pc
  -- Up-to-date: D:/Projects/Refine/Comm/Grpc/refine-grpc/vs_proj/lib_nn_x64/lib/absl_flags_commandlineflag_d_nx.lib
  -- Up-to-date: D:/Projects/Refine/Comm/Grpc/refine-grpc/vs_proj/lib_nn_x64/lib/pkgconfig/absl_flags_private_handle_accessor.pc
  -- Up-to-date: D:/Projects/Refine/Comm/Grpc/refine-grpc/vs_proj/lib_nn_x64/lib/absl_flags_private_handle_accessor_d_nx.lib
  -- Up-to-date: D:/Projects/Refine/Comm/Grpc/refine-grpc/vs_proj/lib_nn_x64/lib/pkgconfig/absl_flags_reflection.pc
  -- Up-to-date: D:/Projects/Refine/Comm/Grpc/refine-grpc/vs_proj/lib_nn_x64/lib/absl_flags_reflection_d_nx.lib
  -- Up-to-date: D:/Projects/Refine/Comm/Grpc/refine-grpc/vs_proj/lib_nn_x64/lib/pkgconfig/absl_flags_internal.pc
  -- Up-to-date: D:/Projects/Refine/Comm/Grpc/refine-grpc/vs_proj/lib_nn_x64/lib/absl_flags_internal_d_nx.lib
  -- Up-to-date: D:/Projects/Refine/Comm/Grpc/refine-grpc/vs_proj/lib_nn_x64/lib/pkgconfig/absl_flags.pc
  -- Up-to-date: D:/Projects/Refine/Comm/Grpc/refine-grpc/vs_proj/lib_nn_x64/lib/pkgconfig/absl_hash.pc
  -- Up-to-date: D:/Projects/Refine/Comm/Grpc/refine-grpc/vs_proj/lib_nn_x64/lib/absl_hash_d_nx.lib
  -- Up-to-date: D:/Projects/Refine/Comm/Grpc/refine-grpc/vs_proj/lib_nn_x64/lib/pkgconfig/absl_city.pc
  -- Up-to-date: D:/Projects/Refine/Comm/Grpc/refine-grpc/vs_proj/lib_nn_x64/lib/absl_city_d_nx.lib
  -- Up-to-date: D:/Projects/Refine/Comm/Grpc/refine-grpc/vs_proj/lib_nn_x64/lib/pkgconfig/absl_low_level_hash.pc
  -- Up-to-date: D:/Projects/Refine/Comm/Grpc/refine-grpc/vs_proj/lib_nn_x64/lib/absl_low_level_hash_d_nx.lib
  -- Up-to-date: D:/Projects/Refine/Comm/Grpc/refine-grpc/vs_proj/lib_nn_x64/lib/pkgconfig/absl_weakly_mixed_integer.pc
  -- Up-to-date: D:/Projects/Refine/Comm/Grpc/refine-grpc/vs_proj/lib_nn_x64/lib/pkgconfig/absl_log_internal_check_impl.pc
  -- Up-to-date: D:/Projects/Refine/Comm/Grpc/refine-grpc/vs_proj/lib_nn_x64/lib/pkgconfig/absl_log_internal_check_op.pc
  -- Up-to-date: D:/Projects/Refine/Comm/Grpc/refine-grpc/vs_proj/lib_nn_x64/lib/absl_log_internal_check_op_d_nx.lib
  -- Up-to-date: D:/Projects/Refine/Comm/Grpc/refine-grpc/vs_proj/lib_nn_x64/lib/pkgconfig/absl_log_internal_conditions.pc
  -- Up-to-date: D:/Projects/Refine/Comm/Grpc/refine-grpc/vs_proj/lib_nn_x64/lib/absl_log_internal_conditions_d_nx.lib
  -- Up-to-date: D:/Projects/Refine/Comm/Grpc/refine-grpc/vs_proj/lib_nn_x64/lib/pkgconfig/absl_log_internal_config.pc
  -- Up-to-date: D:/Projects/Refine/Comm/Grpc/refine-grpc/vs_proj/lib_nn_x64/lib/pkgconfig/absl_log_internal_flags.pc
  -- Up-to-date: D:/Projects/Refine/Comm/Grpc/refine-grpc/vs_proj/lib_nn_x64/lib/pkgconfig/absl_log_internal_format.pc
  -- Up-to-date: D:/Projects/Refine/Comm/Grpc/refine-grpc/vs_proj/lib_nn_x64/lib/absl_log_internal_format_d_nx.lib
  -- Up-to-date: D:/Projects/Refine/Comm/Grpc/refine-grpc/vs_proj/lib_nn_x64/lib/pkgconfig/absl_log_internal_globals.pc
  -- Up-to-date: D:/Projects/Refine/Comm/Grpc/refine-grpc/vs_proj/lib_nn_x64/lib/absl_log_internal_globals_d_nx.lib
  -- Up-to-date: D:/Projects/Refine/Comm/Grpc/refine-grpc/vs_proj/lib_nn_x64/lib/pkgconfig/absl_log_internal_log_impl.pc
  -- Up-to-date: D:/Projects/Refine/Comm/Grpc/refine-grpc/vs_proj/lib_nn_x64/lib/pkgconfig/absl_log_internal_proto.pc
  -- Up-to-date: D:/Projects/Refine/Comm/Grpc/refine-grpc/vs_proj/lib_nn_x64/lib/absl_log_internal_proto_d_nx.lib
  -- Up-to-date: D:/Projects/Refine/Comm/Grpc/refine-grpc/vs_proj/lib_nn_x64/lib/pkgconfig/absl_log_internal_message.pc
  -- Up-to-date: D:/Projects/Refine/Comm/Grpc/refine-grpc/vs_proj/lib_nn_x64/lib/absl_log_internal_message_d_nx.lib
  -- Up-to-date: D:/Projects/Refine/Comm/Grpc/refine-grpc/vs_proj/lib_nn_x64/lib/pkgconfig/absl_log_internal_log_sink_set.pc
  -- Up-to-date: D:/Projects/Refine/Comm/Grpc/refine-grpc/vs_proj/lib_nn_x64/lib/absl_log_internal_log_sink_set_d_nx.lib
  -- Up-to-date: D:/Projects/Refine/Comm/Grpc/refine-grpc/vs_proj/lib_nn_x64/lib/pkgconfig/absl_log_internal_nullguard.pc
  -- Up-to-date: D:/Projects/Refine/Comm/Grpc/refine-grpc/vs_proj/lib_nn_x64/lib/absl_log_internal_nullguard_d_nx.lib
  -- Up-to-date: D:/Projects/Refine/Comm/Grpc/refine-grpc/vs_proj/lib_nn_x64/lib/pkgconfig/absl_log_internal_nullstream.pc
  -- Up-to-date: D:/Projects/Refine/Comm/Grpc/refine-grpc/vs_proj/lib_nn_x64/lib/pkgconfig/absl_log_internal_strip.pc
  -- Up-to-date: D:/Projects/Refine/Comm/Grpc/refine-grpc/vs_proj/lib_nn_x64/lib/pkgconfig/absl_log_internal_voidify.pc
  -- Up-to-date: D:/Projects/Refine/Comm/Grpc/refine-grpc/vs_proj/lib_nn_x64/lib/pkgconfig/absl_log_internal_append_truncated.pc
  -- Up-to-date: D:/Projects/Refine/Comm/Grpc/refine-grpc/vs_proj/lib_nn_x64/lib/pkgconfig/absl_absl_check.pc
  -- Up-to-date: D:/Projects/Refine/Comm/Grpc/refine-grpc/vs_proj/lib_nn_x64/lib/pkgconfig/absl_absl_log.pc
  -- Up-to-date: D:/Projects/Refine/Comm/Grpc/refine-grpc/vs_proj/lib_nn_x64/lib/pkgconfig/absl_check.pc
  -- Up-to-date: D:/Projects/Refine/Comm/Grpc/refine-grpc/vs_proj/lib_nn_x64/lib/pkgconfig/absl_die_if_null.pc
  -- Up-to-date: D:/Projects/Refine/Comm/Grpc/refine-grpc/vs_proj/lib_nn_x64/lib/absl_die_if_null_d_nx.lib
  -- Up-to-date: D:/Projects/Refine/Comm/Grpc/refine-grpc/vs_proj/lib_nn_x64/lib/pkgconfig/absl_log_globals.pc
  -- Up-to-date: D:/Projects/Refine/Comm/Grpc/refine-grpc/vs_proj/lib_nn_x64/lib/absl_log_globals_d_nx.lib
  -- Up-to-date: D:/Projects/Refine/Comm/Grpc/refine-grpc/vs_proj/lib_nn_x64/lib/pkgconfig/absl_log_initialize.pc
  -- Up-to-date: D:/Projects/Refine/Comm/Grpc/refine-grpc/vs_proj/lib_nn_x64/lib/absl_log_initialize_d_nx.lib
  -- Up-to-date: D:/Projects/Refine/Comm/Grpc/refine-grpc/vs_proj/lib_nn_x64/lib/pkgconfig/absl_log.pc
  -- Up-to-date: D:/Projects/Refine/Comm/Grpc/refine-grpc/vs_proj/lib_nn_x64/lib/pkgconfig/absl_log_entry.pc
  -- Up-to-date: D:/Projects/Refine/Comm/Grpc/refine-grpc/vs_proj/lib_nn_x64/lib/pkgconfig/absl_log_sink.pc
  -- Up-to-date: D:/Projects/Refine/Comm/Grpc/refine-grpc/vs_proj/lib_nn_x64/lib/absl_log_sink_d_nx.lib
  -- Up-to-date: D:/Projects/Refine/Comm/Grpc/refine-grpc/vs_proj/lib_nn_x64/lib/pkgconfig/absl_log_sink_registry.pc
  -- Up-to-date: D:/Projects/Refine/Comm/Grpc/refine-grpc/vs_proj/lib_nn_x64/lib/pkgconfig/absl_log_streamer.pc
  -- Up-to-date: D:/Projects/Refine/Comm/Grpc/refine-grpc/vs_proj/lib_nn_x64/lib/pkgconfig/absl_log_internal_structured.pc
  -- Up-to-date: D:/Projects/Refine/Comm/Grpc/refine-grpc/vs_proj/lib_nn_x64/lib/pkgconfig/absl_log_internal_structured_proto.pc
  -- Up-to-date: D:/Projects/Refine/Comm/Grpc/refine-grpc/vs_proj/lib_nn_x64/lib/absl_log_internal_structured_proto_d_nx.lib
  -- Up-to-date: D:/Projects/Refine/Comm/Grpc/refine-grpc/vs_proj/lib_nn_x64/lib/pkgconfig/absl_log_structured.pc
  -- Up-to-date: D:/Projects/Refine/Comm/Grpc/refine-grpc/vs_proj/lib_nn_x64/lib/pkgconfig/absl_vlog_config_internal.pc
  -- Up-to-date: D:/Projects/Refine/Comm/Grpc/refine-grpc/vs_proj/lib_nn_x64/lib/absl_vlog_config_internal_d_nx.lib
  -- Up-to-date: D:/Projects/Refine/Comm/Grpc/refine-grpc/vs_proj/lib_nn_x64/lib/pkgconfig/absl_absl_vlog_is_on.pc
  -- Up-to-date: D:/Projects/Refine/Comm/Grpc/refine-grpc/vs_proj/lib_nn_x64/lib/pkgconfig/absl_vlog_is_on.pc
  -- Up-to-date: D:/Projects/Refine/Comm/Grpc/refine-grpc/vs_proj/lib_nn_x64/lib/pkgconfig/absl_log_internal_fnmatch.pc
  -- Up-to-date: D:/Projects/Refine/Comm/Grpc/refine-grpc/vs_proj/lib_nn_x64/lib/absl_log_internal_fnmatch_d_nx.lib
  -- Up-to-date: D:/Projects/Refine/Comm/Grpc/refine-grpc/vs_proj/lib_nn_x64/lib/pkgconfig/absl_bits.pc
  -- Up-to-date: D:/Projects/Refine/Comm/Grpc/refine-grpc/vs_proj/lib_nn_x64/lib/pkgconfig/absl_int128.pc
  -- Up-to-date: D:/Projects/Refine/Comm/Grpc/refine-grpc/vs_proj/lib_nn_x64/lib/absl_int128_d_nx.lib
  -- Up-to-date: D:/Projects/Refine/Comm/Grpc/refine-grpc/vs_proj/lib_nn_x64/lib/pkgconfig/absl_numeric.pc
  -- Up-to-date: D:/Projects/Refine/Comm/Grpc/refine-grpc/vs_proj/lib_nn_x64/lib/pkgconfig/absl_numeric_representation.pc
  -- Up-to-date: D:/Projects/Refine/Comm/Grpc/refine-grpc/vs_proj/lib_nn_x64/lib/pkgconfig/absl_sample_recorder.pc
  -- Up-to-date: D:/Projects/Refine/Comm/Grpc/refine-grpc/vs_proj/lib_nn_x64/lib/pkgconfig/absl_exponential_biased.pc
  -- Up-to-date: D:/Projects/Refine/Comm/Grpc/refine-grpc/vs_proj/lib_nn_x64/lib/absl_exponential_biased_d_nx.lib
  -- Up-to-date: D:/Projects/Refine/Comm/Grpc/refine-grpc/vs_proj/lib_nn_x64/lib/pkgconfig/absl_random_random.pc
  -- Up-to-date: D:/Projects/Refine/Comm/Grpc/refine-grpc/vs_proj/lib_nn_x64/lib/pkgconfig/absl_random_bit_gen_ref.pc
  -- Up-to-date: D:/Projects/Refine/Comm/Grpc/refine-grpc/vs_proj/lib_nn_x64/lib/pkgconfig/absl_random_internal_mock_helpers.pc
  -- Up-to-date: D:/Projects/Refine/Comm/Grpc/refine-grpc/vs_proj/lib_nn_x64/lib/pkgconfig/absl_random_distributions.pc
  -- Up-to-date: D:/Projects/Refine/Comm/Grpc/refine-grpc/vs_proj/lib_nn_x64/lib/absl_random_distributions_d_nx.lib
  -- Up-to-date: D:/Projects/Refine/Comm/Grpc/refine-grpc/vs_proj/lib_nn_x64/lib/pkgconfig/absl_random_seed_gen_exception.pc
  -- Up-to-date: D:/Projects/Refine/Comm/Grpc/refine-grpc/vs_proj/lib_nn_x64/lib/absl_random_seed_gen_exception_d_nx.lib
  -- Up-to-date: D:/Projects/Refine/Comm/Grpc/refine-grpc/vs_proj/lib_nn_x64/lib/pkgconfig/absl_random_seed_sequences.pc
  -- Up-to-date: D:/Projects/Refine/Comm/Grpc/refine-grpc/vs_proj/lib_nn_x64/lib/absl_random_seed_sequences_d_nx.lib
  -- Up-to-date: D:/Projects/Refine/Comm/Grpc/refine-grpc/vs_proj/lib_nn_x64/lib/pkgconfig/absl_random_internal_traits.pc
  -- Up-to-date: D:/Projects/Refine/Comm/Grpc/refine-grpc/vs_proj/lib_nn_x64/lib/pkgconfig/absl_random_internal_distribution_caller.pc
  -- Up-to-date: D:/Projects/Refine/Comm/Grpc/refine-grpc/vs_proj/lib_nn_x64/lib/pkgconfig/absl_random_internal_fast_uniform_bits.pc
  -- Up-to-date: D:/Projects/Refine/Comm/Grpc/refine-grpc/vs_proj/lib_nn_x64/lib/pkgconfig/absl_random_internal_seed_material.pc
  -- Up-to-date: D:/Projects/Refine/Comm/Grpc/refine-grpc/vs_proj/lib_nn_x64/lib/absl_random_internal_seed_material_d_nx.lib
  -- Up-to-date: D:/Projects/Refine/Comm/Grpc/refine-grpc/vs_proj/lib_nn_x64/lib/pkgconfig/absl_random_internal_entropy_pool.pc
  -- Up-to-date: D:/Projects/Refine/Comm/Grpc/refine-grpc/vs_proj/lib_nn_x64/lib/absl_random_internal_entropy_pool_d_nx.lib
  -- Up-to-date: D:/Projects/Refine/Comm/Grpc/refine-grpc/vs_proj/lib_nn_x64/lib/pkgconfig/absl_random_internal_salted_seed_seq.pc
  -- Up-to-date: D:/Projects/Refine/Comm/Grpc/refine-grpc/vs_proj/lib_nn_x64/lib/pkgconfig/absl_random_internal_iostream_state_saver.pc
  -- Up-to-date: D:/Projects/Refine/Comm/Grpc/refine-grpc/vs_proj/lib_nn_x64/lib/pkgconfig/absl_random_internal_generate_real.pc
  -- Up-to-date: D:/Projects/Refine/Comm/Grpc/refine-grpc/vs_proj/lib_nn_x64/lib/pkgconfig/absl_random_internal_wide_multiply.pc
  -- Up-to-date: D:/Projects/Refine/Comm/Grpc/refine-grpc/vs_proj/lib_nn_x64/lib/pkgconfig/absl_random_internal_fastmath.pc
  -- Up-to-date: D:/Projects/Refine/Comm/Grpc/refine-grpc/vs_proj/lib_nn_x64/lib/pkgconfig/absl_random_internal_nonsecure_base.pc
  -- Up-to-date: D:/Projects/Refine/Comm/Grpc/refine-grpc/vs_proj/lib_nn_x64/lib/pkgconfig/absl_random_internal_pcg_engine.pc
  -- Up-to-date: D:/Projects/Refine/Comm/Grpc/refine-grpc/vs_proj/lib_nn_x64/lib/pkgconfig/absl_random_internal_randen_engine.pc
  -- Up-to-date: D:/Projects/Refine/Comm/Grpc/refine-grpc/vs_proj/lib_nn_x64/lib/pkgconfig/absl_random_internal_platform.pc
  -- Up-to-date: D:/Projects/Refine/Comm/Grpc/refine-grpc/vs_proj/lib_nn_x64/lib/absl_random_internal_platform_d_nx.lib
  -- Up-to-date: D:/Projects/Refine/Comm/Grpc/refine-grpc/vs_proj/lib_nn_x64/lib/pkgconfig/absl_random_internal_randen.pc
  -- Up-to-date: D:/Projects/Refine/Comm/Grpc/refine-grpc/vs_proj/lib_nn_x64/lib/absl_random_internal_randen_d_nx.lib
  -- Up-to-date: D:/Projects/Refine/Comm/Grpc/refine-grpc/vs_proj/lib_nn_x64/lib/pkgconfig/absl_random_internal_randen_slow.pc
  -- Up-to-date: D:/Projects/Refine/Comm/Grpc/refine-grpc/vs_proj/lib_nn_x64/lib/absl_random_internal_randen_slow_d_nx.lib
  -- Up-to-date: D:/Projects/Refine/Comm/Grpc/refine-grpc/vs_proj/lib_nn_x64/lib/pkgconfig/absl_random_internal_randen_hwaes.pc
  -- Up-to-date: D:/Projects/Refine/Comm/Grpc/refine-grpc/vs_proj/lib_nn_x64/lib/absl_random_internal_randen_hwaes_d_nx.lib
  -- Up-to-date: D:/Projects/Refine/Comm/Grpc/refine-grpc/vs_proj/lib_nn_x64/lib/pkgconfig/absl_random_internal_randen_hwaes_impl.pc
  -- Up-to-date: D:/Projects/Refine/Comm/Grpc/refine-grpc/vs_proj/lib_nn_x64/lib/absl_random_internal_randen_hwaes_impl_d_nx.lib
  -- Up-to-date: D:/Projects/Refine/Comm/Grpc/refine-grpc/vs_proj/lib_nn_x64/lib/pkgconfig/absl_random_internal_uniform_helper.pc
  -- Up-to-date: D:/Projects/Refine/Comm/Grpc/refine-grpc/vs_proj/lib_nn_x64/lib/pkgconfig/absl_status.pc
  -- Up-to-date: D:/Projects/Refine/Comm/Grpc/refine-grpc/vs_proj/lib_nn_x64/lib/absl_status_d_nx.lib
  -- Up-to-date: D:/Projects/Refine/Comm/Grpc/refine-grpc/vs_proj/lib_nn_x64/lib/pkgconfig/absl_statusor.pc
  -- Up-to-date: D:/Projects/Refine/Comm/Grpc/refine-grpc/vs_proj/lib_nn_x64/lib/absl_statusor_d_nx.lib
  -- Up-to-date: D:/Projects/Refine/Comm/Grpc/refine-grpc/vs_proj/lib_nn_x64/lib/pkgconfig/absl_string_view.pc
  -- Up-to-date: D:/Projects/Refine/Comm/Grpc/refine-grpc/vs_proj/lib_nn_x64/lib/absl_string_view_d_nx.lib
  -- Up-to-date: D:/Projects/Refine/Comm/Grpc/refine-grpc/vs_proj/lib_nn_x64/lib/pkgconfig/absl_strings.pc
  -- Up-to-date: D:/Projects/Refine/Comm/Grpc/refine-grpc/vs_proj/lib_nn_x64/lib/absl_strings_d_nx.lib
  -- Up-to-date: D:/Projects/Refine/Comm/Grpc/refine-grpc/vs_proj/lib_nn_x64/lib/pkgconfig/absl_charset.pc
  -- Up-to-date: D:/Projects/Refine/Comm/Grpc/refine-grpc/vs_proj/lib_nn_x64/lib/pkgconfig/absl_has_ostream_operator.pc
  -- Up-to-date: D:/Projects/Refine/Comm/Grpc/refine-grpc/vs_proj/lib_nn_x64/lib/pkgconfig/absl_strings_internal.pc
  -- Up-to-date: D:/Projects/Refine/Comm/Grpc/refine-grpc/vs_proj/lib_nn_x64/lib/absl_strings_internal_d_nx.lib
  -- Up-to-date: D:/Projects/Refine/Comm/Grpc/refine-grpc/vs_proj/lib_nn_x64/lib/pkgconfig/absl_str_format.pc
  -- Up-to-date: D:/Projects/Refine/Comm/Grpc/refine-grpc/vs_proj/lib_nn_x64/lib/pkgconfig/absl_str_format_internal.pc
  -- Up-to-date: D:/Projects/Refine/Comm/Grpc/refine-grpc/vs_proj/lib_nn_x64/lib/absl_str_format_internal_d_nx.lib
  -- Up-to-date: D:/Projects/Refine/Comm/Grpc/refine-grpc/vs_proj/lib_nn_x64/lib/pkgconfig/absl_cord_internal.pc
  -- Up-to-date: D:/Projects/Refine/Comm/Grpc/refine-grpc/vs_proj/lib_nn_x64/lib/absl_cord_internal_d_nx.lib
  -- Up-to-date: D:/Projects/Refine/Comm/Grpc/refine-grpc/vs_proj/lib_nn_x64/lib/pkgconfig/absl_cordz_update_tracker.pc
  -- Up-to-date: D:/Projects/Refine/Comm/Grpc/refine-grpc/vs_proj/lib_nn_x64/lib/pkgconfig/absl_cordz_functions.pc
  -- Up-to-date: D:/Projects/Refine/Comm/Grpc/refine-grpc/vs_proj/lib_nn_x64/lib/absl_cordz_functions_d_nx.lib
  -- Up-to-date: D:/Projects/Refine/Comm/Grpc/refine-grpc/vs_proj/lib_nn_x64/lib/pkgconfig/absl_cordz_statistics.pc
  -- Up-to-date: D:/Projects/Refine/Comm/Grpc/refine-grpc/vs_proj/lib_nn_x64/lib/pkgconfig/absl_cordz_handle.pc
  -- Up-to-date: D:/Projects/Refine/Comm/Grpc/refine-grpc/vs_proj/lib_nn_x64/lib/absl_cordz_handle_d_nx.lib
  -- Up-to-date: D:/Projects/Refine/Comm/Grpc/refine-grpc/vs_proj/lib_nn_x64/lib/pkgconfig/absl_cordz_info.pc
  -- Up-to-date: D:/Projects/Refine/Comm/Grpc/refine-grpc/vs_proj/lib_nn_x64/lib/absl_cordz_info_d_nx.lib
  -- Up-to-date: D:/Projects/Refine/Comm/Grpc/refine-grpc/vs_proj/lib_nn_x64/lib/pkgconfig/absl_cordz_update_scope.pc
  -- Up-to-date: D:/Projects/Refine/Comm/Grpc/refine-grpc/vs_proj/lib_nn_x64/lib/pkgconfig/absl_cord.pc
  -- Up-to-date: D:/Projects/Refine/Comm/Grpc/refine-grpc/vs_proj/lib_nn_x64/lib/absl_cord_d_nx.lib
  -- Up-to-date: D:/Projects/Refine/Comm/Grpc/refine-grpc/vs_proj/lib_nn_x64/lib/pkgconfig/absl_graphcycles_internal.pc
  -- Up-to-date: D:/Projects/Refine/Comm/Grpc/refine-grpc/vs_proj/lib_nn_x64/lib/absl_graphcycles_internal_d_nx.lib
  -- Up-to-date: D:/Projects/Refine/Comm/Grpc/refine-grpc/vs_proj/lib_nn_x64/lib/pkgconfig/absl_kernel_timeout_internal.pc
  -- Up-to-date: D:/Projects/Refine/Comm/Grpc/refine-grpc/vs_proj/lib_nn_x64/lib/absl_kernel_timeout_internal_d_nx.lib
  -- Up-to-date: D:/Projects/Refine/Comm/Grpc/refine-grpc/vs_proj/lib_nn_x64/lib/pkgconfig/absl_synchronization.pc
  -- Up-to-date: D:/Projects/Refine/Comm/Grpc/refine-grpc/vs_proj/lib_nn_x64/lib/absl_synchronization_d_nx.lib
  -- Up-to-date: D:/Projects/Refine/Comm/Grpc/refine-grpc/vs_proj/lib_nn_x64/lib/pkgconfig/absl_time.pc
  -- Up-to-date: D:/Projects/Refine/Comm/Grpc/refine-grpc/vs_proj/lib_nn_x64/lib/absl_time_d_nx.lib
  -- Up-to-date: D:/Projects/Refine/Comm/Grpc/refine-grpc/vs_proj/lib_nn_x64/lib/pkgconfig/absl_civil_time.pc
  -- Up-to-date: D:/Projects/Refine/Comm/Grpc/refine-grpc/vs_proj/lib_nn_x64/lib/absl_civil_time_d_nx.lib
  -- Up-to-date: D:/Projects/Refine/Comm/Grpc/refine-grpc/vs_proj/lib_nn_x64/lib/pkgconfig/absl_time_zone.pc
  -- Up-to-date: D:/Projects/Refine/Comm/Grpc/refine-grpc/vs_proj/lib_nn_x64/lib/absl_time_zone_d_nx.lib
  -- Up-to-date: D:/Projects/Refine/Comm/Grpc/refine-grpc/vs_proj/lib_nn_x64/lib/cmake/absl/abslTargets.cmake
  -- Up-to-date: D:/Projects/Refine/Comm/Grpc/refine-grpc/vs_proj/lib_nn_x64/lib/cmake/absl/abslConfig.cmake
  -- Up-to-date: D:/Projects/Refine/Comm/Grpc/refine-grpc/vs_proj/lib_nn_x64/lib/cmake/absl/abslConfigVersion.cmake
  -- Up-to-date: D:/Projects/Refine/Comm/Grpc/refine-grpc/vs_proj/lib_nn_x64/include/absl
  -- Up-to-date: D:/Projects/Refine/Comm/Grpc/refine-grpc/vs_proj/lib_nn_x64/include/absl/algorithm
  -- Up-to-date: D:/Projects/Refine/Comm/Grpc/refine-grpc/vs_proj/lib_nn_x64/include/absl/algorithm/algorithm.h
  -- Up-to-date: D:/Projects/Refine/Comm/Grpc/refine-grpc/vs_proj/lib_nn_x64/include/absl/algorithm/container.h
  -- Up-to-date: D:/Projects/Refine/Comm/Grpc/refine-grpc/vs_proj/lib_nn_x64/include/absl/base
  -- Up-to-date: D:/Projects/Refine/Comm/Grpc/refine-grpc/vs_proj/lib_nn_x64/include/absl/base/attributes.h
  -- Up-to-date: D:/Projects/Refine/Comm/Grpc/refine-grpc/vs_proj/lib_nn_x64/include/absl/base/call_once.h
  -- Up-to-date: D:/Projects/Refine/Comm/Grpc/refine-grpc/vs_proj/lib_nn_x64/include/absl/base/casts.h
  -- Up-to-date: D:/Projects/Refine/Comm/Grpc/refine-grpc/vs_proj/lib_nn_x64/include/absl/base/config.h
  -- Up-to-date: D:/Projects/Refine/Comm/Grpc/refine-grpc/vs_proj/lib_nn_x64/include/absl/base/const_init.h
  -- Up-to-date: D:/Projects/Refine/Comm/Grpc/refine-grpc/vs_proj/lib_nn_x64/include/absl/base/dynamic_annotations.h
  -- Up-to-date: D:/Projects/Refine/Comm/Grpc/refine-grpc/vs_proj/lib_nn_x64/include/absl/base/fast_type_id.h
  -- Up-to-date: D:/Projects/Refine/Comm/Grpc/refine-grpc/vs_proj/lib_nn_x64/include/absl/base/internal
  -- Up-to-date: D:/Projects/Refine/Comm/Grpc/refine-grpc/vs_proj/lib_nn_x64/include/absl/base/internal/atomic_hook.h
  -- Up-to-date: D:/Projects/Refine/Comm/Grpc/refine-grpc/vs_proj/lib_nn_x64/include/absl/base/internal/atomic_hook_test_helper.h
  -- Up-to-date: D:/Projects/Refine/Comm/Grpc/refine-grpc/vs_proj/lib_nn_x64/include/absl/base/internal/cycleclock.h
  -- Up-to-date: D:/Projects/Refine/Comm/Grpc/refine-grpc/vs_proj/lib_nn_x64/include/absl/base/internal/cycleclock_config.h
  -- Up-to-date: D:/Projects/Refine/Comm/Grpc/refine-grpc/vs_proj/lib_nn_x64/include/absl/base/internal/direct_mmap.h
  -- Up-to-date: D:/Projects/Refine/Comm/Grpc/refine-grpc/vs_proj/lib_nn_x64/include/absl/base/internal/dynamic_annotations.h
  -- Up-to-date: D:/Projects/Refine/Comm/Grpc/refine-grpc/vs_proj/lib_nn_x64/include/absl/base/internal/endian.h
  -- Up-to-date: D:/Projects/Refine/Comm/Grpc/refine-grpc/vs_proj/lib_nn_x64/include/absl/base/internal/errno_saver.h
  -- Up-to-date: D:/Projects/Refine/Comm/Grpc/refine-grpc/vs_proj/lib_nn_x64/include/absl/base/internal/exception_safety_testing.h
  -- Up-to-date: D:/Projects/Refine/Comm/Grpc/refine-grpc/vs_proj/lib_nn_x64/include/absl/base/internal/exception_testing.h
  -- Up-to-date: D:/Projects/Refine/Comm/Grpc/refine-grpc/vs_proj/lib_nn_x64/include/absl/base/internal/hide_ptr.h
  -- Up-to-date: D:/Projects/Refine/Comm/Grpc/refine-grpc/vs_proj/lib_nn_x64/include/absl/base/internal/identity.h
  -- Up-to-date: D:/Projects/Refine/Comm/Grpc/refine-grpc/vs_proj/lib_nn_x64/include/absl/base/internal/iterator_traits.h
  -- Up-to-date: D:/Projects/Refine/Comm/Grpc/refine-grpc/vs_proj/lib_nn_x64/include/absl/base/internal/iterator_traits_test_helper.h
  -- Up-to-date: D:/Projects/Refine/Comm/Grpc/refine-grpc/vs_proj/lib_nn_x64/include/absl/base/internal/low_level_alloc.h
  -- Up-to-date: D:/Projects/Refine/Comm/Grpc/refine-grpc/vs_proj/lib_nn_x64/include/absl/base/internal/low_level_scheduling.h
  -- Up-to-date: D:/Projects/Refine/Comm/Grpc/refine-grpc/vs_proj/lib_nn_x64/include/absl/base/internal/nullability_deprecated.h
  -- Up-to-date: D:/Projects/Refine/Comm/Grpc/refine-grpc/vs_proj/lib_nn_x64/include/absl/base/internal/per_thread_tls.h
  -- Up-to-date: D:/Projects/Refine/Comm/Grpc/refine-grpc/vs_proj/lib_nn_x64/include/absl/base/internal/poison.h
  -- Up-to-date: D:/Projects/Refine/Comm/Grpc/refine-grpc/vs_proj/lib_nn_x64/include/absl/base/internal/pretty_function.h
  -- Up-to-date: D:/Projects/Refine/Comm/Grpc/refine-grpc/vs_proj/lib_nn_x64/include/absl/base/internal/raw_logging.h
  -- Up-to-date: D:/Projects/Refine/Comm/Grpc/refine-grpc/vs_proj/lib_nn_x64/include/absl/base/internal/scheduling_mode.h
  -- Up-to-date: D:/Projects/Refine/Comm/Grpc/refine-grpc/vs_proj/lib_nn_x64/include/absl/base/internal/scoped_set_env.h
  -- Up-to-date: D:/Projects/Refine/Comm/Grpc/refine-grpc/vs_proj/lib_nn_x64/include/absl/base/internal/spinlock.h
  -- Up-to-date: D:/Projects/Refine/Comm/Grpc/refine-grpc/vs_proj/lib_nn_x64/include/absl/base/internal/spinlock_akaros.inc
  -- Up-to-date: D:/Projects/Refine/Comm/Grpc/refine-grpc/vs_proj/lib_nn_x64/include/absl/base/internal/spinlock_linux.inc
  -- Up-to-date: D:/Projects/Refine/Comm/Grpc/refine-grpc/vs_proj/lib_nn_x64/include/absl/base/internal/spinlock_posix.inc
  -- Up-to-date: D:/Projects/Refine/Comm/Grpc/refine-grpc/vs_proj/lib_nn_x64/include/absl/base/internal/spinlock_wait.h
  -- Up-to-date: D:/Projects/Refine/Comm/Grpc/refine-grpc/vs_proj/lib_nn_x64/include/absl/base/internal/spinlock_win32.inc
  -- Up-to-date: D:/Projects/Refine/Comm/Grpc/refine-grpc/vs_proj/lib_nn_x64/include/absl/base/internal/strerror.h
  -- Up-to-date: D:/Projects/Refine/Comm/Grpc/refine-grpc/vs_proj/lib_nn_x64/include/absl/base/internal/sysinfo.h
  -- Up-to-date: D:/Projects/Refine/Comm/Grpc/refine-grpc/vs_proj/lib_nn_x64/include/absl/base/internal/thread_identity.h
  -- Up-to-date: D:/Projects/Refine/Comm/Grpc/refine-grpc/vs_proj/lib_nn_x64/include/absl/base/internal/throw_delegate.h
  -- Up-to-date: D:/Projects/Refine/Comm/Grpc/refine-grpc/vs_proj/lib_nn_x64/include/absl/base/internal/tracing.h
  -- Up-to-date: D:/Projects/Refine/Comm/Grpc/refine-grpc/vs_proj/lib_nn_x64/include/absl/base/internal/tsan_mutex_interface.h
  -- Up-to-date: D:/Projects/Refine/Comm/Grpc/refine-grpc/vs_proj/lib_nn_x64/include/absl/base/internal/unaligned_access.h
  -- Up-to-date: D:/Projects/Refine/Comm/Grpc/refine-grpc/vs_proj/lib_nn_x64/include/absl/base/internal/unscaledcycleclock.h
  -- Up-to-date: D:/Projects/Refine/Comm/Grpc/refine-grpc/vs_proj/lib_nn_x64/include/absl/base/internal/unscaledcycleclock_config.h
  -- Up-to-date: D:/Projects/Refine/Comm/Grpc/refine-grpc/vs_proj/lib_nn_x64/include/absl/base/log_severity.h
  -- Up-to-date: D:/Projects/Refine/Comm/Grpc/refine-grpc/vs_proj/lib_nn_x64/include/absl/base/macros.h
  -- Up-to-date: D:/Projects/Refine/Comm/Grpc/refine-grpc/vs_proj/lib_nn_x64/include/absl/base/no_destructor.h
  -- Up-to-date: D:/Projects/Refine/Comm/Grpc/refine-grpc/vs_proj/lib_nn_x64/include/absl/base/nullability.h
  -- Up-to-date: D:/Projects/Refine/Comm/Grpc/refine-grpc/vs_proj/lib_nn_x64/include/absl/base/optimization.h
  -- Up-to-date: D:/Projects/Refine/Comm/Grpc/refine-grpc/vs_proj/lib_nn_x64/include/absl/base/policy_checks.h
  -- Up-to-date: D:/Projects/Refine/Comm/Grpc/refine-grpc/vs_proj/lib_nn_x64/include/absl/base/port.h
  -- Up-to-date: D:/Projects/Refine/Comm/Grpc/refine-grpc/vs_proj/lib_nn_x64/include/absl/base/prefetch.h
  -- Up-to-date: D:/Projects/Refine/Comm/Grpc/refine-grpc/vs_proj/lib_nn_x64/include/absl/base/thread_annotations.h
  -- Up-to-date: D:/Projects/Refine/Comm/Grpc/refine-grpc/vs_proj/lib_nn_x64/include/absl/cleanup
  -- Up-to-date: D:/Projects/Refine/Comm/Grpc/refine-grpc/vs_proj/lib_nn_x64/include/absl/cleanup/cleanup.h
  -- Up-to-date: D:/Projects/Refine/Comm/Grpc/refine-grpc/vs_proj/lib_nn_x64/include/absl/cleanup/internal
  -- Up-to-date: D:/Projects/Refine/Comm/Grpc/refine-grpc/vs_proj/lib_nn_x64/include/absl/cleanup/internal/cleanup.h
  -- Up-to-date: D:/Projects/Refine/Comm/Grpc/refine-grpc/vs_proj/lib_nn_x64/include/absl/container
  -- Up-to-date: D:/Projects/Refine/Comm/Grpc/refine-grpc/vs_proj/lib_nn_x64/include/absl/container/btree_map.h
  -- Up-to-date: D:/Projects/Refine/Comm/Grpc/refine-grpc/vs_proj/lib_nn_x64/include/absl/container/btree_set.h
  -- Up-to-date: D:/Projects/Refine/Comm/Grpc/refine-grpc/vs_proj/lib_nn_x64/include/absl/container/btree_test.h
  -- Up-to-date: D:/Projects/Refine/Comm/Grpc/refine-grpc/vs_proj/lib_nn_x64/include/absl/container/fixed_array.h
  -- Up-to-date: D:/Projects/Refine/Comm/Grpc/refine-grpc/vs_proj/lib_nn_x64/include/absl/container/flat_hash_map.h
  -- Up-to-date: D:/Projects/Refine/Comm/Grpc/refine-grpc/vs_proj/lib_nn_x64/include/absl/container/flat_hash_set.h
  -- Up-to-date: D:/Projects/Refine/Comm/Grpc/refine-grpc/vs_proj/lib_nn_x64/include/absl/container/hash_container_defaults.h
  -- Up-to-date: D:/Projects/Refine/Comm/Grpc/refine-grpc/vs_proj/lib_nn_x64/include/absl/container/inlined_vector.h
  -- Up-to-date: D:/Projects/Refine/Comm/Grpc/refine-grpc/vs_proj/lib_nn_x64/include/absl/container/internal
  -- Up-to-date: D:/Projects/Refine/Comm/Grpc/refine-grpc/vs_proj/lib_nn_x64/include/absl/container/internal/btree.h
  -- Up-to-date: D:/Projects/Refine/Comm/Grpc/refine-grpc/vs_proj/lib_nn_x64/include/absl/container/internal/btree_container.h
  -- Up-to-date: D:/Projects/Refine/Comm/Grpc/refine-grpc/vs_proj/lib_nn_x64/include/absl/container/internal/common.h
  -- Up-to-date: D:/Projects/Refine/Comm/Grpc/refine-grpc/vs_proj/lib_nn_x64/include/absl/container/internal/common_policy_traits.h
  -- Up-to-date: D:/Projects/Refine/Comm/Grpc/refine-grpc/vs_proj/lib_nn_x64/include/absl/container/internal/compressed_tuple.h
  -- Up-to-date: D:/Projects/Refine/Comm/Grpc/refine-grpc/vs_proj/lib_nn_x64/include/absl/container/internal/container_memory.h
  -- Up-to-date: D:/Projects/Refine/Comm/Grpc/refine-grpc/vs_proj/lib_nn_x64/include/absl/container/internal/hashtablez_sampler.h
  -- Up-to-date: D:/Projects/Refine/Comm/Grpc/refine-grpc/vs_proj/lib_nn_x64/include/absl/container/internal/hashtable_control_bytes.h
  -- Up-to-date: D:/Projects/Refine/Comm/Grpc/refine-grpc/vs_proj/lib_nn_x64/include/absl/container/internal/hashtable_debug.h
  -- Up-to-date: D:/Projects/Refine/Comm/Grpc/refine-grpc/vs_proj/lib_nn_x64/include/absl/container/internal/hashtable_debug_hooks.h
  -- Up-to-date: D:/Projects/Refine/Comm/Grpc/refine-grpc/vs_proj/lib_nn_x64/include/absl/container/internal/hash_function_defaults.h
  -- Up-to-date: D:/Projects/Refine/Comm/Grpc/refine-grpc/vs_proj/lib_nn_x64/include/absl/container/internal/hash_generator_testing.h
  -- Up-to-date: D:/Projects/Refine/Comm/Grpc/refine-grpc/vs_proj/lib_nn_x64/include/absl/container/internal/hash_policy_testing.h
  -- Up-to-date: D:/Projects/Refine/Comm/Grpc/refine-grpc/vs_proj/lib_nn_x64/include/absl/container/internal/hash_policy_traits.h
  -- Up-to-date: D:/Projects/Refine/Comm/Grpc/refine-grpc/vs_proj/lib_nn_x64/include/absl/container/internal/inlined_vector.h
  -- Up-to-date: D:/Projects/Refine/Comm/Grpc/refine-grpc/vs_proj/lib_nn_x64/include/absl/container/internal/layout.h
  -- Up-to-date: D:/Projects/Refine/Comm/Grpc/refine-grpc/vs_proj/lib_nn_x64/include/absl/container/internal/node_slot_policy.h
  -- Up-to-date: D:/Projects/Refine/Comm/Grpc/refine-grpc/vs_proj/lib_nn_x64/include/absl/container/internal/raw_hash_map.h
  -- Up-to-date: D:/Projects/Refine/Comm/Grpc/refine-grpc/vs_proj/lib_nn_x64/include/absl/container/internal/raw_hash_set.h
  -- Up-to-date: D:/Projects/Refine/Comm/Grpc/refine-grpc/vs_proj/lib_nn_x64/include/absl/container/internal/raw_hash_set_resize_impl.h
  -- Up-to-date: D:/Projects/Refine/Comm/Grpc/refine-grpc/vs_proj/lib_nn_x64/include/absl/container/internal/test_allocator.h
  -- Up-to-date: D:/Projects/Refine/Comm/Grpc/refine-grpc/vs_proj/lib_nn_x64/include/absl/container/internal/test_instance_tracker.h
  -- Up-to-date: D:/Projects/Refine/Comm/Grpc/refine-grpc/vs_proj/lib_nn_x64/include/absl/container/internal/tracked.h
  -- Up-to-date: D:/Projects/Refine/Comm/Grpc/refine-grpc/vs_proj/lib_nn_x64/include/absl/container/internal/unordered_map_constructor_test.h
  -- Up-to-date: D:/Projects/Refine/Comm/Grpc/refine-grpc/vs_proj/lib_nn_x64/include/absl/container/internal/unordered_map_lookup_test.h
  -- Up-to-date: D:/Projects/Refine/Comm/Grpc/refine-grpc/vs_proj/lib_nn_x64/include/absl/container/internal/unordered_map_members_test.h
  -- Up-to-date: D:/Projects/Refine/Comm/Grpc/refine-grpc/vs_proj/lib_nn_x64/include/absl/container/internal/unordered_map_modifiers_test.h
  -- Up-to-date: D:/Projects/Refine/Comm/Grpc/refine-grpc/vs_proj/lib_nn_x64/include/absl/container/internal/unordered_set_constructor_test.h
  -- Up-to-date: D:/Projects/Refine/Comm/Grpc/refine-grpc/vs_proj/lib_nn_x64/include/absl/container/internal/unordered_set_lookup_test.h
  -- Up-to-date: D:/Projects/Refine/Comm/Grpc/refine-grpc/vs_proj/lib_nn_x64/include/absl/container/internal/unordered_set_members_test.h
  -- Up-to-date: D:/Projects/Refine/Comm/Grpc/refine-grpc/vs_proj/lib_nn_x64/include/absl/container/internal/unordered_set_modifiers_test.h
  -- Up-to-date: D:/Projects/Refine/Comm/Grpc/refine-grpc/vs_proj/lib_nn_x64/include/absl/container/node_hash_map.h
  -- Up-to-date: D:/Projects/Refine/Comm/Grpc/refine-grpc/vs_proj/lib_nn_x64/include/absl/container/node_hash_set.h
  -- Up-to-date: D:/Projects/Refine/Comm/Grpc/refine-grpc/vs_proj/lib_nn_x64/include/absl/crc
  -- Up-to-date: D:/Projects/Refine/Comm/Grpc/refine-grpc/vs_proj/lib_nn_x64/include/absl/crc/crc32c.h
  -- Up-to-date: D:/Projects/Refine/Comm/Grpc/refine-grpc/vs_proj/lib_nn_x64/include/absl/crc/internal
  -- Up-to-date: D:/Projects/Refine/Comm/Grpc/refine-grpc/vs_proj/lib_nn_x64/include/absl/crc/internal/cpu_detect.h
  -- Up-to-date: D:/Projects/Refine/Comm/Grpc/refine-grpc/vs_proj/lib_nn_x64/include/absl/crc/internal/crc.h
  -- Up-to-date: D:/Projects/Refine/Comm/Grpc/refine-grpc/vs_proj/lib_nn_x64/include/absl/crc/internal/crc32c.h
  -- Up-to-date: D:/Projects/Refine/Comm/Grpc/refine-grpc/vs_proj/lib_nn_x64/include/absl/crc/internal/crc32c_inline.h
  -- Up-to-date: D:/Projects/Refine/Comm/Grpc/refine-grpc/vs_proj/lib_nn_x64/include/absl/crc/internal/crc32_x86_arm_combined_simd.h
  -- Up-to-date: D:/Projects/Refine/Comm/Grpc/refine-grpc/vs_proj/lib_nn_x64/include/absl/crc/internal/crc_cord_state.h
  -- Up-to-date: D:/Projects/Refine/Comm/Grpc/refine-grpc/vs_proj/lib_nn_x64/include/absl/crc/internal/crc_internal.h
  -- Up-to-date: D:/Projects/Refine/Comm/Grpc/refine-grpc/vs_proj/lib_nn_x64/include/absl/crc/internal/crc_memcpy.h
  -- Up-to-date: D:/Projects/Refine/Comm/Grpc/refine-grpc/vs_proj/lib_nn_x64/include/absl/crc/internal/non_temporal_arm_intrinsics.h
  -- Up-to-date: D:/Projects/Refine/Comm/Grpc/refine-grpc/vs_proj/lib_nn_x64/include/absl/crc/internal/non_temporal_memcpy.h
  -- Up-to-date: D:/Projects/Refine/Comm/Grpc/refine-grpc/vs_proj/lib_nn_x64/include/absl/debugging
  -- Up-to-date: D:/Projects/Refine/Comm/Grpc/refine-grpc/vs_proj/lib_nn_x64/include/absl/debugging/failure_signal_handler.h
  -- Up-to-date: D:/Projects/Refine/Comm/Grpc/refine-grpc/vs_proj/lib_nn_x64/include/absl/debugging/internal
  -- Up-to-date: D:/Projects/Refine/Comm/Grpc/refine-grpc/vs_proj/lib_nn_x64/include/absl/debugging/internal/addresses.h
  -- Up-to-date: D:/Projects/Refine/Comm/Grpc/refine-grpc/vs_proj/lib_nn_x64/include/absl/debugging/internal/address_is_readable.h
  -- Up-to-date: D:/Projects/Refine/Comm/Grpc/refine-grpc/vs_proj/lib_nn_x64/include/absl/debugging/internal/bounded_utf8_length_sequence.h
  -- Up-to-date: D:/Projects/Refine/Comm/Grpc/refine-grpc/vs_proj/lib_nn_x64/include/absl/debugging/internal/decode_rust_punycode.h
  -- Up-to-date: D:/Projects/Refine/Comm/Grpc/refine-grpc/vs_proj/lib_nn_x64/include/absl/debugging/internal/demangle.h
  -- Up-to-date: D:/Projects/Refine/Comm/Grpc/refine-grpc/vs_proj/lib_nn_x64/include/absl/debugging/internal/demangle_rust.h
  -- Up-to-date: D:/Projects/Refine/Comm/Grpc/refine-grpc/vs_proj/lib_nn_x64/include/absl/debugging/internal/elf_mem_image.h
  -- Up-to-date: D:/Projects/Refine/Comm/Grpc/refine-grpc/vs_proj/lib_nn_x64/include/absl/debugging/internal/examine_stack.h
  -- Up-to-date: D:/Projects/Refine/Comm/Grpc/refine-grpc/vs_proj/lib_nn_x64/include/absl/debugging/internal/stacktrace_aarch64-inl.inc
  -- Up-to-date: D:/Projects/Refine/Comm/Grpc/refine-grpc/vs_proj/lib_nn_x64/include/absl/debugging/internal/stacktrace_arm-inl.inc
  -- Up-to-date: D:/Projects/Refine/Comm/Grpc/refine-grpc/vs_proj/lib_nn_x64/include/absl/debugging/internal/stacktrace_config.h
  -- Up-to-date: D:/Projects/Refine/Comm/Grpc/refine-grpc/vs_proj/lib_nn_x64/include/absl/debugging/internal/stacktrace_emscripten-inl.inc
  -- Up-to-date: D:/Projects/Refine/Comm/Grpc/refine-grpc/vs_proj/lib_nn_x64/include/absl/debugging/internal/stacktrace_generic-inl.inc
  -- Up-to-date: D:/Projects/Refine/Comm/Grpc/refine-grpc/vs_proj/lib_nn_x64/include/absl/debugging/internal/stacktrace_powerpc-inl.inc
  -- Up-to-date: D:/Projects/Refine/Comm/Grpc/refine-grpc/vs_proj/lib_nn_x64/include/absl/debugging/internal/stacktrace_riscv-inl.inc
  -- Up-to-date: D:/Projects/Refine/Comm/Grpc/refine-grpc/vs_proj/lib_nn_x64/include/absl/debugging/internal/stacktrace_unimplemented-inl.inc
  -- Up-to-date: D:/Projects/Refine/Comm/Grpc/refine-grpc/vs_proj/lib_nn_x64/include/absl/debugging/internal/stacktrace_win32-inl.inc
  -- Up-to-date: D:/Projects/Refine/Comm/Grpc/refine-grpc/vs_proj/lib_nn_x64/include/absl/debugging/internal/stacktrace_x86-inl.inc
  -- Up-to-date: D:/Projects/Refine/Comm/Grpc/refine-grpc/vs_proj/lib_nn_x64/include/absl/debugging/internal/stack_consumption.h
  -- Up-to-date: D:/Projects/Refine/Comm/Grpc/refine-grpc/vs_proj/lib_nn_x64/include/absl/debugging/internal/symbolize.h
  -- Up-to-date: D:/Projects/Refine/Comm/Grpc/refine-grpc/vs_proj/lib_nn_x64/include/absl/debugging/internal/utf8_for_code_point.h
  -- Up-to-date: D:/Projects/Refine/Comm/Grpc/refine-grpc/vs_proj/lib_nn_x64/include/absl/debugging/internal/vdso_support.h
  -- Up-to-date: D:/Projects/Refine/Comm/Grpc/refine-grpc/vs_proj/lib_nn_x64/include/absl/debugging/leak_check.h
  -- Up-to-date: D:/Projects/Refine/Comm/Grpc/refine-grpc/vs_proj/lib_nn_x64/include/absl/debugging/stacktrace.h
  -- Up-to-date: D:/Projects/Refine/Comm/Grpc/refine-grpc/vs_proj/lib_nn_x64/include/absl/debugging/symbolize.h
  -- Up-to-date: D:/Projects/Refine/Comm/Grpc/refine-grpc/vs_proj/lib_nn_x64/include/absl/debugging/symbolize_darwin.inc
  -- Up-to-date: D:/Projects/Refine/Comm/Grpc/refine-grpc/vs_proj/lib_nn_x64/include/absl/debugging/symbolize_elf.inc
  -- Up-to-date: D:/Projects/Refine/Comm/Grpc/refine-grpc/vs_proj/lib_nn_x64/include/absl/debugging/symbolize_emscripten.inc
  -- Up-to-date: D:/Projects/Refine/Comm/Grpc/refine-grpc/vs_proj/lib_nn_x64/include/absl/debugging/symbolize_unimplemented.inc
  -- Up-to-date: D:/Projects/Refine/Comm/Grpc/refine-grpc/vs_proj/lib_nn_x64/include/absl/debugging/symbolize_win32.inc
  -- Up-to-date: D:/Projects/Refine/Comm/Grpc/refine-grpc/vs_proj/lib_nn_x64/include/absl/flags
  -- Up-to-date: D:/Projects/Refine/Comm/Grpc/refine-grpc/vs_proj/lib_nn_x64/include/absl/flags/commandlineflag.h
  -- Up-to-date: D:/Projects/Refine/Comm/Grpc/refine-grpc/vs_proj/lib_nn_x64/include/absl/flags/config.h
  -- Up-to-date: D:/Projects/Refine/Comm/Grpc/refine-grpc/vs_proj/lib_nn_x64/include/absl/flags/declare.h
  -- Up-to-date: D:/Projects/Refine/Comm/Grpc/refine-grpc/vs_proj/lib_nn_x64/include/absl/flags/flag.h
  -- Up-to-date: D:/Projects/Refine/Comm/Grpc/refine-grpc/vs_proj/lib_nn_x64/include/absl/flags/internal
  -- Up-to-date: D:/Projects/Refine/Comm/Grpc/refine-grpc/vs_proj/lib_nn_x64/include/absl/flags/internal/commandlineflag.h
  -- Up-to-date: D:/Projects/Refine/Comm/Grpc/refine-grpc/vs_proj/lib_nn_x64/include/absl/flags/internal/flag.h
  -- Up-to-date: D:/Projects/Refine/Comm/Grpc/refine-grpc/vs_proj/lib_nn_x64/include/absl/flags/internal/parse.h
  -- Up-to-date: D:/Projects/Refine/Comm/Grpc/refine-grpc/vs_proj/lib_nn_x64/include/absl/flags/internal/path_util.h
  -- Up-to-date: D:/Projects/Refine/Comm/Grpc/refine-grpc/vs_proj/lib_nn_x64/include/absl/flags/internal/private_handle_accessor.h
  -- Up-to-date: D:/Projects/Refine/Comm/Grpc/refine-grpc/vs_proj/lib_nn_x64/include/absl/flags/internal/program_name.h
  -- Up-to-date: D:/Projects/Refine/Comm/Grpc/refine-grpc/vs_proj/lib_nn_x64/include/absl/flags/internal/registry.h
  -- Up-to-date: D:/Projects/Refine/Comm/Grpc/refine-grpc/vs_proj/lib_nn_x64/include/absl/flags/internal/sequence_lock.h
  -- Up-to-date: D:/Projects/Refine/Comm/Grpc/refine-grpc/vs_proj/lib_nn_x64/include/absl/flags/internal/usage.h
  -- Up-to-date: D:/Projects/Refine/Comm/Grpc/refine-grpc/vs_proj/lib_nn_x64/include/absl/flags/marshalling.h
  -- Up-to-date: D:/Projects/Refine/Comm/Grpc/refine-grpc/vs_proj/lib_nn_x64/include/absl/flags/parse.h
  -- Up-to-date: D:/Projects/Refine/Comm/Grpc/refine-grpc/vs_proj/lib_nn_x64/include/absl/flags/reflection.h
  -- Up-to-date: D:/Projects/Refine/Comm/Grpc/refine-grpc/vs_proj/lib_nn_x64/include/absl/flags/usage.h
  -- Up-to-date: D:/Projects/Refine/Comm/Grpc/refine-grpc/vs_proj/lib_nn_x64/include/absl/flags/usage_config.h
  -- Up-to-date: D:/Projects/Refine/Comm/Grpc/refine-grpc/vs_proj/lib_nn_x64/include/absl/functional
  -- Up-to-date: D:/Projects/Refine/Comm/Grpc/refine-grpc/vs_proj/lib_nn_x64/include/absl/functional/any_invocable.h
  -- Up-to-date: D:/Projects/Refine/Comm/Grpc/refine-grpc/vs_proj/lib_nn_x64/include/absl/functional/bind_front.h
  -- Up-to-date: D:/Projects/Refine/Comm/Grpc/refine-grpc/vs_proj/lib_nn_x64/include/absl/functional/function_ref.h
  -- Up-to-date: D:/Projects/Refine/Comm/Grpc/refine-grpc/vs_proj/lib_nn_x64/include/absl/functional/internal
  -- Up-to-date: D:/Projects/Refine/Comm/Grpc/refine-grpc/vs_proj/lib_nn_x64/include/absl/functional/internal/any_invocable.h
  -- Up-to-date: D:/Projects/Refine/Comm/Grpc/refine-grpc/vs_proj/lib_nn_x64/include/absl/functional/internal/front_binder.h
  -- Up-to-date: D:/Projects/Refine/Comm/Grpc/refine-grpc/vs_proj/lib_nn_x64/include/absl/functional/internal/function_ref.h
  -- Up-to-date: D:/Projects/Refine/Comm/Grpc/refine-grpc/vs_proj/lib_nn_x64/include/absl/functional/overload.h
  -- Up-to-date: D:/Projects/Refine/Comm/Grpc/refine-grpc/vs_proj/lib_nn_x64/include/absl/hash
  -- Up-to-date: D:/Projects/Refine/Comm/Grpc/refine-grpc/vs_proj/lib_nn_x64/include/absl/hash/hash.h
  -- Up-to-date: D:/Projects/Refine/Comm/Grpc/refine-grpc/vs_proj/lib_nn_x64/include/absl/hash/hash_testing.h
  -- Up-to-date: D:/Projects/Refine/Comm/Grpc/refine-grpc/vs_proj/lib_nn_x64/include/absl/hash/internal
  -- Up-to-date: D:/Projects/Refine/Comm/Grpc/refine-grpc/vs_proj/lib_nn_x64/include/absl/hash/internal/city.h
  -- Up-to-date: D:/Projects/Refine/Comm/Grpc/refine-grpc/vs_proj/lib_nn_x64/include/absl/hash/internal/hash.h
  -- Up-to-date: D:/Projects/Refine/Comm/Grpc/refine-grpc/vs_proj/lib_nn_x64/include/absl/hash/internal/hash_test.h
  -- Up-to-date: D:/Projects/Refine/Comm/Grpc/refine-grpc/vs_proj/lib_nn_x64/include/absl/hash/internal/low_level_hash.h
  -- Up-to-date: D:/Projects/Refine/Comm/Grpc/refine-grpc/vs_proj/lib_nn_x64/include/absl/hash/internal/spy_hash_state.h
  -- Up-to-date: D:/Projects/Refine/Comm/Grpc/refine-grpc/vs_proj/lib_nn_x64/include/absl/hash/internal/weakly_mixed_integer.h
  -- Up-to-date: D:/Projects/Refine/Comm/Grpc/refine-grpc/vs_proj/lib_nn_x64/include/absl/log
  -- Up-to-date: D:/Projects/Refine/Comm/Grpc/refine-grpc/vs_proj/lib_nn_x64/include/absl/log/absl_check.h
  -- Up-to-date: D:/Projects/Refine/Comm/Grpc/refine-grpc/vs_proj/lib_nn_x64/include/absl/log/absl_log.h
  -- Up-to-date: D:/Projects/Refine/Comm/Grpc/refine-grpc/vs_proj/lib_nn_x64/include/absl/log/absl_vlog_is_on.h
  -- Up-to-date: D:/Projects/Refine/Comm/Grpc/refine-grpc/vs_proj/lib_nn_x64/include/absl/log/check.h
  -- Up-to-date: D:/Projects/Refine/Comm/Grpc/refine-grpc/vs_proj/lib_nn_x64/include/absl/log/check_test_impl.inc
  -- Up-to-date: D:/Projects/Refine/Comm/Grpc/refine-grpc/vs_proj/lib_nn_x64/include/absl/log/die_if_null.h
  -- Up-to-date: D:/Projects/Refine/Comm/Grpc/refine-grpc/vs_proj/lib_nn_x64/include/absl/log/flags.h
  -- Up-to-date: D:/Projects/Refine/Comm/Grpc/refine-grpc/vs_proj/lib_nn_x64/include/absl/log/globals.h
  -- Up-to-date: D:/Projects/Refine/Comm/Grpc/refine-grpc/vs_proj/lib_nn_x64/include/absl/log/initialize.h
  -- Up-to-date: D:/Projects/Refine/Comm/Grpc/refine-grpc/vs_proj/lib_nn_x64/include/absl/log/internal
  -- Up-to-date: D:/Projects/Refine/Comm/Grpc/refine-grpc/vs_proj/lib_nn_x64/include/absl/log/internal/append_truncated.h
  -- Up-to-date: D:/Projects/Refine/Comm/Grpc/refine-grpc/vs_proj/lib_nn_x64/include/absl/log/internal/check_impl.h
  -- Up-to-date: D:/Projects/Refine/Comm/Grpc/refine-grpc/vs_proj/lib_nn_x64/include/absl/log/internal/check_op.h
  -- Up-to-date: D:/Projects/Refine/Comm/Grpc/refine-grpc/vs_proj/lib_nn_x64/include/absl/log/internal/conditions.h
  -- Up-to-date: D:/Projects/Refine/Comm/Grpc/refine-grpc/vs_proj/lib_nn_x64/include/absl/log/internal/config.h
  -- Up-to-date: D:/Projects/Refine/Comm/Grpc/refine-grpc/vs_proj/lib_nn_x64/include/absl/log/internal/flags.h
  -- Up-to-date: D:/Projects/Refine/Comm/Grpc/refine-grpc/vs_proj/lib_nn_x64/include/absl/log/internal/fnmatch.h
  -- Up-to-date: D:/Projects/Refine/Comm/Grpc/refine-grpc/vs_proj/lib_nn_x64/include/absl/log/internal/globals.h
  -- Up-to-date: D:/Projects/Refine/Comm/Grpc/refine-grpc/vs_proj/lib_nn_x64/include/absl/log/internal/log_format.h
  -- Up-to-date: D:/Projects/Refine/Comm/Grpc/refine-grpc/vs_proj/lib_nn_x64/include/absl/log/internal/log_impl.h
  -- Up-to-date: D:/Projects/Refine/Comm/Grpc/refine-grpc/vs_proj/lib_nn_x64/include/absl/log/internal/log_message.h
  -- Up-to-date: D:/Projects/Refine/Comm/Grpc/refine-grpc/vs_proj/lib_nn_x64/include/absl/log/internal/log_sink_set.h
  -- Up-to-date: D:/Projects/Refine/Comm/Grpc/refine-grpc/vs_proj/lib_nn_x64/include/absl/log/internal/nullguard.h
  -- Up-to-date: D:/Projects/Refine/Comm/Grpc/refine-grpc/vs_proj/lib_nn_x64/include/absl/log/internal/nullstream.h
  -- Up-to-date: D:/Projects/Refine/Comm/Grpc/refine-grpc/vs_proj/lib_nn_x64/include/absl/log/internal/proto.h
  -- Up-to-date: D:/Projects/Refine/Comm/Grpc/refine-grpc/vs_proj/lib_nn_x64/include/absl/log/internal/strip.h
  -- Up-to-date: D:/Projects/Refine/Comm/Grpc/refine-grpc/vs_proj/lib_nn_x64/include/absl/log/internal/structured.h
  -- Up-to-date: D:/Projects/Refine/Comm/Grpc/refine-grpc/vs_proj/lib_nn_x64/include/absl/log/internal/structured_proto.h
  -- Up-to-date: D:/Projects/Refine/Comm/Grpc/refine-grpc/vs_proj/lib_nn_x64/include/absl/log/internal/test_actions.h
  -- Up-to-date: D:/Projects/Refine/Comm/Grpc/refine-grpc/vs_proj/lib_nn_x64/include/absl/log/internal/test_helpers.h
  -- Up-to-date: D:/Projects/Refine/Comm/Grpc/refine-grpc/vs_proj/lib_nn_x64/include/absl/log/internal/test_matchers.h
  -- Up-to-date: D:/Projects/Refine/Comm/Grpc/refine-grpc/vs_proj/lib_nn_x64/include/absl/log/internal/vlog_config.h
  -- Up-to-date: D:/Projects/Refine/Comm/Grpc/refine-grpc/vs_proj/lib_nn_x64/include/absl/log/internal/voidify.h
  -- Up-to-date: D:/Projects/Refine/Comm/Grpc/refine-grpc/vs_proj/lib_nn_x64/include/absl/log/log.h
  -- Up-to-date: D:/Projects/Refine/Comm/Grpc/refine-grpc/vs_proj/lib_nn_x64/include/absl/log/log_basic_test_impl.inc
  -- Up-to-date: D:/Projects/Refine/Comm/Grpc/refine-grpc/vs_proj/lib_nn_x64/include/absl/log/log_entry.h
  -- Up-to-date: D:/Projects/Refine/Comm/Grpc/refine-grpc/vs_proj/lib_nn_x64/include/absl/log/log_sink.h
  -- Up-to-date: D:/Projects/Refine/Comm/Grpc/refine-grpc/vs_proj/lib_nn_x64/include/absl/log/log_sink_registry.h
  -- Up-to-date: D:/Projects/Refine/Comm/Grpc/refine-grpc/vs_proj/lib_nn_x64/include/absl/log/log_streamer.h
  -- Up-to-date: D:/Projects/Refine/Comm/Grpc/refine-grpc/vs_proj/lib_nn_x64/include/absl/log/scoped_mock_log.h
  -- Up-to-date: D:/Projects/Refine/Comm/Grpc/refine-grpc/vs_proj/lib_nn_x64/include/absl/log/structured.h
  -- Up-to-date: D:/Projects/Refine/Comm/Grpc/refine-grpc/vs_proj/lib_nn_x64/include/absl/log/vlog_is_on.h
  -- Up-to-date: D:/Projects/Refine/Comm/Grpc/refine-grpc/vs_proj/lib_nn_x64/include/absl/memory
  -- Up-to-date: D:/Projects/Refine/Comm/Grpc/refine-grpc/vs_proj/lib_nn_x64/include/absl/memory/memory.h
  -- Up-to-date: D:/Projects/Refine/Comm/Grpc/refine-grpc/vs_proj/lib_nn_x64/include/absl/meta
  -- Up-to-date: D:/Projects/Refine/Comm/Grpc/refine-grpc/vs_proj/lib_nn_x64/include/absl/meta/type_traits.h
  -- Up-to-date: D:/Projects/Refine/Comm/Grpc/refine-grpc/vs_proj/lib_nn_x64/include/absl/numeric
  -- Up-to-date: D:/Projects/Refine/Comm/Grpc/refine-grpc/vs_proj/lib_nn_x64/include/absl/numeric/bits.h
  -- Up-to-date: D:/Projects/Refine/Comm/Grpc/refine-grpc/vs_proj/lib_nn_x64/include/absl/numeric/int128.h
  -- Up-to-date: D:/Projects/Refine/Comm/Grpc/refine-grpc/vs_proj/lib_nn_x64/include/absl/numeric/int128_have_intrinsic.inc
  -- Up-to-date: D:/Projects/Refine/Comm/Grpc/refine-grpc/vs_proj/lib_nn_x64/include/absl/numeric/int128_no_intrinsic.inc
  -- Up-to-date: D:/Projects/Refine/Comm/Grpc/refine-grpc/vs_proj/lib_nn_x64/include/absl/numeric/internal
  -- Up-to-date: D:/Projects/Refine/Comm/Grpc/refine-grpc/vs_proj/lib_nn_x64/include/absl/numeric/internal/bits.h
  -- Up-to-date: D:/Projects/Refine/Comm/Grpc/refine-grpc/vs_proj/lib_nn_x64/include/absl/numeric/internal/representation.h
  -- Up-to-date: D:/Projects/Refine/Comm/Grpc/refine-grpc/vs_proj/lib_nn_x64/include/absl/profiling
  -- Up-to-date: D:/Projects/Refine/Comm/Grpc/refine-grpc/vs_proj/lib_nn_x64/include/absl/profiling/internal
  -- Up-to-date: D:/Projects/Refine/Comm/Grpc/refine-grpc/vs_proj/lib_nn_x64/include/absl/profiling/internal/exponential_biased.h
  -- Up-to-date: D:/Projects/Refine/Comm/Grpc/refine-grpc/vs_proj/lib_nn_x64/include/absl/profiling/internal/periodic_sampler.h
  -- Up-to-date: D:/Projects/Refine/Comm/Grpc/refine-grpc/vs_proj/lib_nn_x64/include/absl/profiling/internal/sample_recorder.h
  -- Up-to-date: D:/Projects/Refine/Comm/Grpc/refine-grpc/vs_proj/lib_nn_x64/include/absl/random
  -- Up-to-date: D:/Projects/Refine/Comm/Grpc/refine-grpc/vs_proj/lib_nn_x64/include/absl/random/bernoulli_distribution.h
  -- Up-to-date: D:/Projects/Refine/Comm/Grpc/refine-grpc/vs_proj/lib_nn_x64/include/absl/random/beta_distribution.h
  -- Up-to-date: D:/Projects/Refine/Comm/Grpc/refine-grpc/vs_proj/lib_nn_x64/include/absl/random/bit_gen_ref.h
  -- Up-to-date: D:/Projects/Refine/Comm/Grpc/refine-grpc/vs_proj/lib_nn_x64/include/absl/random/discrete_distribution.h
  -- Up-to-date: D:/Projects/Refine/Comm/Grpc/refine-grpc/vs_proj/lib_nn_x64/include/absl/random/distributions.h
  -- Up-to-date: D:/Projects/Refine/Comm/Grpc/refine-grpc/vs_proj/lib_nn_x64/include/absl/random/exponential_distribution.h
  -- Up-to-date: D:/Projects/Refine/Comm/Grpc/refine-grpc/vs_proj/lib_nn_x64/include/absl/random/gaussian_distribution.h
  -- Up-to-date: D:/Projects/Refine/Comm/Grpc/refine-grpc/vs_proj/lib_nn_x64/include/absl/random/internal
  -- Up-to-date: D:/Projects/Refine/Comm/Grpc/refine-grpc/vs_proj/lib_nn_x64/include/absl/random/internal/chi_square.h
  -- Up-to-date: D:/Projects/Refine/Comm/Grpc/refine-grpc/vs_proj/lib_nn_x64/include/absl/random/internal/distribution_caller.h
  -- Up-to-date: D:/Projects/Refine/Comm/Grpc/refine-grpc/vs_proj/lib_nn_x64/include/absl/random/internal/distribution_test_util.h
  -- Up-to-date: D:/Projects/Refine/Comm/Grpc/refine-grpc/vs_proj/lib_nn_x64/include/absl/random/internal/entropy_pool.h
  -- Up-to-date: D:/Projects/Refine/Comm/Grpc/refine-grpc/vs_proj/lib_nn_x64/include/absl/random/internal/explicit_seed_seq.h
  -- Up-to-date: D:/Projects/Refine/Comm/Grpc/refine-grpc/vs_proj/lib_nn_x64/include/absl/random/internal/fastmath.h
  -- Up-to-date: D:/Projects/Refine/Comm/Grpc/refine-grpc/vs_proj/lib_nn_x64/include/absl/random/internal/fast_uniform_bits.h
  -- Up-to-date: D:/Projects/Refine/Comm/Grpc/refine-grpc/vs_proj/lib_nn_x64/include/absl/random/internal/generate_real.h
  -- Up-to-date: D:/Projects/Refine/Comm/Grpc/refine-grpc/vs_proj/lib_nn_x64/include/absl/random/internal/iostream_state_saver.h
  -- Up-to-date: D:/Projects/Refine/Comm/Grpc/refine-grpc/vs_proj/lib_nn_x64/include/absl/random/internal/mock_helpers.h
  -- Up-to-date: D:/Projects/Refine/Comm/Grpc/refine-grpc/vs_proj/lib_nn_x64/include/absl/random/internal/mock_overload_set.h
  -- Up-to-date: D:/Projects/Refine/Comm/Grpc/refine-grpc/vs_proj/lib_nn_x64/include/absl/random/internal/mock_validators.h
  -- Up-to-date: D:/Projects/Refine/Comm/Grpc/refine-grpc/vs_proj/lib_nn_x64/include/absl/random/internal/nanobenchmark.h
  -- Up-to-date: D:/Projects/Refine/Comm/Grpc/refine-grpc/vs_proj/lib_nn_x64/include/absl/random/internal/nonsecure_base.h
  -- Up-to-date: D:/Projects/Refine/Comm/Grpc/refine-grpc/vs_proj/lib_nn_x64/include/absl/random/internal/pcg_engine.h
  -- Up-to-date: D:/Projects/Refine/Comm/Grpc/refine-grpc/vs_proj/lib_nn_x64/include/absl/random/internal/platform.h
  -- Up-to-date: D:/Projects/Refine/Comm/Grpc/refine-grpc/vs_proj/lib_nn_x64/include/absl/random/internal/randen.h
  -- Up-to-date: D:/Projects/Refine/Comm/Grpc/refine-grpc/vs_proj/lib_nn_x64/include/absl/random/internal/randen_detect.h
  -- Up-to-date: D:/Projects/Refine/Comm/Grpc/refine-grpc/vs_proj/lib_nn_x64/include/absl/random/internal/randen_engine.h
  -- Up-to-date: D:/Projects/Refine/Comm/Grpc/refine-grpc/vs_proj/lib_nn_x64/include/absl/random/internal/randen_hwaes.h
  -- Up-to-date: D:/Projects/Refine/Comm/Grpc/refine-grpc/vs_proj/lib_nn_x64/include/absl/random/internal/randen_slow.h
  -- Up-to-date: D:/Projects/Refine/Comm/Grpc/refine-grpc/vs_proj/lib_nn_x64/include/absl/random/internal/randen_traits.h
  -- Up-to-date: D:/Projects/Refine/Comm/Grpc/refine-grpc/vs_proj/lib_nn_x64/include/absl/random/internal/salted_seed_seq.h
  -- Up-to-date: D:/Projects/Refine/Comm/Grpc/refine-grpc/vs_proj/lib_nn_x64/include/absl/random/internal/seed_material.h
  -- Up-to-date: D:/Projects/Refine/Comm/Grpc/refine-grpc/vs_proj/lib_nn_x64/include/absl/random/internal/sequence_urbg.h
  -- Up-to-date: D:/Projects/Refine/Comm/Grpc/refine-grpc/vs_proj/lib_nn_x64/include/absl/random/internal/traits.h
  -- Up-to-date: D:/Projects/Refine/Comm/Grpc/refine-grpc/vs_proj/lib_nn_x64/include/absl/random/internal/uniform_helper.h
  -- Up-to-date: D:/Projects/Refine/Comm/Grpc/refine-grpc/vs_proj/lib_nn_x64/include/absl/random/internal/wide_multiply.h
  -- Up-to-date: D:/Projects/Refine/Comm/Grpc/refine-grpc/vs_proj/lib_nn_x64/include/absl/random/log_uniform_int_distribution.h
  -- Up-to-date: D:/Projects/Refine/Comm/Grpc/refine-grpc/vs_proj/lib_nn_x64/include/absl/random/mocking_bit_gen.h
  -- Up-to-date: D:/Projects/Refine/Comm/Grpc/refine-grpc/vs_proj/lib_nn_x64/include/absl/random/mock_distributions.h
  -- Up-to-date: D:/Projects/Refine/Comm/Grpc/refine-grpc/vs_proj/lib_nn_x64/include/absl/random/poisson_distribution.h
  -- Up-to-date: D:/Projects/Refine/Comm/Grpc/refine-grpc/vs_proj/lib_nn_x64/include/absl/random/random.h
  -- Up-to-date: D:/Projects/Refine/Comm/Grpc/refine-grpc/vs_proj/lib_nn_x64/include/absl/random/seed_gen_exception.h
  -- Up-to-date: D:/Projects/Refine/Comm/Grpc/refine-grpc/vs_proj/lib_nn_x64/include/absl/random/seed_sequences.h
  -- Up-to-date: D:/Projects/Refine/Comm/Grpc/refine-grpc/vs_proj/lib_nn_x64/include/absl/random/uniform_int_distribution.h
  -- Up-to-date: D:/Projects/Refine/Comm/Grpc/refine-grpc/vs_proj/lib_nn_x64/include/absl/random/uniform_real_distribution.h
  -- Up-to-date: D:/Projects/Refine/Comm/Grpc/refine-grpc/vs_proj/lib_nn_x64/include/absl/random/zipf_distribution.h
  -- Up-to-date: D:/Projects/Refine/Comm/Grpc/refine-grpc/vs_proj/lib_nn_x64/include/absl/status
  -- Up-to-date: D:/Projects/Refine/Comm/Grpc/refine-grpc/vs_proj/lib_nn_x64/include/absl/status/internal
  -- Up-to-date: D:/Projects/Refine/Comm/Grpc/refine-grpc/vs_proj/lib_nn_x64/include/absl/status/internal/statusor_internal.h
  -- Up-to-date: D:/Projects/Refine/Comm/Grpc/refine-grpc/vs_proj/lib_nn_x64/include/absl/status/internal/status_internal.h
  -- Up-to-date: D:/Projects/Refine/Comm/Grpc/refine-grpc/vs_proj/lib_nn_x64/include/absl/status/internal/status_matchers.h
  -- Up-to-date: D:/Projects/Refine/Comm/Grpc/refine-grpc/vs_proj/lib_nn_x64/include/absl/status/status.h
  -- Up-to-date: D:/Projects/Refine/Comm/Grpc/refine-grpc/vs_proj/lib_nn_x64/include/absl/status/statusor.h
  -- Up-to-date: D:/Projects/Refine/Comm/Grpc/refine-grpc/vs_proj/lib_nn_x64/include/absl/status/status_matchers.h
  -- Up-to-date: D:/Projects/Refine/Comm/Grpc/refine-grpc/vs_proj/lib_nn_x64/include/absl/status/status_payload_printer.h
  -- Up-to-date: D:/Projects/Refine/Comm/Grpc/refine-grpc/vs_proj/lib_nn_x64/include/absl/strings
  -- Up-to-date: D:/Projects/Refine/Comm/Grpc/refine-grpc/vs_proj/lib_nn_x64/include/absl/strings/ascii.h
  -- Up-to-date: D:/Projects/Refine/Comm/Grpc/refine-grpc/vs_proj/lib_nn_x64/include/absl/strings/charconv.h
  -- Up-to-date: D:/Projects/Refine/Comm/Grpc/refine-grpc/vs_proj/lib_nn_x64/include/absl/strings/charset.h
  -- Up-to-date: D:/Projects/Refine/Comm/Grpc/refine-grpc/vs_proj/lib_nn_x64/include/absl/strings/cord.h
  -- Up-to-date: D:/Projects/Refine/Comm/Grpc/refine-grpc/vs_proj/lib_nn_x64/include/absl/strings/cordz_test_helpers.h
  -- Up-to-date: D:/Projects/Refine/Comm/Grpc/refine-grpc/vs_proj/lib_nn_x64/include/absl/strings/cord_analysis.h
  -- Up-to-date: D:/Projects/Refine/Comm/Grpc/refine-grpc/vs_proj/lib_nn_x64/include/absl/strings/cord_buffer.h
  -- Up-to-date: D:/Projects/Refine/Comm/Grpc/refine-grpc/vs_proj/lib_nn_x64/include/absl/strings/cord_test_helpers.h
  -- Up-to-date: D:/Projects/Refine/Comm/Grpc/refine-grpc/vs_proj/lib_nn_x64/include/absl/strings/escaping.h
  -- Up-to-date: D:/Projects/Refine/Comm/Grpc/refine-grpc/vs_proj/lib_nn_x64/include/absl/strings/has_absl_stringify.h
  -- Up-to-date: D:/Projects/Refine/Comm/Grpc/refine-grpc/vs_proj/lib_nn_x64/include/absl/strings/has_ostream_operator.h
  -- Up-to-date: D:/Projects/Refine/Comm/Grpc/refine-grpc/vs_proj/lib_nn_x64/include/absl/strings/internal
  -- Up-to-date: D:/Projects/Refine/Comm/Grpc/refine-grpc/vs_proj/lib_nn_x64/include/absl/strings/internal/charconv_bigint.h
  -- Up-to-date: D:/Projects/Refine/Comm/Grpc/refine-grpc/vs_proj/lib_nn_x64/include/absl/strings/internal/charconv_parse.h
  -- Up-to-date: D:/Projects/Refine/Comm/Grpc/refine-grpc/vs_proj/lib_nn_x64/include/absl/strings/internal/cordz_functions.h
  -- Up-to-date: D:/Projects/Refine/Comm/Grpc/refine-grpc/vs_proj/lib_nn_x64/include/absl/strings/internal/cordz_handle.h
  -- Up-to-date: D:/Projects/Refine/Comm/Grpc/refine-grpc/vs_proj/lib_nn_x64/include/absl/strings/internal/cordz_info.h
  -- Up-to-date: D:/Projects/Refine/Comm/Grpc/refine-grpc/vs_proj/lib_nn_x64/include/absl/strings/internal/cordz_sample_token.h
  -- Up-to-date: D:/Projects/Refine/Comm/Grpc/refine-grpc/vs_proj/lib_nn_x64/include/absl/strings/internal/cordz_statistics.h
  -- Up-to-date: D:/Projects/Refine/Comm/Grpc/refine-grpc/vs_proj/lib_nn_x64/include/absl/strings/internal/cordz_update_scope.h
  -- Up-to-date: D:/Projects/Refine/Comm/Grpc/refine-grpc/vs_proj/lib_nn_x64/include/absl/strings/internal/cordz_update_tracker.h
  -- Up-to-date: D:/Projects/Refine/Comm/Grpc/refine-grpc/vs_proj/lib_nn_x64/include/absl/strings/internal/cord_data_edge.h
  -- Up-to-date: D:/Projects/Refine/Comm/Grpc/refine-grpc/vs_proj/lib_nn_x64/include/absl/strings/internal/cord_internal.h
  -- Up-to-date: D:/Projects/Refine/Comm/Grpc/refine-grpc/vs_proj/lib_nn_x64/include/absl/strings/internal/cord_rep_btree.h
  -- Up-to-date: D:/Projects/Refine/Comm/Grpc/refine-grpc/vs_proj/lib_nn_x64/include/absl/strings/internal/cord_rep_btree_navigator.h
  -- Up-to-date: D:/Projects/Refine/Comm/Grpc/refine-grpc/vs_proj/lib_nn_x64/include/absl/strings/internal/cord_rep_btree_reader.h
  -- Up-to-date: D:/Projects/Refine/Comm/Grpc/refine-grpc/vs_proj/lib_nn_x64/include/absl/strings/internal/cord_rep_consume.h
  -- Up-to-date: D:/Projects/Refine/Comm/Grpc/refine-grpc/vs_proj/lib_nn_x64/include/absl/strings/internal/cord_rep_crc.h
  -- Up-to-date: D:/Projects/Refine/Comm/Grpc/refine-grpc/vs_proj/lib_nn_x64/include/absl/strings/internal/cord_rep_flat.h
  -- Up-to-date: D:/Projects/Refine/Comm/Grpc/refine-grpc/vs_proj/lib_nn_x64/include/absl/strings/internal/cord_rep_test_util.h
  -- Up-to-date: D:/Projects/Refine/Comm/Grpc/refine-grpc/vs_proj/lib_nn_x64/include/absl/strings/internal/damerau_levenshtein_distance.h
  -- Up-to-date: D:/Projects/Refine/Comm/Grpc/refine-grpc/vs_proj/lib_nn_x64/include/absl/strings/internal/escaping.h
  -- Up-to-date: D:/Projects/Refine/Comm/Grpc/refine-grpc/vs_proj/lib_nn_x64/include/absl/strings/internal/escaping_test_common.h
  -- Up-to-date: D:/Projects/Refine/Comm/Grpc/refine-grpc/vs_proj/lib_nn_x64/include/absl/strings/internal/memutil.h
  -- Up-to-date: D:/Projects/Refine/Comm/Grpc/refine-grpc/vs_proj/lib_nn_x64/include/absl/strings/internal/numbers_test_common.h
  -- Up-to-date: D:/Projects/Refine/Comm/Grpc/refine-grpc/vs_proj/lib_nn_x64/include/absl/strings/internal/ostringstream.h
  -- Up-to-date: D:/Projects/Refine/Comm/Grpc/refine-grpc/vs_proj/lib_nn_x64/include/absl/strings/internal/pow10_helper.h
  -- Up-to-date: D:/Projects/Refine/Comm/Grpc/refine-grpc/vs_proj/lib_nn_x64/include/absl/strings/internal/resize_uninitialized.h
  -- Up-to-date: D:/Projects/Refine/Comm/Grpc/refine-grpc/vs_proj/lib_nn_x64/include/absl/strings/internal/stl_type_traits.h
  -- Up-to-date: D:/Projects/Refine/Comm/Grpc/refine-grpc/vs_proj/lib_nn_x64/include/absl/strings/internal/stringify_sink.h
  -- Up-to-date: D:/Projects/Refine/Comm/Grpc/refine-grpc/vs_proj/lib_nn_x64/include/absl/strings/internal/string_constant.h
  -- Up-to-date: D:/Projects/Refine/Comm/Grpc/refine-grpc/vs_proj/lib_nn_x64/include/absl/strings/internal/str_format
  -- Up-to-date: D:/Projects/Refine/Comm/Grpc/refine-grpc/vs_proj/lib_nn_x64/include/absl/strings/internal/str_format/arg.h
  -- Up-to-date: D:/Projects/Refine/Comm/Grpc/refine-grpc/vs_proj/lib_nn_x64/include/absl/strings/internal/str_format/bind.h
  -- Up-to-date: D:/Projects/Refine/Comm/Grpc/refine-grpc/vs_proj/lib_nn_x64/include/absl/strings/internal/str_format/checker.h
  -- Up-to-date: D:/Projects/Refine/Comm/Grpc/refine-grpc/vs_proj/lib_nn_x64/include/absl/strings/internal/str_format/constexpr_parser.h
  -- Up-to-date: D:/Projects/Refine/Comm/Grpc/refine-grpc/vs_proj/lib_nn_x64/include/absl/strings/internal/str_format/extension.h
  -- Up-to-date: D:/Projects/Refine/Comm/Grpc/refine-grpc/vs_proj/lib_nn_x64/include/absl/strings/internal/str_format/float_conversion.h
  -- Up-to-date: D:/Projects/Refine/Comm/Grpc/refine-grpc/vs_proj/lib_nn_x64/include/absl/strings/internal/str_format/output.h
  -- Up-to-date: D:/Projects/Refine/Comm/Grpc/refine-grpc/vs_proj/lib_nn_x64/include/absl/strings/internal/str_format/parser.h
  -- Up-to-date: D:/Projects/Refine/Comm/Grpc/refine-grpc/vs_proj/lib_nn_x64/include/absl/strings/internal/str_join_internal.h
  -- Up-to-date: D:/Projects/Refine/Comm/Grpc/refine-grpc/vs_proj/lib_nn_x64/include/absl/strings/internal/str_split_internal.h
  -- Up-to-date: D:/Projects/Refine/Comm/Grpc/refine-grpc/vs_proj/lib_nn_x64/include/absl/strings/internal/utf8.h
  -- Up-to-date: D:/Projects/Refine/Comm/Grpc/refine-grpc/vs_proj/lib_nn_x64/include/absl/strings/match.h
  -- Up-to-date: D:/Projects/Refine/Comm/Grpc/refine-grpc/vs_proj/lib_nn_x64/include/absl/strings/numbers.h
  -- Up-to-date: D:/Projects/Refine/Comm/Grpc/refine-grpc/vs_proj/lib_nn_x64/include/absl/strings/string_view.h
  -- Up-to-date: D:/Projects/Refine/Comm/Grpc/refine-grpc/vs_proj/lib_nn_x64/include/absl/strings/strip.h
  -- Up-to-date: D:/Projects/Refine/Comm/Grpc/refine-grpc/vs_proj/lib_nn_x64/include/absl/strings/str_cat.h
  -- Up-to-date: D:/Projects/Refine/Comm/Grpc/refine-grpc/vs_proj/lib_nn_x64/include/absl/strings/str_format.h
  -- Up-to-date: D:/Projects/Refine/Comm/Grpc/refine-grpc/vs_proj/lib_nn_x64/include/absl/strings/str_join.h
  -- Up-to-date: D:/Projects/Refine/Comm/Grpc/refine-grpc/vs_proj/lib_nn_x64/include/absl/strings/str_replace.h
  -- Up-to-date: D:/Projects/Refine/Comm/Grpc/refine-grpc/vs_proj/lib_nn_x64/include/absl/strings/str_split.h
  -- Up-to-date: D:/Projects/Refine/Comm/Grpc/refine-grpc/vs_proj/lib_nn_x64/include/absl/strings/substitute.h
  -- Up-to-date: D:/Projects/Refine/Comm/Grpc/refine-grpc/vs_proj/lib_nn_x64/include/absl/synchronization
  -- Up-to-date: D:/Projects/Refine/Comm/Grpc/refine-grpc/vs_proj/lib_nn_x64/include/absl/synchronization/barrier.h
  -- Up-to-date: D:/Projects/Refine/Comm/Grpc/refine-grpc/vs_proj/lib_nn_x64/include/absl/synchronization/blocking_counter.h
  -- Up-to-date: D:/Projects/Refine/Comm/Grpc/refine-grpc/vs_proj/lib_nn_x64/include/absl/synchronization/internal
  -- Up-to-date: D:/Projects/Refine/Comm/Grpc/refine-grpc/vs_proj/lib_nn_x64/include/absl/synchronization/internal/create_thread_identity.h
  -- Up-to-date: D:/Projects/Refine/Comm/Grpc/refine-grpc/vs_proj/lib_nn_x64/include/absl/synchronization/internal/futex.h
  -- Up-to-date: D:/Projects/Refine/Comm/Grpc/refine-grpc/vs_proj/lib_nn_x64/include/absl/synchronization/internal/futex_waiter.h
  -- Up-to-date: D:/Projects/Refine/Comm/Grpc/refine-grpc/vs_proj/lib_nn_x64/include/absl/synchronization/internal/graphcycles.h
  -- Up-to-date: D:/Projects/Refine/Comm/Grpc/refine-grpc/vs_proj/lib_nn_x64/include/absl/synchronization/internal/kernel_timeout.h
  -- Up-to-date: D:/Projects/Refine/Comm/Grpc/refine-grpc/vs_proj/lib_nn_x64/include/absl/synchronization/internal/per_thread_sem.h
  -- Up-to-date: D:/Projects/Refine/Comm/Grpc/refine-grpc/vs_proj/lib_nn_x64/include/absl/synchronization/internal/pthread_waiter.h
  -- Up-to-date: D:/Projects/Refine/Comm/Grpc/refine-grpc/vs_proj/lib_nn_x64/include/absl/synchronization/internal/sem_waiter.h
  -- Up-to-date: D:/Projects/Refine/Comm/Grpc/refine-grpc/vs_proj/lib_nn_x64/include/absl/synchronization/internal/stdcpp_waiter.h
  -- Up-to-date: D:/Projects/Refine/Comm/Grpc/refine-grpc/vs_proj/lib_nn_x64/include/absl/synchronization/internal/thread_pool.h
  -- Up-to-date: D:/Projects/Refine/Comm/Grpc/refine-grpc/vs_proj/lib_nn_x64/include/absl/synchronization/internal/waiter.h
  -- Up-to-date: D:/Projects/Refine/Comm/Grpc/refine-grpc/vs_proj/lib_nn_x64/include/absl/synchronization/internal/waiter_base.h
  -- Up-to-date: D:/Projects/Refine/Comm/Grpc/refine-grpc/vs_proj/lib_nn_x64/include/absl/synchronization/internal/win32_waiter.h
  -- Up-to-date: D:/Projects/Refine/Comm/Grpc/refine-grpc/vs_proj/lib_nn_x64/include/absl/synchronization/mutex.h
  -- Up-to-date: D:/Projects/Refine/Comm/Grpc/refine-grpc/vs_proj/lib_nn_x64/include/absl/synchronization/notification.h
  -- Up-to-date: D:/Projects/Refine/Comm/Grpc/refine-grpc/vs_proj/lib_nn_x64/include/absl/time
  -- Up-to-date: D:/Projects/Refine/Comm/Grpc/refine-grpc/vs_proj/lib_nn_x64/include/absl/time/civil_time.h
  -- Up-to-date: D:/Projects/Refine/Comm/Grpc/refine-grpc/vs_proj/lib_nn_x64/include/absl/time/clock.h
  -- Up-to-date: D:/Projects/Refine/Comm/Grpc/refine-grpc/vs_proj/lib_nn_x64/include/absl/time/internal
  -- Up-to-date: D:/Projects/Refine/Comm/Grpc/refine-grpc/vs_proj/lib_nn_x64/include/absl/time/internal/cctz
  -- Up-to-date: D:/Projects/Refine/Comm/Grpc/refine-grpc/vs_proj/lib_nn_x64/include/absl/time/internal/cctz/include
  -- Up-to-date: D:/Projects/Refine/Comm/Grpc/refine-grpc/vs_proj/lib_nn_x64/include/absl/time/internal/cctz/include/cctz
  -- Up-to-date: D:/Projects/Refine/Comm/Grpc/refine-grpc/vs_proj/lib_nn_x64/include/absl/time/internal/cctz/include/cctz/civil_time.h
  -- Up-to-date: D:/Projects/Refine/Comm/Grpc/refine-grpc/vs_proj/lib_nn_x64/include/absl/time/internal/cctz/include/cctz/civil_time_detail.h
  -- Up-to-date: D:/Projects/Refine/Comm/Grpc/refine-grpc/vs_proj/lib_nn_x64/include/absl/time/internal/cctz/include/cctz/time_zone.h
  -- Up-to-date: D:/Projects/Refine/Comm/Grpc/refine-grpc/vs_proj/lib_nn_x64/include/absl/time/internal/cctz/include/cctz/zone_info_source.h
  -- Up-to-date: D:/Projects/Refine/Comm/Grpc/refine-grpc/vs_proj/lib_nn_x64/include/absl/time/internal/cctz/src
  -- Up-to-date: D:/Projects/Refine/Comm/Grpc/refine-grpc/vs_proj/lib_nn_x64/include/absl/time/internal/cctz/src/time_zone_fixed.h
  -- Up-to-date: D:/Projects/Refine/Comm/Grpc/refine-grpc/vs_proj/lib_nn_x64/include/absl/time/internal/cctz/src/time_zone_if.h
  -- Up-to-date: D:/Projects/Refine/Comm/Grpc/refine-grpc/vs_proj/lib_nn_x64/include/absl/time/internal/cctz/src/time_zone_impl.h
  -- Up-to-date: D:/Projects/Refine/Comm/Grpc/refine-grpc/vs_proj/lib_nn_x64/include/absl/time/internal/cctz/src/time_zone_info.h
  -- Up-to-date: D:/Projects/Refine/Comm/Grpc/refine-grpc/vs_proj/lib_nn_x64/include/absl/time/internal/cctz/src/time_zone_libc.h
  -- Up-to-date: D:/Projects/Refine/Comm/Grpc/refine-grpc/vs_proj/lib_nn_x64/include/absl/time/internal/cctz/src/time_zone_posix.h
  -- Up-to-date: D:/Projects/Refine/Comm/Grpc/refine-grpc/vs_proj/lib_nn_x64/include/absl/time/internal/cctz/src/tzfile.h
  -- Up-to-date: D:/Projects/Refine/Comm/Grpc/refine-grpc/vs_proj/lib_nn_x64/include/absl/time/internal/get_current_time_chrono.inc
  -- Up-to-date: D:/Projects/Refine/Comm/Grpc/refine-grpc/vs_proj/lib_nn_x64/include/absl/time/internal/get_current_time_posix.inc
  -- Up-to-date: D:/Projects/Refine/Comm/Grpc/refine-grpc/vs_proj/lib_nn_x64/include/absl/time/internal/test_util.h
  -- Up-to-date: D:/Projects/Refine/Comm/Grpc/refine-grpc/vs_proj/lib_nn_x64/include/absl/time/time.h
  -- Up-to-date: D:/Projects/Refine/Comm/Grpc/refine-grpc/vs_proj/lib_nn_x64/include/absl/types
  -- Up-to-date: D:/Projects/Refine/Comm/Grpc/refine-grpc/vs_proj/lib_nn_x64/include/absl/types/any.h
  -- Up-to-date: D:/Projects/Refine/Comm/Grpc/refine-grpc/vs_proj/lib_nn_x64/include/absl/types/compare.h
  -- Up-to-date: D:/Projects/Refine/Comm/Grpc/refine-grpc/vs_proj/lib_nn_x64/include/absl/types/internal
  -- Up-to-date: D:/Projects/Refine/Comm/Grpc/refine-grpc/vs_proj/lib_nn_x64/include/absl/types/internal/span.h
  -- Up-to-date: D:/Projects/Refine/Comm/Grpc/refine-grpc/vs_proj/lib_nn_x64/include/absl/types/optional.h
  -- Up-to-date: D:/Projects/Refine/Comm/Grpc/refine-grpc/vs_proj/lib_nn_x64/include/absl/types/span.h
  -- Up-to-date: D:/Projects/Refine/Comm/Grpc/refine-grpc/vs_proj/lib_nn_x64/include/absl/types/variant.h
  -- Up-to-date: D:/Projects/Refine/Comm/Grpc/refine-grpc/vs_proj/lib_nn_x64/include/absl/utility
  -- Up-to-date: D:/Projects/Refine/Comm/Grpc/refine-grpc/vs_proj/lib_nn_x64/include/absl/utility/utility.h
  -- Up-to-date: D:/Projects/Refine/Comm/Grpc/refine-grpc/vs_proj/lib_nn_x64/include/absl/base/options.h
  -- Up-to-date: D:/Projects/Refine/Comm/Grpc/refine-grpc/vs_proj/lib_nn_x64/lib/cmake/utf8_range/utf8_range-targets.cmake
  -- Up-to-date: D:/Projects/Refine/Comm/Grpc/refine-grpc/vs_proj/lib_nn_x64/lib/libutf8_validity_d_nx.lib
  -- Up-to-date: D:/Projects/Refine/Comm/Grpc/refine-grpc/vs_proj/lib_nn_x64/lib/cmake/utf8_range/utf8_range-config.cmake
  -- Up-to-date: D:/Projects/Refine/Comm/Grpc/refine-grpc/vs_proj/lib_nn_x64/lib/pkgconfig/utf8_range.pc
  -- Up-to-date: D:/Projects/Refine/Comm/Grpc/refine-grpc/vs_proj/lib_nn_x64/include/utf8_range.h
  -- Up-to-date: D:/Projects/Refine/Comm/Grpc/refine-grpc/vs_proj/lib_nn_x64/include/utf8_validity.h
  CMake Error at third_party/protobuf/cmake_install_nn_x64.cmake:54 (file):
    file INSTALL cannot find
    "D:/Projects/Refine/Comm/Grpc/refine-grpc/vs_proj/third_party/protobuf/NN_Debug/x64/libprotobuf_d_nx.lib":
    No error.
  Call Stack (most recent call first):
    cmake_install_nn_x64.cmake:59 (include)
  
  
C:\Program Files\Microsoft Visual Studio\2022\Community\MSBuild\Microsoft\VC\v170\Microsoft.CppCommon.targets(166,5): error MSB3073: コマンド "setlocal
C:\Program Files\Microsoft Visual Studio\2022\Community\MSBuild\Microsoft\VC\v170\Microsoft.CppCommon.targets(166,5): error MSB3073: "C:\Program Files\Microsoft Visual Studio\2022\Community\Common7\IDE\CommonExtensions\Microsoft\CMake\CMake\bin\cmake.exe" -DBUILD_TYPE=NN_Debug -P cmake_install_nn_x64.cmake
C:\Program Files\Microsoft Visual Studio\2022\Community\MSBuild\Microsoft\VC\v170\Microsoft.CppCommon.targets(166,5): error MSB3073: if %errorlevel% neq 0 goto :cmEnd
C:\Program Files\Microsoft Visual Studio\2022\Community\MSBuild\Microsoft\VC\v170\Microsoft.CppCommon.targets(166,5): error MSB3073: :cmEnd
C:\Program Files\Microsoft Visual Studio\2022\Community\MSBuild\Microsoft\VC\v170\Microsoft.CppCommon.targets(166,5): error MSB3073: endlocal & call :cmErrorLevel %errorlevel% & goto :cmDone
C:\Program Files\Microsoft Visual Studio\2022\Community\MSBuild\Microsoft\VC\v170\Microsoft.CppCommon.targets(166,5): error MSB3073: :cmErrorLevel
C:\Program Files\Microsoft Visual Studio\2022\Community\MSBuild\Microsoft\VC\v170\Microsoft.CppCommon.targets(166,5): error MSB3073: exit /b %1
C:\Program Files\Microsoft Visual Studio\2022\Community\MSBuild\Microsoft\VC\v170\Microsoft.CppCommon.targets(166,5): error MSB3073: :cmDone
C:\Program Files\Microsoft Visual Studio\2022\Community\MSBuild\Microsoft\VC\v170\Microsoft.CppCommon.targets(166,5): error MSB3073: if %errorlevel% neq 0 goto :VCEnd
C:\Program Files\Microsoft Visual Studio\2022\Community\MSBuild\Microsoft\VC\v170\Microsoft.CppCommon.targets(166,5): error MSB3073: :VCEnd" はコード 1 で終了しました。
