C:\Nintendo\NativeSDK22.2.5\NintendoSDK\Build\MSBuild\detail\VcUser\Spec.Generic\Platform.x64\VcProject.Package.Default.props(97,5): warning : NintendoSDK は C++ 言語標準 '' をサポートしません。 C++17 ('stdcpp17') または C++20 ('stdcpp20') を使用してください。
  aes.cc
  a_bitstr.cc
  a_bool.cc
  a_d2i_fp.cc
  a_dup.cc
  a_gentm.cc
  a_i2d_fp.cc
  a_int.cc
  a_mbstr.cc
  a_object.cc
  a_octet.cc
  a_strex.cc
  a_strnid.cc
  a_time.cc
  a_type.cc
  a_utctm.cc
  asn1_lib.cc
  asn1_par.cc
  asn_pack.cc
  f_int.cc
  コードを生成中...
  コンパイル中...
  f_string.cc
  posix_time.cc
  tasn_dec.cc
  tasn_enc.cc
  tasn_fre.cc
  tasn_new.cc
  tasn_typ.cc
  tasn_utl.cc
  base64.cc
  bio.cc
  bio_mem.cc
  connect.cc
  errno.cc
  fd.cc
  file.cc
  hexdump.cc
  pair.cc
  printf.cc
  socket.cc
  socket_helper.cc
  コードを生成中...
  コンパイル中...
  blake2.cc
  bn_asn1.cc
  convert.cc
  exponentiation.cc
  buf.cc
  asn1_compat.cc
  ber.cc
  cbb.cc
  cbs.cc
  unicode.cc
  chacha.cc
  derive_key.cc
  e_aesctrhmac.cc
  e_aeseax.cc
  e_aesgcmsiv.cc
  e_chacha20poly1305.cc
  e_des.cc
  e_null.cc
  e_rc2.cc
  e_rc4.cc
  コードを生成中...
  コンパイル中...
  e_tls.cc
  get_cipher.cc
  tls_cbc.cc
  cms.cc
  conf.cc
  cpu_aarch64_apple.cc
  cpu_aarch64_fuchsia.cc
  cpu_aarch64_linux.cc
  cpu_aarch64_openbsd.cc
  cpu_aarch64_sysreg.cc
  cpu_aarch64_win.cc
  cpu_arm_freebsd.cc
  cpu_arm_linux.cc
  cpu_intel.cc
  crypto.cc
  curve25519.cc
  curve25519_64_adx.cc
  spake25519.cc
  des.cc
  dh_asn1.cc
  コードを生成中...
  コンパイル中...
  params.cc
  digest_extra.cc
  dsa.cc
  dsa_asn1.cc
  ec_asn1.cc
  ec_derive.cc
  hash_to_curve.cc
  ecdh.cc
  ecdsa_asn1.cc
  engine.cc
  err.cc
  evp.cc
  evp_asn1.cc
  evp_ctx.cc
  p_dh.cc
  p_dh_asn1.cc
  p_dsa_asn1.cc
  p_ec.cc
  p_ec_asn1.cc
  p_ed25519.cc
  コードを生成中...
  コンパイル中...
  p_ed25519_asn1.cc
  p_hkdf.cc
  p_rsa.cc
  p_rsa_asn1.cc
  p_x25519.cc
  p_x25519_asn1.cc
  pbkdf.cc
  print.cc
  scrypt.cc
  sign.cc
  ex_data.cc
  fips_shared_support.cc
  fuzzer_mode.cc
  hpke.cc
  hrss.cc
  kyber.cc
  lhash.cc
  md4.cc
  md5.cc
  mem.cc
  コードを生成中...
  コンパイル中...
  mldsa.cc
  mlkem.cc
  obj.cc
  obj_xref.cc
  pem_all.cc
  pem_info.cc
  pem_lib.cc
  pem_oth.cc
  pem_pk8.cc
  pem_pkey.cc
  pem_x509.cc
  pem_xaux.cc
  pkcs7.cc
  pkcs7_x509.cc
  p5_pbev2.cc
  pkcs8.cc
  pkcs8_x509.cc
  poly1305.cc
  poly1305_arm.cc
  poly1305_vec.cc
  コードを生成中...
  コンパイル中...
  pool.cc
  deterministic.cc
  fork_detect.cc
  forkunsafe.cc
  getentropy.cc
  ios.cc
  passive.cc
  rand.cc
  trusty.cc
  urandom.cc
  windows.cc
  rc4.cc
  refcount.cc
  rsa_asn1.cc
  rsa_crypt.cc
  rsa_extra.cc
  rsa_print.cc
  sha1.cc
  sha256.cc
  sha512.cc
  コードを生成中...
  コンパイル中...
  siphash.cc
  slhdsa.cc
  spake2plus.cc
  stack.cc
  thread.cc
  thread_none.cc
  thread_pthread.cc
  thread_win.cc
  pmbtoken.cc
  trust_token.cc
  voprf.cc
  a_digest.cc
  a_sign.cc
  a_verify.cc
  algorithm.cc
  asn1_gen.cc
  by_dir.cc
  by_file.cc
  i2d_pr.cc
  name_print.cc
  コードを生成中...
  コンパイル中...
  policy.cc
  rsa_pss.cc
  t_crl.cc
  t_req.cc
  t_x509.cc
  t_x509a.cc
  v3_akey.cc
  v3_akeya.cc
  v3_alt.cc
  v3_bcons.cc
  v3_bitst.cc
  v3_conf.cc
  v3_cpols.cc
  v3_crld.cc
  v3_enum.cc
  v3_extku.cc
  v3_genn.cc
  v3_ia5.cc
  v3_info.cc
  v3_int.cc
  コードを生成中...
  コンパイル中...
  v3_lib.cc
  v3_ncons.cc
  v3_ocsp.cc
  v3_pcons.cc
  v3_pmaps.cc
  v3_prn.cc
  v3_purp.cc
  v3_skey.cc
  v3_utl.cc
  x509.cc
  x509_att.cc
  x509_cmp.cc
  x509_d2.cc
  x509_def.cc
  x509_ext.cc
  x509_lu.cc
  x509_obj.cc
  x509_req.cc
  x509_set.cc
  x509_trs.cc
  コードを生成中...
  コンパイル中...
  x509_txt.cc
  x509_v3.cc
  x509_vfy.cc
  x509_vpm.cc
  x509cset.cc
  x509name.cc
  x509rset.cc
  x509spki.cc
  x_algor.cc
  x_all.cc
  x_attrib.cc
  x_crl.cc
  x_exten.cc
  x_name.cc
  x_pubkey.cc
  x_req.cc
  x_sig.cc
  x_spki.cc
  x_val.cc
  x_x509.cc
  コードを生成中...
  コンパイル中...
  x_x509a.cc
  err_data.cc
  コードを生成中...
  crypto.vcxproj -> D:\Projects\Refine\Comm\Grpc\refine-grpc\vs_proj\third_party\boringssl-with-bazel\NN_Debug\x64\crypto_d_nx.lib
