  parser.cc
D:\Projects\Refine\Comm\Grpc\refine-grpc\third_party\abseil-cpp\absl\container\internal\raw_hash_set.h(1205,26): warning C4127: 条件式が定数です。
  (ソース ファイル '../../../third_party/protobuf/src/google/protobuf/compiler/parser.cc' をコンパイルしています)
      D:\Projects\Refine\Comm\Grpc\refine-grpc\third_party\abseil-cpp\absl\container\internal\raw_hash_set.h(1205,26):
      代わりに 'if constexpr' ステートメントの使用を検討してください
  
D:\Projects\Refine\Comm\Grpc\refine-grpc\third_party\protobuf\src\google\protobuf\micro_string.h(87,32): warning C4458: 'size' を宣言すると、クラス メンバーが隠蔽されます
  (ソース ファイル '../../../third_party/protobuf/src/google/protobuf/compiler/parser.cc' をコンパイルしています)
      D:\Projects\Refine\Comm\Grpc\refine-grpc\third_party\protobuf\src\google\protobuf\micro_string.h(72,14):
      'google::protobuf::internal::MicroString::LargeRep::size' の宣言を確認してください
  
D:\Projects\Refine\Comm\Grpc\refine-grpc\third_party\protobuf\src\google\protobuf\micro_string.h(109,33): warning C4458: 'size' を宣言すると、クラス メンバーが隠蔽されます
  (ソース ファイル '../../../third_party/protobuf/src/google/protobuf/compiler/parser.cc' をコンパイルしています)
      D:\Projects\Refine\Comm\Grpc\refine-grpc\third_party\protobuf\src\google\protobuf\micro_string.h(102,13):
      'google::protobuf::internal::MicroString::MicroRep::size' の宣言を確認してください
  
D:\Projects\Refine\Comm\Grpc\refine-grpc\third_party\protobuf\src\google\protobuf\repeated_field.h(140,12): warning C4201: 非標準の拡張機能が使用されています: 無名の構造体または共用体です。
  (ソース ファイル '../../../third_party/protobuf/src/google/protobuf/compiler/parser.cc' をコンパイルしています)
      D:\Projects\Refine\Comm\Grpc\refine-grpc\third_party\protobuf\src\google\protobuf\repeated_field.h(140,12):
      テンプレートインスタンス化コンテキスト (最初に最も古いもの) は
          D:\Projects\Refine\Comm\Grpc\refine-grpc\third_party\protobuf\src\google\protobuf\repeated_field.h(123,18):
          クラス テンプレート 'google::protobuf::internal::HeapRep' のコンパイル中
  
D:\Projects\Refine\Comm\Grpc\refine-grpc\third_party\protobuf\src\google\protobuf\repeated_field.h(154,1): warning C4324: 'google::protobuf::internal::HeapRep<16>': アラインメント指定子のために構造体がパッドされました
  (ソース ファイル '../../../third_party/protobuf/src/google/protobuf/compiler/parser.cc' をコンパイルしています)
  
D:\Projects\Refine\Comm\Grpc\refine-grpc\third_party\protobuf\src\google\protobuf\repeated_field.h(154,1): warning C4324: 'google::protobuf::internal::HeapRep<8>': アラインメント指定子のために構造体がパッドされました
  (ソース ファイル '../../../third_party/protobuf/src/google/protobuf/compiler/parser.cc' をコンパイルしています)
  
D:\Projects\Refine\Comm\Grpc\refine-grpc\third_party\abseil-cpp\absl\container\internal\common.h(157,1): warning C4324: 'absl::lts_20250512::container_internal::node_handle_base<PolicyTraits,Alloc>': アラインメント指定子のために構造体がパッドされました
D:\Projects\Refine\Comm\Grpc\refine-grpc\third_party\abseil-cpp\absl\container\internal\common.h(157,1): warning C4324:         with
D:\Projects\Refine\Comm\Grpc\refine-grpc\third_party\abseil-cpp\absl\container\internal\common.h(157,1): warning C4324:         [
D:\Projects\Refine\Comm\Grpc\refine-grpc\third_party\abseil-cpp\absl\container\internal\common.h(157,1): warning C4324:             PolicyTraits=absl::lts_20250512::container_internal::hash_policy_traits<absl::lts_20250512::container_internal::FlatHashSetPolicy<int>,void>,
D:\Projects\Refine\Comm\Grpc\refine-grpc\third_party\abseil-cpp\absl\container\internal\common.h(157,1): warning C4324:             Alloc=std::allocator<int>
D:\Projects\Refine\Comm\Grpc\refine-grpc\third_party\abseil-cpp\absl\container\internal\common.h(157,1): warning C4324:         ]
  (ソース ファイル '../../../third_party/protobuf/src/google/protobuf/compiler/parser.cc' をコンパイルしています)
      D:\Projects\Refine\Comm\Grpc\refine-grpc\third_party\abseil-cpp\absl\container\internal\common.h(157,1):
      テンプレートインスタンス化コンテキスト (最初に最も古いもの) は
          D:\Projects\Refine\Comm\Grpc\refine-grpc\third_party\protobuf\src\google\protobuf\compiler\parser.cc(602,43):
          コンパイル対象の クラス テンプレート インスタンス化 'absl::lts_20250512::container_internal::node_handle<Policy,absl::lts_20250512::container_internal::hash_policy_traits<Policy,void>,Alloc,void>' のリファレンスを確認してください
          with
          [
              Policy=absl::lts_20250512::container_internal::FlatHashSetPolicy<int>,
              Alloc=std::allocator<int>
          ]
          D:\Projects\Refine\Comm\Grpc\refine-grpc\third_party\abseil-cpp\absl\container\internal\common.h(163,28):
          コンパイル対象の クラス テンプレート インスタンス化 'absl::lts_20250512::container_internal::node_handle_base<PolicyTraits,Alloc>' のリファレンスを確認してください
          with
          [
              PolicyTraits=absl::lts_20250512::container_internal::hash_policy_traits<absl::lts_20250512::container_internal::FlatHashSetPolicy<int>,void>,
              Alloc=std::allocator<int>
          ]
  
D:\Projects\Refine\Comm\Grpc\refine-grpc\third_party\abseil-cpp\absl\container\internal\common.h(157,1): warning C4324: 'absl::lts_20250512::container_internal::node_handle_base<PolicyTraits,Alloc>': アラインメント指定子のために構造体がパッドされました
D:\Projects\Refine\Comm\Grpc\refine-grpc\third_party\abseil-cpp\absl\container\internal\common.h(157,1): warning C4324:         with
D:\Projects\Refine\Comm\Grpc\refine-grpc\third_party\abseil-cpp\absl\container\internal\common.h(157,1): warning C4324:         [
D:\Projects\Refine\Comm\Grpc\refine-grpc\third_party\abseil-cpp\absl\container\internal\common.h(157,1): warning C4324:             PolicyTraits=absl::lts_20250512::container_internal::hash_policy_traits<absl::lts_20250512::container_internal::FlatHashSetPolicy<std::string>,void>,
D:\Projects\Refine\Comm\Grpc\refine-grpc\third_party\abseil-cpp\absl\container\internal\common.h(157,1): warning C4324:             Alloc=std::allocator<std::string>
D:\Projects\Refine\Comm\Grpc\refine-grpc\third_party\abseil-cpp\absl\container\internal\common.h(157,1): warning C4324:         ]
  (ソース ファイル '../../../third_party/protobuf/src/google/protobuf/compiler/parser.cc' をコンパイルしています)
      D:\Projects\Refine\Comm\Grpc\refine-grpc\third_party\abseil-cpp\absl\container\internal\common.h(157,1):
      テンプレートインスタンス化コンテキスト (最初に最も古いもの) は
          D:\Projects\Refine\Comm\Grpc\refine-grpc\third_party\protobuf\src\google\protobuf\compiler\parser.cc(807,28):
          コンパイル対象の クラス テンプレート インスタンス化 'absl::lts_20250512::container_internal::node_handle<Policy,absl::lts_20250512::container_internal::hash_policy_traits<Policy,void>,Alloc,void>' のリファレンスを確認してください
          with
          [
              Policy=absl::lts_20250512::container_internal::FlatHashSetPolicy<std::string>,
              Alloc=std::allocator<std::string>
          ]
          D:\Projects\Refine\Comm\Grpc\refine-grpc\third_party\abseil-cpp\absl\container\internal\common.h(163,28):
          コンパイル対象の クラス テンプレート インスタンス化 'absl::lts_20250512::container_internal::node_handle_base<PolicyTraits,Alloc>' のリファレンスを確認してください
          with
          [
              PolicyTraits=absl::lts_20250512::container_internal::hash_policy_traits<absl::lts_20250512::container_internal::FlatHashSetPolicy<std::string>,void>,
              Alloc=std::allocator<std::string>
          ]
  
D:\Projects\Refine\Comm\Grpc\refine-grpc\third_party\abseil-cpp\absl\cleanup\internal\cleanup.h(91,1): warning C4324: 'absl::lts_20250512::cleanup_internal::Storage<Callback>': アラインメント指定子のために構造体がパッドされました
D:\Projects\Refine\Comm\Grpc\refine-grpc\third_party\abseil-cpp\absl\cleanup\internal\cleanup.h(91,1): warning C4324:         with
D:\Projects\Refine\Comm\Grpc\refine-grpc\third_party\abseil-cpp\absl\cleanup\internal\cleanup.h(91,1): warning C4324:         [
D:\Projects\Refine\Comm\Grpc\refine-grpc\third_party\abseil-cpp\absl\cleanup\internal\cleanup.h(91,1): warning C4324:             Callback=google::protobuf::compiler::Parser::ParseMessageDefinition::<lambda_1>
D:\Projects\Refine\Comm\Grpc\refine-grpc\third_party\abseil-cpp\absl\cleanup\internal\cleanup.h(91,1): warning C4324:         ]
  (ソース ファイル '../../../third_party/protobuf/src/google/protobuf/compiler/parser.cc' をコンパイルしています)
      D:\Projects\Refine\Comm\Grpc\refine-grpc\third_party\abseil-cpp\absl\cleanup\internal\cleanup.h(91,1):
      テンプレートインスタンス化コンテキスト (最初に最も古いもの) は
          D:\Projects\Refine\Comm\Grpc\refine-grpc\third_party\protobuf\src\google\protobuf\compiler\parser.cc(839,33):
          コンパイル対象の クラス テンプレート インスタンス化 'absl::lts_20250512::Cleanup<absl::lts_20250512::cleanup_internal::Tag,google::protobuf::compiler::Parser::ParseMessageDefinition::<lambda_1>>' のリファレンスを確認してください
          D:\Projects\Refine\Comm\Grpc\refine-grpc\third_party\abseil-cpp\absl\cleanup\cleanup.h(112,39):
          コンパイル対象の クラス テンプレート インスタンス化 'absl::lts_20250512::cleanup_internal::Storage<Callback>' のリファレンスを確認してください
          with
          [
              Callback=google::protobuf::compiler::Parser::ParseMessageDefinition::<lambda_1>
          ]
  
D:\Projects\Refine\Comm\Grpc\refine-grpc\third_party\abseil-cpp\absl\strings\internal\str_format\constexpr_parser.h(257,28): warning C4127: 条件式が定数です。
  (ソース ファイル '../../../third_party/protobuf/src/google/protobuf/compiler/parser.cc' をコンパイルしています)
      D:\Projects\Refine\Comm\Grpc\refine-grpc\third_party\abseil-cpp\absl\strings\internal\str_format\constexpr_parser.h(257,28):
      代わりに 'if constexpr' ステートメントの使用を検討してください
      D:\Projects\Refine\Comm\Grpc\refine-grpc\third_party\abseil-cpp\absl\strings\internal\str_format\constexpr_parser.h(257,28):
      テンプレートインスタンス化コンテキスト (最初に最も古いもの) は
          D:\Projects\Refine\Comm\Grpc\refine-grpc\third_party\abseil-cpp\absl\strings\internal\str_format\constexpr_parser.h(261,18):
          コンパイル対象の関数 テンプレート インスタンス化 'const char *absl::lts_20250512::str_format_internal::ConsumeConversion<true>(const char *,const char *const ,absl::lts_20250512::str_format_internal::UnboundConversion *,int *)' のリファレンスを確認してください
  
D:\Projects\Refine\Comm\Grpc\refine-grpc\third_party\abseil-cpp\absl\log\internal\check_op.h(428,1): warning C4018: '>=': signed と unsigned の数値を比較しようとしました。
  (ソース ファイル '../../../third_party/protobuf/src/google/protobuf/compiler/parser.cc' をコンパイルしています)
      D:\Projects\Refine\Comm\Grpc\refine-grpc\third_party\abseil-cpp\absl\log\internal\check_op.h(428,1):
      テンプレートインスタンス化コンテキスト (最初に最も古いもの) は
          D:\Projects\Refine\Comm\Grpc\refine-grpc\third_party\protobuf\src\google\protobuf\micro_string.h(78,7):
          コンパイル対象の関数 テンプレート インスタンス化 'const char *absl::lts_20250512::log_internal::Check_GEImpl<unsigned int,T>(const T1 &,const T2 &,const char *)' のリファレンスを確認してください
          with
          [
              T=google::protobuf::internal::MicroString::LargeRepKind,
              T1=unsigned int,
              T2=google::protobuf::internal::MicroString::LargeRepKind
          ]
  
D:\Projects\Refine\Comm\Grpc\refine-grpc\third_party\abseil-cpp\absl\container\internal\hashtable_control_bytes.h(139,20): warning C4127: 条件式が定数です。
  (ソース ファイル '../../../third_party/protobuf/src/google/protobuf/compiler/parser.cc' をコンパイルしています)
      D:\Projects\Refine\Comm\Grpc\refine-grpc\third_party\abseil-cpp\absl\container\internal\hashtable_control_bytes.h(139,20):
      代わりに 'if constexpr' ステートメントの使用を検討してください
      D:\Projects\Refine\Comm\Grpc\refine-grpc\third_party\abseil-cpp\absl\container\internal\hashtable_control_bytes.h(139,20):
      テンプレートインスタンス化コンテキスト (最初に最も古いもの) は
          D:\Projects\Refine\Comm\Grpc\refine-grpc\third_party\abseil-cpp\absl\container\internal\hashtable_control_bytes.h(472,23):
          コンパイル対象の クラス テンプレート インスタンス化 'absl::lts_20250512::container_internal::BitMask<uint64_t,8,3,false>' のリファレンスを確認してください
          D:\Projects\Refine\Comm\Grpc\refine-grpc\third_party\abseil-cpp\absl\container\internal\hashtable_control_bytes.h(138,3):
          クラス テンプレート メンバー関数 'absl::lts_20250512::container_internal::BitMask<uint64_t,8,3,false>::BitMask(T)' のコンパイル中
          with
          [
              T=uint64_t
          ]
              D:\Projects\Refine\Comm\Grpc\refine-grpc\third_party\abseil-cpp\absl\container\internal\hashtable_control_bytes.h(472,5):
              'absl::lts_20250512::container_internal::GroupPortableImpl::MaskFull' の 'absl::lts_20250512::container_internal::BitMask<uint64_t,8,3,false>::BitMask' への最初の参照を参照してください
  
D:\Projects\Refine\Comm\Grpc\refine-grpc\third_party\abseil-cpp\absl\container\internal\inlined_vector.h(352,62): warning C4127: 条件式が定数です。
  (ソース ファイル '../../../third_party/protobuf/src/google/protobuf/compiler/parser.cc' をコンパイルしています)
      D:\Projects\Refine\Comm\Grpc\refine-grpc\third_party\abseil-cpp\absl\container\internal\inlined_vector.h(352,62):
      代わりに 'if constexpr' ステートメントの使用を検討してください
      D:\Projects\Refine\Comm\Grpc\refine-grpc\third_party\abseil-cpp\absl\container\internal\inlined_vector.h(352,62):
      テンプレートインスタンス化コンテキスト (最初に最も古いもの) は
          D:\Projects\Refine\Comm\Grpc\refine-grpc\third_party\abseil-cpp\absl\strings\internal\str_format\bind.h(194,41):
          コンパイル対象の クラス テンプレート インスタンス化 'absl::lts_20250512::InlinedVector<absl::lts_20250512::str_format_internal::FormatArgImpl,4,std::allocator<T>>' のリファレンスを確認してください
          with
          [
              T=absl::lts_20250512::str_format_internal::FormatArgImpl
          ]
          D:\Projects\Refine\Comm\Grpc\refine-grpc\third_party\abseil-cpp\absl\container\inlined_vector.h(101,42):
          コンパイル対象の クラス テンプレート インスタンス化 'absl::lts_20250512::inlined_vector_internal::Storage<T,4,A>' のリファレンスを確認してください
          with
          [
              T=absl::lts_20250512::str_format_internal::FormatArgImpl,
              A=std::allocator<absl::lts_20250512::str_format_internal::FormatArgImpl>
          ]
          D:\Projects\Refine\Comm\Grpc\refine-grpc\third_party\abseil-cpp\absl\container\internal\inlined_vector.h(343,4):
          クラス テンプレート メンバー関数 'absl::lts_20250512::inlined_vector_internal::Storage<T,4,A>::~Storage(void)' のコンパイル中
          with
          [
              T=absl::lts_20250512::str_format_internal::FormatArgImpl,
              A=std::allocator<absl::lts_20250512::str_format_internal::FormatArgImpl>
          ]
              D:\Projects\Refine\Comm\Grpc\refine-grpc\third_party\abseil-cpp\absl\container\inlined_vector.h(162,17):
              'absl::lts_20250512::InlinedVector<absl::lts_20250512::str_format_internal::FormatArgImpl,4,std::allocator<T>>::InlinedVector' の 'absl::lts_20250512::inlined_vector_internal::Storage<T,4,A>::~Storage' への最初の参照を参照してください
          with
          [
              T=absl::lts_20250512::str_format_internal::FormatArgImpl
          ]
              D:\Projects\Refine\Comm\Grpc\refine-grpc\third_party\abseil-cpp\absl\strings\internal\str_format\bind.h(184,31):
              'absl::lts_20250512::str_format_internal::Streamable::Streamable' の 'absl::lts_20250512::InlinedVector<absl::lts_20250512::str_format_internal::FormatArgImpl,4,std::allocator<T>>::InlinedVector' への最初の参照を参照してください
          with
          [
              T=absl::lts_20250512::str_format_internal::FormatArgImpl
          ]
  
D:\Projects\Refine\Comm\Grpc\refine-grpc\third_party\abseil-cpp\absl\container\internal\hashtable_control_bytes.h(149,20): warning C4127: 条件式が定数です。
  (ソース ファイル '../../../third_party/protobuf/src/google/protobuf/compiler/parser.cc' をコンパイルしています)
      D:\Projects\Refine\Comm\Grpc\refine-grpc\third_party\abseil-cpp\absl\container\internal\hashtable_control_bytes.h(149,20):
      代わりに 'if constexpr' ステートメントの使用を検討してください
      D:\Projects\Refine\Comm\Grpc\refine-grpc\third_party\abseil-cpp\absl\container\internal\hashtable_control_bytes.h(149,20):
      テンプレートインスタンス化コンテキスト (最初に最も古いもの) は
          D:\Projects\Refine\Comm\Grpc\refine-grpc\third_party\abseil-cpp\absl\container\internal\hashtable_control_bytes.h(148,12):
          クラス テンプレート メンバー関数 'absl::lts_20250512::container_internal::BitMask<uint16_t,16,0,false> &absl::lts_20250512::container_internal::BitMask<uint16_t,16,0,false>::operator ++(void)' のコンパイル中
              D:\Projects\Refine\Comm\Grpc\refine-grpc\third_party\abseil-cpp\absl\container\internal\raw_hash_set.h(3054,32):
              'absl::lts_20250512::container_internal::raw_hash_set<absl::lts_20250512::container_internal::FlatHashSetPolicy<T>,Hash,Eq,Allocator>::find_large' の 'absl::lts_20250512::container_internal::BitMask<uint16_t,16,0,false>::operator ++' への最初の参照を参照してください
          with
          [
              T=int,
              Hash=absl::lts_20250512::hash_internal::Hash<int>,
              Eq=std::equal_to<int>,
              Allocator=std::allocator<int>
          ]
              D:\Projects\Refine\Comm\Grpc\refine-grpc\third_party\abseil-cpp\absl\container\internal\raw_hash_set.h(2856,5):
              'absl::lts_20250512::container_internal::raw_hash_set<absl::lts_20250512::container_internal::FlatHashSetPolicy<T>,Hash,Eq,Allocator>::find' の 'absl::lts_20250512::container_internal::raw_hash_set<absl::lts_20250512::container_internal::FlatHashSetPolicy<T>,Hash,Eq,Allocator>::find_large' への最初の参照を参照してください
          with
          [
              T=int,
              Hash=absl::lts_20250512::hash_internal::Hash<int>,
              Eq=std::equal_to<int>,
              Allocator=std::allocator<int>
          ]
              D:\Projects\Refine\Comm\Grpc\refine-grpc\third_party\protobuf\src\google\protobuf\compiler\parser.cc(598,5):
              'google::protobuf::compiler::Parser::ValidateEnum' の 'absl::lts_20250512::container_internal::raw_hash_set<absl::lts_20250512::container_internal::FlatHashSetPolicy<T>,Hash,Eq,Allocator>::find' への最初の参照を参照してください
          with
          [
              T=int,
              Hash=absl::lts_20250512::hash_internal::Hash<int>,
              Eq=std::equal_to<int>,
              Allocator=std::allocator<int>
          ]
  
D:\Projects\Refine\Comm\Grpc\refine-grpc\third_party\abseil-cpp\absl\container\internal\container_memory.h(46,1): warning C4324: 'absl::lts_20250512::container_internal::AlignedType<8>': アラインメント指定子のために構造体がパッドされました
  (ソース ファイル '../../../third_party/protobuf/src/google/protobuf/compiler/parser.cc' をコンパイルしています)
      D:\Projects\Refine\Comm\Grpc\refine-grpc\third_party\abseil-cpp\absl\container\internal\container_memory.h(46,1):
      テンプレートインスタンス化コンテキスト (最初に最も古いもの) は
          D:\Projects\Refine\Comm\Grpc\refine-grpc\third_party\protobuf\src\google\protobuf\compiler\parser.cc(805,36):
          コンパイル対象の クラス テンプレート インスタンス化 'absl::lts_20250512::flat_hash_set<std::string,absl::lts_20250512::container_internal::StringHash,absl::lts_20250512::container_internal::StringEq,std::allocator<std::string>>' のリファレンスを確認してください
          D:\Projects\Refine\Comm\Grpc\refine-grpc\third_party\abseil-cpp\absl\container\flat_hash_set.h(131,40):
          コンパイル対象の クラス テンプレート インスタンス化 'absl::lts_20250512::container_internal::raw_hash_set<absl::lts_20250512::container_internal::FlatHashSetPolicy<T>,Hash,Eq,Allocator>' のリファレンスを確認してください
          with
          [
              T=std::string,
              Hash=absl::lts_20250512::container_internal::StringHash,
              Eq=absl::lts_20250512::container_internal::StringEq,
              Allocator=std::allocator<std::string>
          ]
          D:\Projects\Refine\Comm\Grpc\refine-grpc\third_party\abseil-cpp\absl\container\internal\raw_hash_set.h(3097,8):
          クラス テンプレート メンバー関数 'void absl::lts_20250512::container_internal::raw_hash_set<absl::lts_20250512::container_internal::FlatHashSetPolicy<T>,Hash,Eq,Allocator>::dealloc(void)' のコンパイル中
          with
          [
              T=std::string,
              Hash=absl::lts_20250512::container_internal::StringHash,
              Eq=absl::lts_20250512::container_internal::StringEq,
              Allocator=std::allocator<std::string>
          ]
              D:\Projects\Refine\Comm\Grpc\refine-grpc\third_party\abseil-cpp\absl\container\internal\raw_hash_set.h(3121,12):
              'absl::lts_20250512::container_internal::raw_hash_set<absl::lts_20250512::container_internal::FlatHashSetPolicy<T>,Hash,Eq,Allocator>::destructor_impl' の 'absl::lts_20250512::container_internal::raw_hash_set<absl::lts_20250512::container_internal::FlatHashSetPolicy<T>,Hash,Eq,Allocator>::dealloc' への最初の参照を参照してください
          with
          [
              T=std::string,
              Hash=absl::lts_20250512::container_internal::StringHash,
              Eq=absl::lts_20250512::container_internal::StringEq,
              Allocator=std::allocator<std::string>
          ]
              D:\Projects\Refine\Comm\Grpc\refine-grpc\third_party\abseil-cpp\absl\container\internal\raw_hash_set.h(2360,20):
              'absl::lts_20250512::container_internal::raw_hash_set<absl::lts_20250512::container_internal::FlatHashSetPolicy<T>,Hash,Eq,Allocator>::~raw_hash_set' の 'absl::lts_20250512::container_internal::raw_hash_set<absl::lts_20250512::container_internal::FlatHashSetPolicy<T>,Hash,Eq,Allocator>::destructor_impl' への最初の参照を参照してください
          with
          [
              T=std::string,
              Hash=absl::lts_20250512::container_internal::StringHash,
              Eq=absl::lts_20250512::container_internal::StringEq,
              Allocator=std::allocator<std::string>
          ]
              D:\Projects\Refine\Comm\Grpc\refine-grpc\third_party\abseil-cpp\absl\container\flat_hash_set.h(473,1):
              'absl::lts_20250512::flat_hash_set<std::string,absl::lts_20250512::container_internal::StringHash,absl::lts_20250512::container_internal::StringEq,std::allocator<std::string>>::~flat_hash_set' の 'absl::lts_20250512::container_internal::raw_hash_set<absl::lts_20250512::container_internal::FlatHashSetPolicy<T>,Hash,Eq,Allocator>::~raw_hash_set' への最初の参照を参照してください
          with
          [
              T=std::string,
              Hash=absl::lts_20250512::container_internal::StringHash,
              Eq=absl::lts_20250512::container_internal::StringEq,
              Allocator=std::allocator<std::string>
          ]
          D:\Projects\Refine\Comm\Grpc\refine-grpc\third_party\abseil-cpp\absl\container\internal\raw_hash_set.h(3102,5):
          コンパイル対象の関数 テンプレート インスタンス化 'void absl::lts_20250512::container_internal::DeallocateBackingArray<8,std::allocator<char>>(void *,size_t,absl::lts_20250512::container_internal::ctrl_t *,size_t,size_t,bool)' のリファレンスを確認してください
          D:\Projects\Refine\Comm\Grpc\refine-grpc\third_party\abseil-cpp\absl\container\internal\raw_hash_set.h(1630,3):
          コンパイル対象の関数 テンプレート インスタンス化 'void absl::lts_20250512::container_internal::Deallocate<8,std::allocator<char>>(Alloc *,void *,size_t)' のリファレンスを確認してください
          with
          [
              Alloc=std::allocator<char>
          ]
          D:\Projects\Refine\Comm\Grpc\refine-grpc\third_party\abseil-cpp\absl\container\internal\container_memory.h(98,30):
          コンパイル対象の クラス テンプレート インスタンス化 'absl::lts_20250512::container_internal::AlignedType<8>' のリファレンスを確認してください
  
  parser.cc
D:\Projects\Refine\Comm\Grpc\refine-grpc\third_party\abseil-cpp\absl\container\internal\raw_hash_set.h(1205,26): warning C4127: 条件式が定数です。
  (ソース ファイル '../../../third_party/protobuf/src/google/protobuf/json/internal/parser.cc' をコンパイルしています)
      D:\Projects\Refine\Comm\Grpc\refine-grpc\third_party\abseil-cpp\absl\container\internal\raw_hash_set.h(1205,26):
      代わりに 'if constexpr' ステートメントの使用を検討してください
  
D:\Projects\Refine\Comm\Grpc\refine-grpc\third_party\protobuf\src\google\protobuf\micro_string.h(87,32): warning C4458: 'size' を宣言すると、クラス メンバーが隠蔽されます
  (ソース ファイル '../../../third_party/protobuf/src/google/protobuf/json/internal/parser.cc' をコンパイルしています)
      D:\Projects\Refine\Comm\Grpc\refine-grpc\third_party\protobuf\src\google\protobuf\micro_string.h(72,14):
      'google::protobuf::internal::MicroString::LargeRep::size' の宣言を確認してください
  
D:\Projects\Refine\Comm\Grpc\refine-grpc\third_party\protobuf\src\google\protobuf\micro_string.h(109,33): warning C4458: 'size' を宣言すると、クラス メンバーが隠蔽されます
  (ソース ファイル '../../../third_party/protobuf/src/google/protobuf/json/internal/parser.cc' をコンパイルしています)
      D:\Projects\Refine\Comm\Grpc\refine-grpc\third_party\protobuf\src\google\protobuf\micro_string.h(102,13):
      'google::protobuf::internal::MicroString::MicroRep::size' の宣言を確認してください
  
D:\Projects\Refine\Comm\Grpc\refine-grpc\third_party\protobuf\src\google\protobuf\repeated_field.h(140,12): warning C4201: 非標準の拡張機能が使用されています: 無名の構造体または共用体です。
  (ソース ファイル '../../../third_party/protobuf/src/google/protobuf/json/internal/parser.cc' をコンパイルしています)
      D:\Projects\Refine\Comm\Grpc\refine-grpc\third_party\protobuf\src\google\protobuf\repeated_field.h(140,12):
      テンプレートインスタンス化コンテキスト (最初に最も古いもの) は
          D:\Projects\Refine\Comm\Grpc\refine-grpc\third_party\protobuf\src\google\protobuf\repeated_field.h(123,18):
          クラス テンプレート 'google::protobuf::internal::HeapRep' のコンパイル中
  
D:\Projects\Refine\Comm\Grpc\refine-grpc\third_party\protobuf\src\google\protobuf\repeated_field.h(154,1): warning C4324: 'google::protobuf::internal::HeapRep<16>': アラインメント指定子のために構造体がパッドされました
  (ソース ファイル '../../../third_party/protobuf/src/google/protobuf/json/internal/parser.cc' をコンパイルしています)
  
D:\Projects\Refine\Comm\Grpc\refine-grpc\third_party\protobuf\src\google\protobuf\repeated_field.h(154,1): warning C4324: 'google::protobuf::internal::HeapRep<8>': アラインメント指定子のために構造体がパッドされました
  (ソース ファイル '../../../third_party/protobuf/src/google/protobuf/json/internal/parser.cc' をコンパイルしています)
  
D:\Projects\Refine\Comm\Grpc\refine-grpc\third_party\abseil-cpp\absl\cleanup\internal\cleanup.h(91,1): warning C4324: 'absl::lts_20250512::cleanup_internal::Storage<Callback>': アラインメント指定子のために構造体がパッドされました
D:\Projects\Refine\Comm\Grpc\refine-grpc\third_party\abseil-cpp\absl\cleanup\internal\cleanup.h(91,1): warning C4324:         with
D:\Projects\Refine\Comm\Grpc\refine-grpc\third_party\abseil-cpp\absl\cleanup\internal\cleanup.h(91,1): warning C4324:         [
D:\Projects\Refine\Comm\Grpc\refine-grpc\third_party\abseil-cpp\absl\cleanup\internal\cleanup.h(91,1): warning C4324:             Callback=google::protobuf::json_internal::MessagePath::Push::<lambda_1>
D:\Projects\Refine\Comm\Grpc\refine-grpc\third_party\abseil-cpp\absl\cleanup\internal\cleanup.h(91,1): warning C4324:         ]
  (ソース ファイル '../../../third_party/protobuf/src/google/protobuf/json/internal/parser.cc' をコンパイルしています)
      D:\Projects\Refine\Comm\Grpc\refine-grpc\third_party\abseil-cpp\absl\cleanup\internal\cleanup.h(91,1):
      テンプレートインスタンス化コンテキスト (最初に最も古いもの) は
          D:\Projects\Refine\Comm\Grpc\refine-grpc\third_party\protobuf\src\google\protobuf\json\internal\message_path.h(37,18):
          コンパイル対象の クラス テンプレート インスタンス化 'absl::lts_20250512::Cleanup<absl::lts_20250512::cleanup_internal::Tag,google::protobuf::json_internal::MessagePath::Push::<lambda_1>>' のリファレンスを確認してください
          D:\Projects\Refine\Comm\Grpc\refine-grpc\third_party\abseil-cpp\absl\cleanup\cleanup.h(112,39):
          コンパイル対象の クラス テンプレート インスタンス化 'absl::lts_20250512::cleanup_internal::Storage<Callback>' のリファレンスを確認してください
          with
          [
              Callback=google::protobuf::json_internal::MessagePath::Push::<lambda_1>
          ]
  
D:\Projects\Refine\Comm\Grpc\refine-grpc\third_party\abseil-cpp\absl\container\internal\common.h(157,1): warning C4324: 'absl::lts_20250512::container_internal::node_handle_base<PolicyTraits,Alloc>': アラインメント指定子のために構造体がパッドされました
D:\Projects\Refine\Comm\Grpc\refine-grpc\third_party\abseil-cpp\absl\container\internal\common.h(157,1): warning C4324:         with
D:\Projects\Refine\Comm\Grpc\refine-grpc\third_party\abseil-cpp\absl\container\internal\common.h(157,1): warning C4324:         [
D:\Projects\Refine\Comm\Grpc\refine-grpc\third_party\abseil-cpp\absl\container\internal\common.h(157,1): warning C4324:             PolicyTraits=absl::lts_20250512::container_internal::hash_policy_traits<absl::lts_20250512::container_internal::FlatHashSetPolicy<int>,void>,
D:\Projects\Refine\Comm\Grpc\refine-grpc\third_party\abseil-cpp\absl\container\internal\common.h(157,1): warning C4324:             Alloc=std::allocator<int>
D:\Projects\Refine\Comm\Grpc\refine-grpc\third_party\abseil-cpp\absl\container\internal\common.h(157,1): warning C4324:         ]
  (ソース ファイル '../../../third_party/protobuf/src/google/protobuf/json/internal/parser.cc' をコンパイルしています)
      D:\Projects\Refine\Comm\Grpc\refine-grpc\third_party\abseil-cpp\absl\container\internal\common.h(157,1):
      テンプレートインスタンス化コンテキスト (最初に最も古いもの) は
          D:\Projects\Refine\Comm\Grpc\refine-grpc\third_party\protobuf\src\google\protobuf\json\internal\parser_traits.h(89,56):
          コンパイル対象の クラス テンプレート インスタンス化 'absl::lts_20250512::container_internal::node_handle<Policy,absl::lts_20250512::container_internal::hash_policy_traits<Policy,void>,Alloc,void>' のリファレンスを確認してください
          with
          [
              Policy=absl::lts_20250512::container_internal::FlatHashSetPolicy<int>,
              Alloc=std::allocator<int>
          ]
          D:\Projects\Refine\Comm\Grpc\refine-grpc\third_party\abseil-cpp\absl\container\internal\common.h(163,28):
          コンパイル対象の クラス テンプレート インスタンス化 'absl::lts_20250512::container_internal::node_handle_base<PolicyTraits,Alloc>' のリファレンスを確認してください
          with
          [
              PolicyTraits=absl::lts_20250512::container_internal::hash_policy_traits<absl::lts_20250512::container_internal::FlatHashSetPolicy<int>,void>,
              Alloc=std::allocator<int>
          ]
  
D:\Projects\Refine\Comm\Grpc\refine-grpc\third_party\abseil-cpp\absl\strings\internal\str_format\constexpr_parser.h(257,28): warning C4127: 条件式が定数です。
  (ソース ファイル '../../../third_party/protobuf/src/google/protobuf/json/internal/parser.cc' をコンパイルしています)
      D:\Projects\Refine\Comm\Grpc\refine-grpc\third_party\abseil-cpp\absl\strings\internal\str_format\constexpr_parser.h(257,28):
      代わりに 'if constexpr' ステートメントの使用を検討してください
      D:\Projects\Refine\Comm\Grpc\refine-grpc\third_party\abseil-cpp\absl\strings\internal\str_format\constexpr_parser.h(257,28):
      テンプレートインスタンス化コンテキスト (最初に最も古いもの) は
          D:\Projects\Refine\Comm\Grpc\refine-grpc\third_party\abseil-cpp\absl\strings\internal\str_format\constexpr_parser.h(261,18):
          コンパイル対象の関数 テンプレート インスタンス化 'const char *absl::lts_20250512::str_format_internal::ConsumeConversion<true>(const char *,const char *const ,absl::lts_20250512::str_format_internal::UnboundConversion *,int *)' のリファレンスを確認してください
  
D:\Projects\Refine\Comm\Grpc\refine-grpc\third_party\abseil-cpp\absl\log\internal\check_op.h(428,1): warning C4018: '>=': signed と unsigned の数値を比較しようとしました。
  (ソース ファイル '../../../third_party/protobuf/src/google/protobuf/json/internal/parser.cc' をコンパイルしています)
      D:\Projects\Refine\Comm\Grpc\refine-grpc\third_party\abseil-cpp\absl\log\internal\check_op.h(428,1):
      テンプレートインスタンス化コンテキスト (最初に最も古いもの) は
          D:\Projects\Refine\Comm\Grpc\refine-grpc\third_party\protobuf\src\google\protobuf\micro_string.h(78,7):
          コンパイル対象の関数 テンプレート インスタンス化 'const char *absl::lts_20250512::log_internal::Check_GEImpl<unsigned int,T>(const T1 &,const T2 &,const char *)' のリファレンスを確認してください
          with
          [
              T=google::protobuf::internal::MicroString::LargeRepKind,
              T1=unsigned int,
              T2=google::protobuf::internal::MicroString::LargeRepKind
          ]
  
D:\Projects\Refine\Comm\Grpc\refine-grpc\third_party\abseil-cpp\absl\container\internal\hashtable_control_bytes.h(139,20): warning C4127: 条件式が定数です。
  (ソース ファイル '../../../third_party/protobuf/src/google/protobuf/json/internal/parser.cc' をコンパイルしています)
      D:\Projects\Refine\Comm\Grpc\refine-grpc\third_party\abseil-cpp\absl\container\internal\hashtable_control_bytes.h(139,20):
      代わりに 'if constexpr' ステートメントの使用を検討してください
      D:\Projects\Refine\Comm\Grpc\refine-grpc\third_party\abseil-cpp\absl\container\internal\hashtable_control_bytes.h(139,20):
      テンプレートインスタンス化コンテキスト (最初に最も古いもの) は
          D:\Projects\Refine\Comm\Grpc\refine-grpc\third_party\abseil-cpp\absl\container\internal\hashtable_control_bytes.h(472,23):
          コンパイル対象の クラス テンプレート インスタンス化 'absl::lts_20250512::container_internal::BitMask<uint64_t,8,3,false>' のリファレンスを確認してください
          D:\Projects\Refine\Comm\Grpc\refine-grpc\third_party\abseil-cpp\absl\container\internal\hashtable_control_bytes.h(138,3):
          クラス テンプレート メンバー関数 'absl::lts_20250512::container_internal::BitMask<uint64_t,8,3,false>::BitMask(T)' のコンパイル中
          with
          [
              T=uint64_t
          ]
              D:\Projects\Refine\Comm\Grpc\refine-grpc\third_party\abseil-cpp\absl\container\internal\hashtable_control_bytes.h(472,5):
              'absl::lts_20250512::container_internal::GroupPortableImpl::MaskFull' の 'absl::lts_20250512::container_internal::BitMask<uint64_t,8,3,false>::BitMask' への最初の参照を参照してください
  
D:\Projects\Refine\Comm\Grpc\refine-grpc\third_party\abseil-cpp\absl\container\internal\inlined_vector.h(352,62): warning C4127: 条件式が定数です。
  (ソース ファイル '../../../third_party/protobuf/src/google/protobuf/json/internal/parser.cc' をコンパイルしています)
      D:\Projects\Refine\Comm\Grpc\refine-grpc\third_party\abseil-cpp\absl\container\internal\inlined_vector.h(352,62):
      代わりに 'if constexpr' ステートメントの使用を検討してください
      D:\Projects\Refine\Comm\Grpc\refine-grpc\third_party\abseil-cpp\absl\container\internal\inlined_vector.h(352,62):
      テンプレートインスタンス化コンテキスト (最初に最も古いもの) は
          D:\Projects\Refine\Comm\Grpc\refine-grpc\third_party\abseil-cpp\absl\strings\internal\str_format\bind.h(194,41):
          コンパイル対象の クラス テンプレート インスタンス化 'absl::lts_20250512::InlinedVector<absl::lts_20250512::str_format_internal::FormatArgImpl,4,std::allocator<T>>' のリファレンスを確認してください
          with
          [
              T=absl::lts_20250512::str_format_internal::FormatArgImpl
          ]
          D:\Projects\Refine\Comm\Grpc\refine-grpc\third_party\abseil-cpp\absl\container\inlined_vector.h(101,42):
          コンパイル対象の クラス テンプレート インスタンス化 'absl::lts_20250512::inlined_vector_internal::Storage<T,4,A>' のリファレンスを確認してください
          with
          [
              T=absl::lts_20250512::str_format_internal::FormatArgImpl,
              A=std::allocator<absl::lts_20250512::str_format_internal::FormatArgImpl>
          ]
          D:\Projects\Refine\Comm\Grpc\refine-grpc\third_party\abseil-cpp\absl\container\internal\inlined_vector.h(343,4):
          クラス テンプレート メンバー関数 'absl::lts_20250512::inlined_vector_internal::Storage<T,4,A>::~Storage(void)' のコンパイル中
          with
          [
              T=absl::lts_20250512::str_format_internal::FormatArgImpl,
              A=std::allocator<absl::lts_20250512::str_format_internal::FormatArgImpl>
          ]
              D:\Projects\Refine\Comm\Grpc\refine-grpc\third_party\abseil-cpp\absl\container\inlined_vector.h(162,17):
              'absl::lts_20250512::InlinedVector<absl::lts_20250512::str_format_internal::FormatArgImpl,4,std::allocator<T>>::InlinedVector' の 'absl::lts_20250512::inlined_vector_internal::Storage<T,4,A>::~Storage' への最初の参照を参照してください
          with
          [
              T=absl::lts_20250512::str_format_internal::FormatArgImpl
          ]
              D:\Projects\Refine\Comm\Grpc\refine-grpc\third_party\abseil-cpp\absl\strings\internal\str_format\bind.h(184,31):
              'absl::lts_20250512::str_format_internal::Streamable::Streamable' の 'absl::lts_20250512::InlinedVector<absl::lts_20250512::str_format_internal::FormatArgImpl,4,std::allocator<T>>::InlinedVector' への最初の参照を参照してください
          with
          [
              T=absl::lts_20250512::str_format_internal::FormatArgImpl
          ]
  
D:\Projects\Refine\Comm\Grpc\refine-grpc\third_party\abseil-cpp\absl\container\internal\hashtable_control_bytes.h(149,20): warning C4127: 条件式が定数です。
  (ソース ファイル '../../../third_party/protobuf/src/google/protobuf/json/internal/parser.cc' をコンパイルしています)
      D:\Projects\Refine\Comm\Grpc\refine-grpc\third_party\abseil-cpp\absl\container\internal\hashtable_control_bytes.h(149,20):
      代わりに 'if constexpr' ステートメントの使用を検討してください
      D:\Projects\Refine\Comm\Grpc\refine-grpc\third_party\abseil-cpp\absl\container\internal\hashtable_control_bytes.h(149,20):
      テンプレートインスタンス化コンテキスト (最初に最も古いもの) は
          D:\Projects\Refine\Comm\Grpc\refine-grpc\third_party\abseil-cpp\absl\container\internal\hashtable_control_bytes.h(148,12):
          クラス テンプレート メンバー関数 'absl::lts_20250512::container_internal::BitMask<uint16_t,16,0,false> &absl::lts_20250512::container_internal::BitMask<uint16_t,16,0,false>::operator ++(void)' のコンパイル中
              D:\Projects\Refine\Comm\Grpc\refine-grpc\third_party\abseil-cpp\absl\container\internal\raw_hash_set.h(3054,32):
              'absl::lts_20250512::container_internal::raw_hash_set<Policy,Hash,Eq,Alloc>::find_large' の 'absl::lts_20250512::container_internal::BitMask<uint16_t,16,0,false>::operator ++' への最初の参照を参照してください
          with
          [
              Policy=absl::lts_20250512::container_internal::FlatHashMapPolicy<int32_t,std::unique_ptr<google::protobuf::json_internal::UntypedMessage::Value,std::default_delete<google::protobuf::json_internal::UntypedMessage::Value>>>,
              Hash=absl::lts_20250512::hash_internal::Hash<int32_t>,
              Eq=std::equal_to<int32_t>,
              Alloc=std::allocator<std::pair<const int32_t,std::unique_ptr<google::protobuf::json_internal::UntypedMessage::Value,std::default_delete<google::protobuf::json_internal::UntypedMessage::Value>>>>
          ]
              D:\Projects\Refine\Comm\Grpc\refine-grpc\third_party\abseil-cpp\absl\container\internal\raw_hash_set.h(2856,5):
              'absl::lts_20250512::container_internal::raw_hash_set<Policy,Hash,Eq,Alloc>::find' の 'absl::lts_20250512::container_internal::raw_hash_set<Policy,Hash,Eq,Alloc>::find_large' への最初の参照を参照してください
          with
          [
              Policy=absl::lts_20250512::container_internal::FlatHashMapPolicy<int32_t,std::unique_ptr<google::protobuf::json_internal::UntypedMessage::Value,std::default_delete<google::protobuf::json_internal::UntypedMessage::Value>>>,
              Hash=absl::lts_20250512::hash_internal::Hash<int32_t>,
              Eq=std::equal_to<int32_t>,
              Alloc=std::allocator<std::pair<const int32_t,std::unique_ptr<google::protobuf::json_internal::UntypedMessage::Value,std::default_delete<google::protobuf::json_internal::UntypedMessage::Value>>>>
          ]
              D:\Projects\Refine\Comm\Grpc\refine-grpc\third_party\abseil-cpp\absl\container\internal\raw_hash_set.h(2868,5):
              'absl::lts_20250512::container_internal::raw_hash_set<Policy,Hash,Eq,Alloc>::find' の 'absl::lts_20250512::container_internal::raw_hash_set<Policy,Hash,Eq,Alloc>::find' への最初の参照を参照してください
          with
          [
              Policy=absl::lts_20250512::container_internal::FlatHashMapPolicy<int32_t,std::unique_ptr<google::protobuf::json_internal::UntypedMessage::Value,std::default_delete<google::protobuf::json_internal::UntypedMessage::Value>>>,
              Hash=absl::lts_20250512::hash_internal::Hash<int32_t>,
              Eq=std::equal_to<int32_t>,
              Alloc=std::allocator<std::pair<const int32_t,std::unique_ptr<google::protobuf::json_internal::UntypedMessage::Value,std::default_delete<google::protobuf::json_internal::UntypedMessage::Value>>>>
          ]
              D:\Projects\Refine\Comm\Grpc\refine-grpc\third_party\protobuf\src\google\protobuf\json\internal\untyped_message.h(178,23):
              'google::protobuf::json_internal::UntypedMessage::Count' の 'absl::lts_20250512::container_internal::raw_hash_set<Policy,Hash,Eq,Alloc>::find' への最初の参照を参照してください
          with
          [
              Policy=absl::lts_20250512::container_internal::FlatHashMapPolicy<int32_t,std::unique_ptr<google::protobuf::json_internal::UntypedMessage::Value,std::default_delete<google::protobuf::json_internal::UntypedMessage::Value>>>,
              Hash=absl::lts_20250512::hash_internal::Hash<int32_t>,
              Eq=std::equal_to<int32_t>,
              Alloc=std::allocator<std::pair<const int32_t,std::unique_ptr<google::protobuf::json_internal::UntypedMessage::Value,std::default_delete<google::protobuf::json_internal::UntypedMessage::Value>>>>
          ]
  
D:\Projects\Refine\Comm\Grpc\refine-grpc\third_party\abseil-cpp\absl\container\internal\container_memory.h(46,1): warning C4324: 'absl::lts_20250512::container_internal::AlignedType<8>': アラインメント指定子のために構造体がパッドされました
  (ソース ファイル '../../../third_party/protobuf/src/google/protobuf/json/internal/parser.cc' をコンパイルしています)
      D:\Projects\Refine\Comm\Grpc\refine-grpc\third_party\abseil-cpp\absl\container\internal\container_memory.h(46,1):
      テンプレートインスタンス化コンテキスト (最初に最も古いもの) は
          D:\Projects\Refine\Comm\Grpc\refine-grpc\third_party\protobuf\src\google\protobuf\json\internal\parser_traits.h(64,30):
          コンパイル対象の クラス テンプレート インスタンス化 'absl::lts_20250512::flat_hash_set<int,absl::lts_20250512::hash_internal::Hash<T>,std::equal_to<T>,std::allocator<int>>' のリファレンスを確認してください
          with
          [
              T=int32_t
          ]
          D:\Projects\Refine\Comm\Grpc\refine-grpc\third_party\abseil-cpp\absl\container\flat_hash_set.h(131,40):
          コンパイル対象の クラス テンプレート インスタンス化 'absl::lts_20250512::container_internal::raw_hash_set<absl::lts_20250512::container_internal::FlatHashSetPolicy<T>,Hash,Eq,Allocator>' のリファレンスを確認してください
          with
          [
              T=int,
              Hash=absl::lts_20250512::hash_internal::Hash<int32_t>,
              Eq=std::equal_to<int32_t>,
              Allocator=std::allocator<int>
          ]
          D:\Projects\Refine\Comm\Grpc\refine-grpc\third_party\abseil-cpp\absl\container\internal\raw_hash_set.h(3097,8):
          クラス テンプレート メンバー関数 'void absl::lts_20250512::container_internal::raw_hash_set<absl::lts_20250512::container_internal::FlatHashSetPolicy<T>,Hash,Eq,Allocator>::dealloc(void)' のコンパイル中
          with
          [
              T=int,
              Hash=absl::lts_20250512::hash_internal::Hash<int32_t>,
              Eq=std::equal_to<int32_t>,
              Allocator=std::allocator<int>
          ]
              D:\Projects\Refine\Comm\Grpc\refine-grpc\third_party\abseil-cpp\absl\container\internal\raw_hash_set.h(3121,12):
              'absl::lts_20250512::container_internal::raw_hash_set<absl::lts_20250512::container_internal::FlatHashSetPolicy<T>,Hash,Eq,Allocator>::destructor_impl' の 'absl::lts_20250512::container_internal::raw_hash_set<absl::lts_20250512::container_internal::FlatHashSetPolicy<T>,Hash,Eq,Allocator>::dealloc' への最初の参照を参照してください
          with
          [
              T=int,
              Hash=absl::lts_20250512::hash_internal::Hash<int32_t>,
              Eq=std::equal_to<int32_t>,
              Allocator=std::allocator<int>
          ]
              D:\Projects\Refine\Comm\Grpc\refine-grpc\third_party\abseil-cpp\absl\container\internal\raw_hash_set.h(2360,20):
              'absl::lts_20250512::container_internal::raw_hash_set<absl::lts_20250512::container_internal::FlatHashSetPolicy<T>,Hash,Eq,Allocator>::~raw_hash_set' の 'absl::lts_20250512::container_internal::raw_hash_set<absl::lts_20250512::container_internal::FlatHashSetPolicy<T>,Hash,Eq,Allocator>::destructor_impl' への最初の参照を参照してください
          with
          [
              T=int,
              Hash=absl::lts_20250512::hash_internal::Hash<int32_t>,
              Eq=std::equal_to<int32_t>,
              Allocator=std::allocator<int>
          ]
              D:\Projects\Refine\Comm\Grpc\refine-grpc\third_party\abseil-cpp\absl\container\flat_hash_set.h(473,1):
              'absl::lts_20250512::flat_hash_set<int,absl::lts_20250512::hash_internal::Hash<T>,std::equal_to<T>,std::allocator<int>>::~flat_hash_set' の 'absl::lts_20250512::container_internal::raw_hash_set<absl::lts_20250512::container_internal::FlatHashSetPolicy<T>,Hash,Eq,Allocator>::~raw_hash_set' への最初の参照を参照してください
          with
          [
              T=int32_t
          ]
          and
          [
              T=int,
              Hash=absl::lts_20250512::hash_internal::Hash<int32_t>,
              Eq=std::equal_to<int32_t>,
              Allocator=std::allocator<int>
          ]
          D:\Projects\Refine\Comm\Grpc\refine-grpc\third_party\abseil-cpp\absl\container\internal\raw_hash_set.h(3102,5):
          コンパイル対象の関数 テンプレート インスタンス化 'void absl::lts_20250512::container_internal::DeallocateBackingArray<8,std::allocator<char>>(void *,size_t,absl::lts_20250512::container_internal::ctrl_t *,size_t,size_t,bool)' のリファレンスを確認してください
          D:\Projects\Refine\Comm\Grpc\refine-grpc\third_party\abseil-cpp\absl\container\internal\raw_hash_set.h(1630,3):
          コンパイル対象の関数 テンプレート インスタンス化 'void absl::lts_20250512::container_internal::Deallocate<8,std::allocator<char>>(Alloc *,void *,size_t)' のリファレンスを確認してください
          with
          [
              Alloc=std::allocator<char>
          ]
          D:\Projects\Refine\Comm\Grpc\refine-grpc\third_party\abseil-cpp\absl\container\internal\container_memory.h(98,30):
          コンパイル対象の クラス テンプレート インスタンス化 'absl::lts_20250512::container_internal::AlignedType<8>' のリファレンスを確認してください
  
  libprotobuf.vcxproj -> D:\Projects\Refine\Comm\Grpc\refine-grpc\vs_proj\third_party\protobuf\NN_Debug\x64\libprotobufd_d_nx.lib
