  Building Custom Rule D:/Projects/Refine/Comm/Grpc/refine-grpc/third_party/abseil-cpp/absl/log/CMakeLists.txt
  die_if_null.cc
D:\Projects\Refine\Comm\Grpc\refine-grpc\third_party\abseil-cpp\absl\log\internal\conditions.h(1,1): warning C4828: オフセット 0x592 から始まる、現在のソースの文字セット (コードページ 65001) では使用できない文字がファイルに含まれています。
  (ソース ファイル '../../../../../third_party/abseil-cpp/absl/log/die_if_null.cc' をコンパイルしています)
  
D:\Projects\Refine\Comm\Grpc\refine-grpc\third_party\abseil-cpp\absl\log\internal\conditions.h(1,1): warning C4828: オフセット 0x596 から始まる、現在のソースの文字セット (コードページ 65001) では使用できない文字がファイルに含まれています。
  (ソース ファイル '../../../../../third_party/abseil-cpp/absl/log/die_if_null.cc' をコンパイルしています)
  
D:\Projects\Refine\Comm\Grpc\refine-grpc\third_party\abseil-cpp\absl\log\internal\conditions.h(1,1): warning C4828: オフセット 0x598 から始まる、現在のソースの文字セット (コードページ 65001) では使用できない文字がファイルに含まれています。
  (ソース ファイル '../../../../../third_party/abseil-cpp/absl/log/die_if_null.cc' をコンパイルしています)
  
D:\Projects\Refine\Comm\Grpc\refine-grpc\third_party\abseil-cpp\absl\log\internal\conditions.h(1,1): warning C4828: オフセット 0x59a から始まる、現在のソースの文字セット (コードページ 65001) では使用できない文字がファイルに含まれています。
  (ソース ファイル '../../../../../third_party/abseil-cpp/absl/log/die_if_null.cc' をコンパイルしています)
  
D:\Projects\Refine\Comm\Grpc\refine-grpc\third_party\abseil-cpp\absl\log\internal\conditions.h(1,1): warning C4828: オフセット 0x59b から始まる、現在のソースの文字セット (コードページ 65001) では使用できない文字がファイルに含まれています。
  (ソース ファイル '../../../../../third_party/abseil-cpp/absl/log/die_if_null.cc' をコンパイルしています)
  
D:\Projects\Refine\Comm\Grpc\refine-grpc\third_party\abseil-cpp\absl\log\internal\conditions.h(1,1): warning C4828: オフセット 0x59c から始まる、現在のソースの文字セット (コードページ 65001) では使用できない文字がファイルに含まれています。
  (ソース ファイル '../../../../../third_party/abseil-cpp/absl/log/die_if_null.cc' をコンパイルしています)
  
D:\Projects\Refine\Comm\Grpc\refine-grpc\third_party\abseil-cpp\absl\log\internal\conditions.h(1,1): warning C4828: オフセット 0x59d から始まる、現在のソースの文字セット (コードページ 65001) では使用できない文字がファイルに含まれています。
  (ソース ファイル '../../../../../third_party/abseil-cpp/absl/log/die_if_null.cc' をコンパイルしています)
  
D:\Projects\Refine\Comm\Grpc\refine-grpc\third_party\abseil-cpp\absl\log\internal\conditions.h(43,6): warning C4273: '_exit': dll リンケージが一貫していません。
  (ソース ファイル '../../../../../third_party/abseil-cpp/absl/log/die_if_null.cc' をコンパイルしています)
      C:\Program Files (x86)\Windows Kits\10\Include\10.0.26100.0\ucrt\stdlib.h(57,48):
      '_exit' の以前の定義を確認してください
  
  die_if_null.vcxproj -> D:\Projects\Refine\Comm\Grpc\refine-grpc\vs_proj\third_party\abseil-cpp\absl\log\NN_Debug\x64\absl_die_if_null_d_nx.lib
